?   	github.com/getarcaneapp/arcane/backend/cli	[no test files]
=== RUN   TestSecretDefaultBase64
--- PASS: TestSecretDefaultBase64 (0.00s)
=== RUN   TestSecretAllFormatContainsSections
--- PASS: TestSecretAllFormatContainsSections (0.00s)
PASS
ok  	github.com/getarcaneapp/arcane/backend/cli/generate	(cached)
?   	github.com/getarcaneapp/arcane/backend/cli/upgrade	[no test files]
?   	github.com/getarcaneapp/arcane/backend/cmd	[no test files]
?   	github.com/getarcaneapp/arcane/backend/frontend	[no test files]
?   	github.com/getarcaneapp/arcane/backend/internal/api	[no test files]
?   	github.com/getarcaneapp/arcane/backend/internal/bootstrap	[no test files]
?   	github.com/getarcaneapp/arcane/backend/internal/common	[no test files]
=== RUN   TestConfig_LoadPermissions
=== RUN   TestConfig_LoadPermissions/Default_permissions
=== RUN   TestConfig_LoadPermissions/Custom_permissions
=== RUN   TestConfig_LoadPermissions/Restrictive_permissions
--- PASS: TestConfig_LoadPermissions (0.00s)
    --- PASS: TestConfig_LoadPermissions/Default_permissions (0.00s)
    --- PASS: TestConfig_LoadPermissions/Custom_permissions (0.00s)
    --- PASS: TestConfig_LoadPermissions/Restrictive_permissions (0.00s)
=== RUN   TestConfig_DockerSecretsFileSupport
=== RUN   TestConfig_DockerSecretsFileSupport/Load_sensitive_field_from__FILE_env_var
=== RUN   TestConfig_DockerSecretsFileSupport/Falls_back_to_default_when__FILE_points_to_non-existent_file
2026/01/19 19:21:17 WARN Failed to read secret from file, falling back to direct env var env_var=ENCRYPTION_KEY_FILE file_path=/nonexistent/path/to/secret error="open /nonexistent/path/to/secret: no such file or directory"
=== RUN   TestConfig_DockerSecretsFileSupport/Load_sensitive_field_from___FILE_env_var_(double_underscore)
2026/01/19 19:21:17 WARN Failed to read secret from file, falling back to direct env var env_var=ENCRYPTION_KEY_FILE file_path=/nonexistent/path/to/secret error="open /nonexistent/path/to/secret: no such file or directory"
=== RUN   TestConfig_DockerSecretsFileSupport/Direct_env_var_is_used_when_no__FILE_variant_exists
2026/01/19 19:21:17 WARN Failed to read secret from file, falling back to direct env var env_var=JWT_SECRET_FILE file_path=/var/folders/2d/pprtylkx1ps58h40kbdd24740000gn/T/TestConfig_DockerSecretsFileSupportLoad_sensitive_field_from___2023819878/001/jwt_secret error="open /var/folders/2d/pprtylkx1ps58h40kbdd24740000gn/T/TestConfig_DockerSecretsFileSupportLoad_sensitive_field_from___2023819878/001/jwt_secret: no such file or directory"
=== RUN   TestConfig_DockerSecretsFileSupport/_FILE_takes_precedence_over_direct_env_var
2026/01/19 19:21:17 WARN Failed to read secret from file, falling back to direct env var env_var=JWT_SECRET_FILE file_path=/var/folders/2d/pprtylkx1ps58h40kbdd24740000gn/T/TestConfig_DockerSecretsFileSupportLoad_sensitive_field_from___2023819878/001/jwt_secret error="open /var/folders/2d/pprtylkx1ps58h40kbdd24740000gn/T/TestConfig_DockerSecretsFileSupportLoad_sensitive_field_from___2023819878/001/jwt_secret: no such file or directory"
=== RUN   TestConfig_DockerSecretsFileSupport/__FILE_takes_precedence_over__FILE
2026/01/19 19:21:17 WARN Failed to read secret from file, falling back to direct env var env_var=ENCRYPTION_KEY_FILE file_path=/var/folders/2d/pprtylkx1ps58h40kbdd24740000gn/T/TestConfig_DockerSecretsFileSupport_FILE_takes_precedence_over_1332407177/001/encryption_key error="open /var/folders/2d/pprtylkx1ps58h40kbdd24740000gn/T/TestConfig_DockerSecretsFileSupport_FILE_takes_precedence_over_1332407177/001/encryption_key: no such file or directory"
=== RUN   TestConfig_DockerSecretsFileSupport/Non-sensitive_fields_do_not_support__FILE_suffix
2026/01/19 19:21:17 WARN Failed to read secret from file, falling back to direct env var env_var=JWT_SECRET_FILE file_path=/var/folders/2d/pprtylkx1ps58h40kbdd24740000gn/T/TestConfig_DockerSecretsFileSupport__FILE_takes_precedence_over2445810514/001/double error="open /var/folders/2d/pprtylkx1ps58h40kbdd24740000gn/T/TestConfig_DockerSecretsFileSupport__FILE_takes_precedence_over2445810514/001/double: no such file or directory"
2026/01/19 19:21:17 WARN Failed to read secret from file, falling back to direct env var env_var=ENCRYPTION_KEY_FILE file_path=/var/folders/2d/pprtylkx1ps58h40kbdd24740000gn/T/TestConfig_DockerSecretsFileSupport_FILE_takes_precedence_over_1332407177/001/encryption_key error="open /var/folders/2d/pprtylkx1ps58h40kbdd24740000gn/T/TestConfig_DockerSecretsFileSupport_FILE_takes_precedence_over_1332407177/001/encryption_key: no such file or directory"
--- PASS: TestConfig_DockerSecretsFileSupport (0.01s)
    --- PASS: TestConfig_DockerSecretsFileSupport/Load_sensitive_field_from__FILE_env_var (0.00s)
    --- PASS: TestConfig_DockerSecretsFileSupport/Falls_back_to_default_when__FILE_points_to_non-existent_file (0.00s)
    --- PASS: TestConfig_DockerSecretsFileSupport/Load_sensitive_field_from___FILE_env_var_(double_underscore) (0.00s)
    --- PASS: TestConfig_DockerSecretsFileSupport/Direct_env_var_is_used_when_no__FILE_variant_exists (0.00s)
    --- PASS: TestConfig_DockerSecretsFileSupport/_FILE_takes_precedence_over_direct_env_var (0.00s)
    --- PASS: TestConfig_DockerSecretsFileSupport/__FILE_takes_precedence_over__FILE (0.00s)
    --- PASS: TestConfig_DockerSecretsFileSupport/Non-sensitive_fields_do_not_support__FILE_suffix (0.00s)
=== RUN   TestConfig_OptionsToLower
=== RUN   TestConfig_OptionsToLower/LogLevel_is_converted_to_lowercase
=== RUN   TestConfig_OptionsToLower/LogLevel_mixed_case_is_converted_to_lowercase
--- PASS: TestConfig_OptionsToLower (0.00s)
    --- PASS: TestConfig_OptionsToLower/LogLevel_is_converted_to_lowercase (0.00s)
    --- PASS: TestConfig_OptionsToLower/LogLevel_mixed_case_is_converted_to_lowercase (0.00s)
PASS
ok  	github.com/getarcaneapp/arcane/backend/internal/config	(cached)
?   	github.com/getarcaneapp/arcane/backend/internal/database	[no test files]
?   	github.com/getarcaneapp/arcane/backend/internal/huma	[no test files]
# github.com/getarcaneapp/arcane/backend/internal/huma/handlers.test
ld: warning: '/private/var/folders/2d/pprtylkx1ps58h40kbdd24740000gn/T/go-link-1185660550/000026.o' has malformed LC_DYSYMTAB, expected 98 undefined symbols to start at index 1626, found 95 undefined symbols starting at index 1626
# github.com/getarcaneapp/arcane/backend/internal/services.test
ld: warning: '/private/var/folders/2d/pprtylkx1ps58h40kbdd24740000gn/T/go-link-1353127386/000026.o' has malformed LC_DYSYMTAB, expected 98 undefined symbols to start at index 1626, found 95 undefined symbols starting at index 1626
=== RUN   TestProjectsDirectoryValidation
=== RUN   TestProjectsDirectoryValidation/valid_absolute_path
=== RUN   TestProjectsDirectoryValidation/valid_absolute_path_root
=== RUN   TestProjectsDirectoryValidation/invalid_relative_path
=== RUN   TestProjectsDirectoryValidation/invalid_relative_path_with_dot
=== RUN   TestProjectsDirectoryValidation/invalid_relative_path_parent
=== RUN   TestProjectsDirectoryValidation/valid_mapping_format
=== RUN   TestProjectsDirectoryValidation/valid_Windows_drive_path
=== RUN   TestProjectsDirectoryValidation/valid_Windows_drive_path_backslashes
=== RUN   TestProjectsDirectoryValidation/valid_mapping_with_Windows_backslashes
=== RUN   TestProjectsDirectoryValidation/valid_mapping_with_Windows_container_path
=== RUN   TestProjectsDirectoryValidation/invalid_single_colon_not_Windows
--- PASS: TestProjectsDirectoryValidation (0.00s)
    --- PASS: TestProjectsDirectoryValidation/valid_absolute_path (0.00s)
    --- PASS: TestProjectsDirectoryValidation/valid_absolute_path_root (0.00s)
    --- PASS: TestProjectsDirectoryValidation/invalid_relative_path (0.00s)
    --- PASS: TestProjectsDirectoryValidation/invalid_relative_path_with_dot (0.00s)
    --- PASS: TestProjectsDirectoryValidation/invalid_relative_path_parent (0.00s)
    --- PASS: TestProjectsDirectoryValidation/valid_mapping_format (0.00s)
    --- PASS: TestProjectsDirectoryValidation/valid_Windows_drive_path (0.00s)
    --- PASS: TestProjectsDirectoryValidation/valid_Windows_drive_path_backslashes (0.00s)
    --- PASS: TestProjectsDirectoryValidation/valid_mapping_with_Windows_backslashes (0.00s)
    --- PASS: TestProjectsDirectoryValidation/valid_mapping_with_Windows_container_path (0.00s)
    --- PASS: TestProjectsDirectoryValidation/invalid_single_colon_not_Windows (0.00s)
PASS
ok  	github.com/getarcaneapp/arcane/backend/internal/huma/handlers	(cached)
?   	github.com/getarcaneapp/arcane/backend/internal/huma/middleware	[no test files]
?   	github.com/getarcaneapp/arcane/backend/internal/job	[no test files]
?   	github.com/getarcaneapp/arcane/backend/internal/middleware	[no test files]
?   	github.com/getarcaneapp/arcane/backend/internal/models	[no test files]
=== RUN   TestVerifyToken_ValidClaims
--- PASS: TestVerifyToken_ValidClaims (0.01s)
=== RUN   TestVerifyToken_Expired
--- PASS: TestVerifyToken_Expired (0.01s)
=== RUN   TestVerifyToken_InvalidSubject
--- PASS: TestVerifyToken_InvalidSubject (0.00s)
=== RUN   TestVerifyToken_InvalidSignature
--- PASS: TestVerifyToken_InvalidSignature (0.00s)
=== RUN   TestVerifyToken_MissingUserID
--- PASS: TestVerifyToken_MissingUserID (0.00s)
=== RUN   TestGenerateUsernameFromEmail
--- PASS: TestGenerateUsernameFromEmail (0.00s)
=== RUN   TestPersistOidcTokens_SetsFields
--- PASS: TestPersistOidcTokens_SetsFields (0.00s)
=== RUN   TestVerifyToken_VersionMismatch
2026/01/19 19:21:24 INFO Token version mismatch detected tokenVersion=1.0.0 currentVersion=2.0.0 user=bob
--- PASS: TestVerifyToken_VersionMismatch (0.00s)
=== RUN   TestGetOidcConfigurationStatus
--- PASS: TestGetOidcConfigurationStatus (0.00s)
=== RUN   TestFindOrCreateOidcUser_MergeEnabled_EmailNotVerified_NoExistingUser_CreatesNewUser

2026/01/19 19:21:24 [31;1m/Users/kylemendell/dev/getarcaneapp/arcane/backend/internal/services/settings_service.go:610 [35;1mrecord not found
[0m[33m[0.201ms] [34;1m[rows:0][0m SELECT * FROM `settings` WHERE key = "projectsDirectory" ORDER BY `settings`.`key` LIMIT 1

2026/01/19 19:21:24 [31;1m/Users/kylemendell/dev/getarcaneapp/arcane/backend/internal/services/settings_service.go:610 [35;1mrecord not found
[0m[33m[0.178ms] [34;1m[rows:0][0m SELECT * FROM `settings` WHERE key = "diskUsagePath" ORDER BY `settings`.`key` LIMIT 1

2026/01/19 19:21:24 [31;1m/Users/kylemendell/dev/getarcaneapp/arcane/backend/internal/services/settings_service.go:610 [35;1mrecord not found
[0m[33m[0.175ms] [34;1m[rows:0][0m SELECT * FROM `settings` WHERE key = "baseServerUrl" ORDER BY `settings`.`key` LIMIT 1

2026/01/19 19:21:24 [31;1m/Users/kylemendell/dev/getarcaneapp/arcane/backend/internal/services/settings_service.go:610 [35;1mrecord not found
[0m[33m[0.173ms] [34;1m[rows:0][0m SELECT * FROM `settings` WHERE key = "enableGravatar" ORDER BY `settings`.`key` LIMIT 1

2026/01/19 19:21:24 [31;1m/Users/kylemendell/dev/getarcaneapp/arcane/backend/internal/services/settings_service.go:610 [35;1mrecord not found
[0m[33m[0.173ms] [34;1m[rows:0][0m SELECT * FROM `settings` WHERE key = "defaultShell" ORDER BY `settings`.`key` LIMIT 1

2026/01/19 19:21:24 [31;1m/Users/kylemendell/dev/getarcaneapp/arcane/backend/internal/services/settings_service.go:610 [35;1mrecord not found
[0m[33m[0.179ms] [34;1m[rows:0][0m SELECT * FROM `settings` WHERE key = "environmentHealthInterval" ORDER BY `settings`.`key` LIMIT 1

2026/01/19 19:21:24 [31;1m/Users/kylemendell/dev/getarcaneapp/arcane/backend/internal/services/settings_service.go:610 [35;1mrecord not found
[0m[33m[0.173ms] [34;1m[rows:0][0m SELECT * FROM `settings` WHERE key = "accentColor" ORDER BY `settings`.`key` LIMIT 1

2026/01/19 19:21:24 [31;1m/Users/kylemendell/dev/getarcaneapp/arcane/backend/internal/services/settings_service.go:610 [35;1mrecord not found
[0m[33m[0.172ms] [34;1m[rows:0][0m SELECT * FROM `settings` WHERE key = "autoUpdate" ORDER BY `settings`.`key` LIMIT 1

2026/01/19 19:21:24 [31;1m/Users/kylemendell/dev/getarcaneapp/arcane/backend/internal/services/settings_service.go:610 [35;1mrecord not found
[0m[33m[0.174ms] [34;1m[rows:0][0m SELECT * FROM `settings` WHERE key = "autoUpdateInterval" ORDER BY `settings`.`key` LIMIT 1

2026/01/19 19:21:24 [31;1m/Users/kylemendell/dev/getarcaneapp/arcane/backend/internal/services/settings_service.go:610 [35;1mrecord not found
[0m[33m[0.174ms] [34;1m[rows:0][0m SELECT * FROM `settings` WHERE key = "pollingEnabled" ORDER BY `settings`.`key` LIMIT 1

2026/01/19 19:21:24 [31;1m/Users/kylemendell/dev/getarcaneapp/arcane/backend/internal/services/settings_service.go:610 [35;1mrecord not found
[0m[33m[0.176ms] [34;1m[rows:0][0m SELECT * FROM `settings` WHERE key = "pollingInterval" ORDER BY `settings`.`key` LIMIT 1

2026/01/19 19:21:24 [31;1m/Users/kylemendell/dev/getarcaneapp/arcane/backend/internal/services/settings_service.go:610 [35;1mrecord not found
[0m[33m[0.176ms] [34;1m[rows:0][0m SELECT * FROM `settings` WHERE key = "eventCleanupInterval" ORDER BY `settings`.`key` LIMIT 1

2026/01/19 19:21:24 [31;1m/Users/kylemendell/dev/getarcaneapp/arcane/backend/internal/services/settings_service.go:610 [35;1mrecord not found
[0m[33m[0.173ms] [34;1m[rows:0][0m SELECT * FROM `settings` WHERE key = "analyticsHeartbeatInterval" ORDER BY `settings`.`key` LIMIT 1

2026/01/19 19:21:24 [31;1m/Users/kylemendell/dev/getarcaneapp/arcane/backend/internal/services/settings_service.go:610 [35;1mrecord not found
[0m[33m[0.209ms] [34;1m[rows:0][0m SELECT * FROM `settings` WHERE key = "autoInjectEnv" ORDER BY `settings`.`key` LIMIT 1

2026/01/19 19:21:24 [31;1m/Users/kylemendell/dev/getarcaneapp/arcane/backend/internal/services/settings_service.go:610 [35;1mrecord not found
[0m[33m[0.192ms] [34;1m[rows:0][0m SELECT * FROM `settings` WHERE key = "dockerPruneMode" ORDER BY `settings`.`key` LIMIT 1

2026/01/19 19:21:24 [31;1m/Users/kylemendell/dev/getarcaneapp/arcane/backend/internal/services/settings_service.go:610 [35;1mrecord not found
[0m[33m[0.188ms] [34;1m[rows:0][0m SELECT * FROM `settings` WHERE key = "scheduledPruneEnabled" ORDER BY `settings`.`key` LIMIT 1

2026/01/19 19:21:24 [31;1m/Users/kylemendell/dev/getarcaneapp/arcane/backend/internal/services/settings_service.go:610 [35;1mrecord not found
[0m[33m[0.186ms] [34;1m[rows:0][0m SELECT * FROM `settings` WHERE key = "scheduledPruneInterval" ORDER BY `settings`.`key` LIMIT 1

2026/01/19 19:21:24 [31;1m/Users/kylemendell/dev/getarcaneapp/arcane/backend/internal/services/settings_service.go:610 [35;1mrecord not found
[0m[33m[0.177ms] [34;1m[rows:0][0m SELECT * FROM `settings` WHERE key = "scheduledPruneContainers" ORDER BY `settings`.`key` LIMIT 1

2026/01/19 19:21:24 [31;1m/Users/kylemendell/dev/getarcaneapp/arcane/backend/internal/services/settings_service.go:610 [35;1mrecord not found
[0m[33m[0.176ms] [34;1m[rows:0][0m SELECT * FROM `settings` WHERE key = "scheduledPruneImages" ORDER BY `settings`.`key` LIMIT 1

2026/01/19 19:21:24 [31;1m/Users/kylemendell/dev/getarcaneapp/arcane/backend/internal/services/settings_service.go:610 [35;1mrecord not found
[0m[33m[0.177ms] [34;1m[rows:0][0m SELECT * FROM `settings` WHERE key = "scheduledPruneVolumes" ORDER BY `settings`.`key` LIMIT 1

2026/01/19 19:21:24 [31;1m/Users/kylemendell/dev/getarcaneapp/arcane/backend/internal/services/settings_service.go:610 [35;1mrecord not found
[0m[33m[0.175ms] [34;1m[rows:0][0m SELECT * FROM `settings` WHERE key = "scheduledPruneNetworks" ORDER BY `settings`.`key` LIMIT 1

2026/01/19 19:21:24 [31;1m/Users/kylemendell/dev/getarcaneapp/arcane/backend/internal/services/settings_service.go:610 [35;1mrecord not found
[0m[33m[0.175ms] [34;1m[rows:0][0m SELECT * FROM `settings` WHERE key = "scheduledPruneBuildCache" ORDER BY `settings`.`key` LIMIT 1

2026/01/19 19:21:24 [31;1m/Users/kylemendell/dev/getarcaneapp/arcane/backend/internal/services/settings_service.go:610 [35;1mrecord not found
[0m[33m[0.180ms] [34;1m[rows:0][0m SELECT * FROM `settings` WHERE key = "maxImageUploadSize" ORDER BY `settings`.`key` LIMIT 1

2026/01/19 19:21:24 [31;1m/Users/kylemendell/dev/getarcaneapp/arcane/backend/internal/services/settings_service.go:610 [35;1mrecord not found
[0m[33m[0.176ms] [34;1m[rows:0][0m SELECT * FROM `settings` WHERE key = "dockerHost" ORDER BY `settings`.`key` LIMIT 1

2026/01/19 19:21:24 [31;1m/Users/kylemendell/dev/getarcaneapp/arcane/backend/internal/services/settings_service.go:610 [35;1mrecord not found
[0m[33m[0.175ms] [34;1m[rows:0][0m SELECT * FROM `settings` WHERE key = "authLocalEnabled" ORDER BY `settings`.`key` LIMIT 1

2026/01/19 19:21:24 [31;1m/Users/kylemendell/dev/getarcaneapp/arcane/backend/internal/services/settings_service.go:610 [35;1mrecord not found
[0m[33m[0.175ms] [34;1m[rows:0][0m SELECT * FROM `settings` WHERE key = "authSessionTimeout" ORDER BY `settings`.`key` LIMIT 1

2026/01/19 19:21:24 [31;1m/Users/kylemendell/dev/getarcaneapp/arcane/backend/internal/services/settings_service.go:610 [35;1mrecord not found
[0m[33m[0.178ms] [34;1m[rows:0][0m SELECT * FROM `settings` WHERE key = "authPasswordPolicy" ORDER BY `settings`.`key` LIMIT 1

2026/01/19 19:21:24 [31;1m/Users/kylemendell/dev/getarcaneapp/arcane/backend/internal/services/settings_service.go:610 [35;1mrecord not found
[0m[33m[0.174ms] [34;1m[rows:0][0m SELECT * FROM `settings` WHERE key = "authOidcConfig" ORDER BY `settings`.`key` LIMIT 1

2026/01/19 19:21:24 [31;1m/Users/kylemendell/dev/getarcaneapp/arcane/backend/internal/services/settings_service.go:610 [35;1mrecord not found
[0m[33m[0.173ms] [34;1m[rows:0][0m SELECT * FROM `settings` WHERE key = "oidcEnabled" ORDER BY `settings`.`key` LIMIT 1

2026/01/19 19:21:24 [31;1m/Users/kylemendell/dev/getarcaneapp/arcane/backend/internal/services/settings_service.go:610 [35;1mrecord not found
[0m[33m[0.173ms] [34;1m[rows:0][0m SELECT * FROM `settings` WHERE key = "oidcClientId" ORDER BY `settings`.`key` LIMIT 1

2026/01/19 19:21:24 [31;1m/Users/kylemendell/dev/getarcaneapp/arcane/backend/internal/services/settings_service.go:610 [35;1mrecord not found
[0m[33m[0.176ms] [34;1m[rows:0][0m SELECT * FROM `settings` WHERE key = "oidcClientSecret" ORDER BY `settings`.`key` LIMIT 1

2026/01/19 19:21:24 [31;1m/Users/kylemendell/dev/getarcaneapp/arcane/backend/internal/services/settings_service.go:610 [35;1mrecord not found
[0m[33m[0.212ms] [34;1m[rows:0][0m SELECT * FROM `settings` WHERE key = "oidcIssuerUrl" ORDER BY `settings`.`key` LIMIT 1

2026/01/19 19:21:24 [31;1m/Users/kylemendell/dev/getarcaneapp/arcane/backend/internal/services/settings_service.go:610 [35;1mrecord not found
[0m[33m[0.182ms] [34;1m[rows:0][0m SELECT * FROM `settings` WHERE key = "oidcAuthorizationEndpoint" ORDER BY `settings`.`key` LIMIT 1

2026/01/19 19:21:24 [31;1m/Users/kylemendell/dev/getarcaneapp/arcane/backend/internal/services/settings_service.go:610 [35;1mrecord not found
[0m[33m[0.180ms] [34;1m[rows:0][0m SELECT * FROM `settings` WHERE key = "oidcTokenEndpoint" ORDER BY `settings`.`key` LIMIT 1

2026/01/19 19:21:24 [31;1m/Users/kylemendell/dev/getarcaneapp/arcane/backend/internal/services/settings_service.go:610 [35;1mrecord not found
[0m[33m[0.178ms] [34;1m[rows:0][0m SELECT * FROM `settings` WHERE key = "oidcUserinfoEndpoint" ORDER BY `settings`.`key` LIMIT 1

2026/01/19 19:21:24 [31;1m/Users/kylemendell/dev/getarcaneapp/arcane/backend/internal/services/settings_service.go:610 [35;1mrecord not found
[0m[33m[0.180ms] [34;1m[rows:0][0m SELECT * FROM `settings` WHERE key = "oidcJwksEndpoint" ORDER BY `settings`.`key` LIMIT 1

2026/01/19 19:21:24 [31;1m/Users/kylemendell/dev/getarcaneapp/arcane/backend/internal/services/settings_service.go:610 [35;1mrecord not found
[0m[33m[0.177ms] [34;1m[rows:0][0m SELECT * FROM `settings` WHERE key = "oidcDeviceAuthorizationEndpoint" ORDER BY `settings`.`key` LIMIT 1

2026/01/19 19:21:24 [31;1m/Users/kylemendell/dev/getarcaneapp/arcane/backend/internal/services/settings_service.go:610 [35;1mrecord not found
[0m[33m[0.177ms] [34;1m[rows:0][0m SELECT * FROM `settings` WHERE key = "oidcScopes" ORDER BY `settings`.`key` LIMIT 1

2026/01/19 19:21:24 [31;1m/Users/kylemendell/dev/getarcaneapp/arcane/backend/internal/services/settings_service.go:610 [35;1mrecord not found
[0m[33m[0.176ms] [34;1m[rows:0][0m SELECT * FROM `settings` WHERE key = "oidcAdminClaim" ORDER BY `settings`.`key` LIMIT 1

2026/01/19 19:21:24 [31;1m/Users/kylemendell/dev/getarcaneapp/arcane/backend/internal/services/settings_service.go:610 [35;1mrecord not found
[0m[33m[0.176ms] [34;1m[rows:0][0m SELECT * FROM `settings` WHERE key = "oidcAdminValue" ORDER BY `settings`.`key` LIMIT 1

2026/01/19 19:21:24 [31;1m/Users/kylemendell/dev/getarcaneapp/arcane/backend/internal/services/settings_service.go:610 [35;1mrecord not found
[0m[33m[0.175ms] [34;1m[rows:0][0m SELECT * FROM `settings` WHERE key = "oidcSkipTlsVerify" ORDER BY `settings`.`key` LIMIT 1

2026/01/19 19:21:24 [31;1m/Users/kylemendell/dev/getarcaneapp/arcane/backend/internal/services/settings_service.go:610 [35;1mrecord not found
[0m[33m[0.175ms] [34;1m[rows:0][0m SELECT * FROM `settings` WHERE key = "oidcAutoRedirectToProvider" ORDER BY `settings`.`key` LIMIT 1

2026/01/19 19:21:24 [31;1m/Users/kylemendell/dev/getarcaneapp/arcane/backend/internal/services/settings_service.go:610 [35;1mrecord not found
[0m[33m[0.176ms] [34;1m[rows:0][0m SELECT * FROM `settings` WHERE key = "oidcMergeAccounts" ORDER BY `settings`.`key` LIMIT 1

2026/01/19 19:21:24 [31;1m/Users/kylemendell/dev/getarcaneapp/arcane/backend/internal/services/settings_service.go:610 [35;1mrecord not found
[0m[33m[0.174ms] [34;1m[rows:0][0m SELECT * FROM `settings` WHERE key = "mobileNavigationMode" ORDER BY `settings`.`key` LIMIT 1

2026/01/19 19:21:24 [31;1m/Users/kylemendell/dev/getarcaneapp/arcane/backend/internal/services/settings_service.go:610 [35;1mrecord not found
[0m[33m[0.176ms] [34;1m[rows:0][0m SELECT * FROM `settings` WHERE key = "mobileNavigationShowLabels" ORDER BY `settings`.`key` LIMIT 1

2026/01/19 19:21:24 [31;1m/Users/kylemendell/dev/getarcaneapp/arcane/backend/internal/services/settings_service.go:610 [35;1mrecord not found
[0m[33m[0.177ms] [34;1m[rows:0][0m SELECT * FROM `settings` WHERE key = "sidebarHoverExpansion" ORDER BY `settings`.`key` LIMIT 1

2026/01/19 19:21:24 [31;1m/Users/kylemendell/dev/getarcaneapp/arcane/backend/internal/services/settings_service.go:610 [35;1mrecord not found
[0m[33m[0.175ms] [34;1m[rows:0][0m SELECT * FROM `settings` WHERE key = "notificationsCategory" ORDER BY `settings`.`key` LIMIT 1

2026/01/19 19:21:24 [31;1m/Users/kylemendell/dev/getarcaneapp/arcane/backend/internal/services/settings_service.go:610 [35;1mrecord not found
[0m[33m[0.186ms] [34;1m[rows:0][0m SELECT * FROM `settings` WHERE key = "agentToken" ORDER BY `settings`.`key` LIMIT 1

2026/01/19 19:21:24 [31;1m/Users/kylemendell/dev/getarcaneapp/arcane/backend/internal/services/settings_service.go:610 [35;1mrecord not found
[0m[33m[0.177ms] [34;1m[rows:0][0m SELECT * FROM `settings` WHERE key = "usersCategory" ORDER BY `settings`.`key` LIMIT 1

2026/01/19 19:21:24 [31;1m/Users/kylemendell/dev/getarcaneapp/arcane/backend/internal/services/settings_service.go:610 [35;1mrecord not found
[0m[33m[0.175ms] [34;1m[rows:0][0m SELECT * FROM `settings` WHERE key = "apiKeysCategory" ORDER BY `settings`.`key` LIMIT 1

2026/01/19 19:21:24 [31;1m/Users/kylemendell/dev/getarcaneapp/arcane/backend/internal/services/settings_service.go:610 [35;1mrecord not found
[0m[33m[0.241ms] [34;1m[rows:0][0m SELECT * FROM `settings` WHERE key = "dockerApiTimeout" ORDER BY `settings`.`key` LIMIT 1

2026/01/19 19:21:24 [31;1m/Users/kylemendell/dev/getarcaneapp/arcane/backend/internal/services/settings_service.go:610 [35;1mrecord not found
[0m[33m[0.176ms] [34;1m[rows:0][0m SELECT * FROM `settings` WHERE key = "dockerImagePullTimeout" ORDER BY `settings`.`key` LIMIT 1

2026/01/19 19:21:24 [31;1m/Users/kylemendell/dev/getarcaneapp/arcane/backend/internal/services/settings_service.go:610 [35;1mrecord not found
[0m[33m[0.176ms] [34;1m[rows:0][0m SELECT * FROM `settings` WHERE key = "gitOperationTimeout" ORDER BY `settings`.`key` LIMIT 1

2026/01/19 19:21:24 [31;1m/Users/kylemendell/dev/getarcaneapp/arcane/backend/internal/services/settings_service.go:610 [35;1mrecord not found
[0m[33m[0.175ms] [34;1m[rows:0][0m SELECT * FROM `settings` WHERE key = "httpClientTimeout" ORDER BY `settings`.`key` LIMIT 1

2026/01/19 19:21:24 [31;1m/Users/kylemendell/dev/getarcaneapp/arcane/backend/internal/services/settings_service.go:610 [35;1mrecord not found
[0m[33m[0.193ms] [34;1m[rows:0][0m SELECT * FROM `settings` WHERE key = "registryTimeout" ORDER BY `settings`.`key` LIMIT 1

2026/01/19 19:21:24 [31;1m/Users/kylemendell/dev/getarcaneapp/arcane/backend/internal/services/settings_service.go:610 [35;1mrecord not found
[0m[33m[0.177ms] [34;1m[rows:0][0m SELECT * FROM `settings` WHERE key = "proxyRequestTimeout" ORDER BY `settings`.`key` LIMIT 1

2026/01/19 19:21:24 [31;1m/Users/kylemendell/dev/getarcaneapp/arcane/backend/internal/services/user_service.go:170 [35;1mrecord not found
[0m[33m[0.567ms] [34;1m[rows:0][0m SELECT * FROM `users` WHERE oidc_subject_id = "sub-123" ORDER BY `users`.`id` LIMIT 1

2026/01/19 19:21:24 [31;1m/Users/kylemendell/dev/getarcaneapp/arcane/backend/internal/services/user_service.go:181 [35;1mrecord not found
[0m[33m[0.560ms] [34;1m[rows:0][0m SELECT * FROM `users` WHERE email = "new@example.com" ORDER BY `users`.`id` LIMIT 1
--- PASS: TestFindOrCreateOidcUser_MergeEnabled_EmailNotVerified_NoExistingUser_CreatesNewUser (0.03s)
=== RUN   TestFindOrCreateOidcUser_MergeEnabled_EmailNotVerified_WithExistingUser_ReturnsError

2026/01/19 19:21:24 [31;1m/Users/kylemendell/dev/getarcaneapp/arcane/backend/internal/services/settings_service.go:610 [35;1mrecord not found
[0m[33m[0.192ms] [34;1m[rows:0][0m SELECT * FROM `settings` WHERE key = "projectsDirectory" ORDER BY `settings`.`key` LIMIT 1

2026/01/19 19:21:24 [31;1m/Users/kylemendell/dev/getarcaneapp/arcane/backend/internal/services/settings_service.go:610 [35;1mrecord not found
[0m[33m[0.192ms] [34;1m[rows:0][0m SELECT * FROM `settings` WHERE key = "diskUsagePath" ORDER BY `settings`.`key` LIMIT 1

2026/01/19 19:21:24 [31;1m/Users/kylemendell/dev/getarcaneapp/arcane/backend/internal/services/settings_service.go:610 [35;1mrecord not found
[0m[33m[0.181ms] [34;1m[rows:0][0m SELECT * FROM `settings` WHERE key = "baseServerUrl" ORDER BY `settings`.`key` LIMIT 1

2026/01/19 19:21:24 [31;1m/Users/kylemendell/dev/getarcaneapp/arcane/backend/internal/services/settings_service.go:610 [35;1mrecord not found
[0m[33m[0.179ms] [34;1m[rows:0][0m SELECT * FROM `settings` WHERE key = "enableGravatar" ORDER BY `settings`.`key` LIMIT 1

2026/01/19 19:21:24 [31;1m/Users/kylemendell/dev/getarcaneapp/arcane/backend/internal/services/settings_service.go:610 [35;1mrecord not found
[0m[33m[0.179ms] [34;1m[rows:0][0m SELECT * FROM `settings` WHERE key = "defaultShell" ORDER BY `settings`.`key` LIMIT 1

2026/01/19 19:21:24 [31;1m/Users/kylemendell/dev/getarcaneapp/arcane/backend/internal/services/settings_service.go:610 [35;1mrecord not found
[0m[33m[0.177ms] [34;1m[rows:0][0m SELECT * FROM `settings` WHERE key = "environmentHealthInterval" ORDER BY `settings`.`key` LIMIT 1

2026/01/19 19:21:24 [31;1m/Users/kylemendell/dev/getarcaneapp/arcane/backend/internal/services/settings_service.go:610 [35;1mrecord not found
[0m[33m[0.177ms] [34;1m[rows:0][0m SELECT * FROM `settings` WHERE key = "accentColor" ORDER BY `settings`.`key` LIMIT 1

2026/01/19 19:21:24 [31;1m/Users/kylemendell/dev/getarcaneapp/arcane/backend/internal/services/settings_service.go:610 [35;1mrecord not found
[0m[33m[0.177ms] [34;1m[rows:0][0m SELECT * FROM `settings` WHERE key = "autoUpdate" ORDER BY `settings`.`key` LIMIT 1

2026/01/19 19:21:24 [31;1m/Users/kylemendell/dev/getarcaneapp/arcane/backend/internal/services/settings_service.go:610 [35;1mrecord not found
[0m[33m[0.179ms] [34;1m[rows:0][0m SELECT * FROM `settings` WHERE key = "autoUpdateInterval" ORDER BY `settings`.`key` LIMIT 1

2026/01/19 19:21:24 [31;1m/Users/kylemendell/dev/getarcaneapp/arcane/backend/internal/services/settings_service.go:610 [35;1mrecord not found
[0m[33m[0.178ms] [34;1m[rows:0][0m SELECT * FROM `settings` WHERE key = "pollingEnabled" ORDER BY `settings`.`key` LIMIT 1

2026/01/19 19:21:24 [31;1m/Users/kylemendell/dev/getarcaneapp/arcane/backend/internal/services/settings_service.go:610 [35;1mrecord not found
[0m[33m[0.177ms] [34;1m[rows:0][0m SELECT * FROM `settings` WHERE key = "pollingInterval" ORDER BY `settings`.`key` LIMIT 1

2026/01/19 19:21:24 [31;1m/Users/kylemendell/dev/getarcaneapp/arcane/backend/internal/services/settings_service.go:610 [35;1mrecord not found
[0m[33m[0.184ms] [34;1m[rows:0][0m SELECT * FROM `settings` WHERE key = "eventCleanupInterval" ORDER BY `settings`.`key` LIMIT 1

2026/01/19 19:21:24 [31;1m/Users/kylemendell/dev/getarcaneapp/arcane/backend/internal/services/settings_service.go:610 [35;1mrecord not found
[0m[33m[0.183ms] [34;1m[rows:0][0m SELECT * FROM `settings` WHERE key = "analyticsHeartbeatInterval" ORDER BY `settings`.`key` LIMIT 1

2026/01/19 19:21:24 [31;1m/Users/kylemendell/dev/getarcaneapp/arcane/backend/internal/services/settings_service.go:610 [35;1mrecord not found
[0m[33m[0.179ms] [34;1m[rows:0][0m SELECT * FROM `settings` WHERE key = "autoInjectEnv" ORDER BY `settings`.`key` LIMIT 1

2026/01/19 19:21:24 [31;1m/Users/kylemendell/dev/getarcaneapp/arcane/backend/internal/services/settings_service.go:610 [35;1mrecord not found
[0m[33m[0.178ms] [34;1m[rows:0][0m SELECT * FROM `settings` WHERE key = "dockerPruneMode" ORDER BY `settings`.`key` LIMIT 1

2026/01/19 19:21:24 [31;1m/Users/kylemendell/dev/getarcaneapp/arcane/backend/internal/services/settings_service.go:610 [35;1mrecord not found
[0m[33m[0.183ms] [34;1m[rows:0][0m SELECT * FROM `settings` WHERE key = "scheduledPruneEnabled" ORDER BY `settings`.`key` LIMIT 1

2026/01/19 19:21:24 [31;1m/Users/kylemendell/dev/getarcaneapp/arcane/backend/internal/services/settings_service.go:610 [35;1mrecord not found
[0m[33m[0.177ms] [34;1m[rows:0][0m SELECT * FROM `settings` WHERE key = "scheduledPruneInterval" ORDER BY `settings`.`key` LIMIT 1

2026/01/19 19:21:24 [31;1m/Users/kylemendell/dev/getarcaneapp/arcane/backend/internal/services/settings_service.go:610 [35;1mrecord not found
[0m[33m[0.181ms] [34;1m[rows:0][0m SELECT * FROM `settings` WHERE key = "scheduledPruneContainers" ORDER BY `settings`.`key` LIMIT 1

2026/01/19 19:21:24 [31;1m/Users/kylemendell/dev/getarcaneapp/arcane/backend/internal/services/settings_service.go:610 [35;1mrecord not found
[0m[33m[0.179ms] [34;1m[rows:0][0m SELECT * FROM `settings` WHERE key = "scheduledPruneImages" ORDER BY `settings`.`key` LIMIT 1

2026/01/19 19:21:24 [31;1m/Users/kylemendell/dev/getarcaneapp/arcane/backend/internal/services/settings_service.go:610 [35;1mrecord not found
[0m[33m[0.179ms] [34;1m[rows:0][0m SELECT * FROM `settings` WHERE key = "scheduledPruneVolumes" ORDER BY `settings`.`key` LIMIT 1

2026/01/19 19:21:24 [31;1m/Users/kylemendell/dev/getarcaneapp/arcane/backend/internal/services/settings_service.go:610 [35;1mrecord not found
[0m[33m[0.179ms] [34;1m[rows:0][0m SELECT * FROM `settings` WHERE key = "scheduledPruneNetworks" ORDER BY `settings`.`key` LIMIT 1

2026/01/19 19:21:24 [31;1m/Users/kylemendell/dev/getarcaneapp/arcane/backend/internal/services/settings_service.go:610 [35;1mrecord not found
[0m[33m[0.176ms] [34;1m[rows:0][0m SELECT * FROM `settings` WHERE key = "scheduledPruneBuildCache" ORDER BY `settings`.`key` LIMIT 1

2026/01/19 19:21:24 [31;1m/Users/kylemendell/dev/getarcaneapp/arcane/backend/internal/services/settings_service.go:610 [35;1mrecord not found
[0m[33m[0.176ms] [34;1m[rows:0][0m SELECT * FROM `settings` WHERE key = "maxImageUploadSize" ORDER BY `settings`.`key` LIMIT 1

2026/01/19 19:21:24 [31;1m/Users/kylemendell/dev/getarcaneapp/arcane/backend/internal/services/settings_service.go:610 [35;1mrecord not found
[0m[33m[0.176ms] [34;1m[rows:0][0m SELECT * FROM `settings` WHERE key = "dockerHost" ORDER BY `settings`.`key` LIMIT 1

2026/01/19 19:21:24 [31;1m/Users/kylemendell/dev/getarcaneapp/arcane/backend/internal/services/settings_service.go:610 [35;1mrecord not found
[0m[33m[0.176ms] [34;1m[rows:0][0m SELECT * FROM `settings` WHERE key = "authLocalEnabled" ORDER BY `settings`.`key` LIMIT 1

2026/01/19 19:21:24 [31;1m/Users/kylemendell/dev/getarcaneapp/arcane/backend/internal/services/settings_service.go:610 [35;1mrecord not found
[0m[33m[0.187ms] [34;1m[rows:0][0m SELECT * FROM `settings` WHERE key = "authSessionTimeout" ORDER BY `settings`.`key` LIMIT 1

2026/01/19 19:21:24 [31;1m/Users/kylemendell/dev/getarcaneapp/arcane/backend/internal/services/settings_service.go:610 [35;1mrecord not found
[0m[33m[0.179ms] [34;1m[rows:0][0m SELECT * FROM `settings` WHERE key = "authPasswordPolicy" ORDER BY `settings`.`key` LIMIT 1

2026/01/19 19:21:24 [31;1m/Users/kylemendell/dev/getarcaneapp/arcane/backend/internal/services/settings_service.go:610 [35;1mrecord not found
[0m[33m[0.176ms] [34;1m[rows:0][0m SELECT * FROM `settings` WHERE key = "authOidcConfig" ORDER BY `settings`.`key` LIMIT 1

2026/01/19 19:21:24 [31;1m/Users/kylemendell/dev/getarcaneapp/arcane/backend/internal/services/settings_service.go:610 [35;1mrecord not found
[0m[33m[0.220ms] [34;1m[rows:0][0m SELECT * FROM `settings` WHERE key = "oidcEnabled" ORDER BY `settings`.`key` LIMIT 1

2026/01/19 19:21:24 [31;1m/Users/kylemendell/dev/getarcaneapp/arcane/backend/internal/services/settings_service.go:610 [35;1mrecord not found
[0m[33m[0.179ms] [34;1m[rows:0][0m SELECT * FROM `settings` WHERE key = "oidcClientId" ORDER BY `settings`.`key` LIMIT 1

2026/01/19 19:21:24 [31;1m/Users/kylemendell/dev/getarcaneapp/arcane/backend/internal/services/settings_service.go:610 [35;1mrecord not found
[0m[33m[0.176ms] [34;1m[rows:0][0m SELECT * FROM `settings` WHERE key = "oidcClientSecret" ORDER BY `settings`.`key` LIMIT 1

2026/01/19 19:21:24 [31;1m/Users/kylemendell/dev/getarcaneapp/arcane/backend/internal/services/settings_service.go:610 [35;1mrecord not found
[0m[33m[0.175ms] [34;1m[rows:0][0m SELECT * FROM `settings` WHERE key = "oidcIssuerUrl" ORDER BY `settings`.`key` LIMIT 1

2026/01/19 19:21:24 [31;1m/Users/kylemendell/dev/getarcaneapp/arcane/backend/internal/services/settings_service.go:610 [35;1mrecord not found
[0m[33m[0.178ms] [34;1m[rows:0][0m SELECT * FROM `settings` WHERE key = "oidcAuthorizationEndpoint" ORDER BY `settings`.`key` LIMIT 1

2026/01/19 19:21:24 [31;1m/Users/kylemendell/dev/getarcaneapp/arcane/backend/internal/services/settings_service.go:610 [35;1mrecord not found
[0m[33m[0.176ms] [34;1m[rows:0][0m SELECT * FROM `settings` WHERE key = "oidcTokenEndpoint" ORDER BY `settings`.`key` LIMIT 1

2026/01/19 19:21:24 [31;1m/Users/kylemendell/dev/getarcaneapp/arcane/backend/internal/services/settings_service.go:610 [35;1mrecord not found
[0m[33m[0.175ms] [34;1m[rows:0][0m SELECT * FROM `settings` WHERE key = "oidcUserinfoEndpoint" ORDER BY `settings`.`key` LIMIT 1

2026/01/19 19:21:24 [31;1m/Users/kylemendell/dev/getarcaneapp/arcane/backend/internal/services/settings_service.go:610 [35;1mrecord not found
[0m[33m[0.174ms] [34;1m[rows:0][0m SELECT * FROM `settings` WHERE key = "oidcJwksEndpoint" ORDER BY `settings`.`key` LIMIT 1

2026/01/19 19:21:24 [31;1m/Users/kylemendell/dev/getarcaneapp/arcane/backend/internal/services/settings_service.go:610 [35;1mrecord not found
[0m[33m[0.174ms] [34;1m[rows:0][0m SELECT * FROM `settings` WHERE key = "oidcDeviceAuthorizationEndpoint" ORDER BY `settings`.`key` LIMIT 1

2026/01/19 19:21:24 [31;1m/Users/kylemendell/dev/getarcaneapp/arcane/backend/internal/services/settings_service.go:610 [35;1mrecord not found
[0m[33m[0.188ms] [34;1m[rows:0][0m SELECT * FROM `settings` WHERE key = "oidcScopes" ORDER BY `settings`.`key` LIMIT 1

2026/01/19 19:21:24 [31;1m/Users/kylemendell/dev/getarcaneapp/arcane/backend/internal/services/settings_service.go:610 [35;1mrecord not found
[0m[33m[0.174ms] [34;1m[rows:0][0m SELECT * FROM `settings` WHERE key = "oidcAdminClaim" ORDER BY `settings`.`key` LIMIT 1

2026/01/19 19:21:24 [31;1m/Users/kylemendell/dev/getarcaneapp/arcane/backend/internal/services/settings_service.go:610 [35;1mrecord not found
[0m[33m[0.174ms] [34;1m[rows:0][0m SELECT * FROM `settings` WHERE key = "oidcAdminValue" ORDER BY `settings`.`key` LIMIT 1

2026/01/19 19:21:24 [31;1m/Users/kylemendell/dev/getarcaneapp/arcane/backend/internal/services/settings_service.go:610 [35;1mrecord not found
[0m[33m[0.175ms] [34;1m[rows:0][0m SELECT * FROM `settings` WHERE key = "oidcSkipTlsVerify" ORDER BY `settings`.`key` LIMIT 1

2026/01/19 19:21:24 [31;1m/Users/kylemendell/dev/getarcaneapp/arcane/backend/internal/services/settings_service.go:610 [35;1mrecord not found
[0m[33m[0.184ms] [34;1m[rows:0][0m SELECT * FROM `settings` WHERE key = "oidcAutoRedirectToProvider" ORDER BY `settings`.`key` LIMIT 1

2026/01/19 19:21:24 [31;1m/Users/kylemendell/dev/getarcaneapp/arcane/backend/internal/services/settings_service.go:610 [35;1mrecord not found
[0m[33m[0.174ms] [34;1m[rows:0][0m SELECT * FROM `settings` WHERE key = "oidcMergeAccounts" ORDER BY `settings`.`key` LIMIT 1

2026/01/19 19:21:24 [31;1m/Users/kylemendell/dev/getarcaneapp/arcane/backend/internal/services/settings_service.go:610 [35;1mrecord not found
[0m[33m[0.173ms] [34;1m[rows:0][0m SELECT * FROM `settings` WHERE key = "mobileNavigationMode" ORDER BY `settings`.`key` LIMIT 1

2026/01/19 19:21:24 [31;1m/Users/kylemendell/dev/getarcaneapp/arcane/backend/internal/services/settings_service.go:610 [35;1mrecord not found
[0m[33m[0.174ms] [34;1m[rows:0][0m SELECT * FROM `settings` WHERE key = "mobileNavigationShowLabels" ORDER BY `settings`.`key` LIMIT 1

2026/01/19 19:21:24 [31;1m/Users/kylemendell/dev/getarcaneapp/arcane/backend/internal/services/settings_service.go:610 [35;1mrecord not found
[0m[33m[0.230ms] [34;1m[rows:0][0m SELECT * FROM `settings` WHERE key = "sidebarHoverExpansion" ORDER BY `settings`.`key` LIMIT 1

2026/01/19 19:21:24 [31;1m/Users/kylemendell/dev/getarcaneapp/arcane/backend/internal/services/settings_service.go:610 [35;1mrecord not found
[0m[33m[0.177ms] [34;1m[rows:0][0m SELECT * FROM `settings` WHERE key = "notificationsCategory" ORDER BY `settings`.`key` LIMIT 1

2026/01/19 19:21:24 [31;1m/Users/kylemendell/dev/getarcaneapp/arcane/backend/internal/services/settings_service.go:610 [35;1mrecord not found
[0m[33m[0.175ms] [34;1m[rows:0][0m SELECT * FROM `settings` WHERE key = "agentToken" ORDER BY `settings`.`key` LIMIT 1

2026/01/19 19:21:24 [31;1m/Users/kylemendell/dev/getarcaneapp/arcane/backend/internal/services/settings_service.go:610 [35;1mrecord not found
[0m[33m[0.185ms] [34;1m[rows:0][0m SELECT * FROM `settings` WHERE key = "usersCategory" ORDER BY `settings`.`key` LIMIT 1

2026/01/19 19:21:24 [31;1m/Users/kylemendell/dev/getarcaneapp/arcane/backend/internal/services/settings_service.go:610 [35;1mrecord not found
[0m[33m[0.177ms] [34;1m[rows:0][0m SELECT * FROM `settings` WHERE key = "apiKeysCategory" ORDER BY `settings`.`key` LIMIT 1

2026/01/19 19:21:24 [31;1m/Users/kylemendell/dev/getarcaneapp/arcane/backend/internal/services/settings_service.go:610 [35;1mrecord not found
[0m[33m[0.175ms] [34;1m[rows:0][0m SELECT * FROM `settings` WHERE key = "dockerApiTimeout" ORDER BY `settings`.`key` LIMIT 1

2026/01/19 19:21:24 [31;1m/Users/kylemendell/dev/getarcaneapp/arcane/backend/internal/services/settings_service.go:610 [35;1mrecord not found
[0m[33m[0.174ms] [34;1m[rows:0][0m SELECT * FROM `settings` WHERE key = "dockerImagePullTimeout" ORDER BY `settings`.`key` LIMIT 1

2026/01/19 19:21:24 [31;1m/Users/kylemendell/dev/getarcaneapp/arcane/backend/internal/services/settings_service.go:610 [35;1mrecord not found
[0m[33m[0.173ms] [34;1m[rows:0][0m SELECT * FROM `settings` WHERE key = "gitOperationTimeout" ORDER BY `settings`.`key` LIMIT 1

2026/01/19 19:21:24 [31;1m/Users/kylemendell/dev/getarcaneapp/arcane/backend/internal/services/settings_service.go:610 [35;1mrecord not found
[0m[33m[0.179ms] [34;1m[rows:0][0m SELECT * FROM `settings` WHERE key = "httpClientTimeout" ORDER BY `settings`.`key` LIMIT 1

2026/01/19 19:21:24 [31;1m/Users/kylemendell/dev/getarcaneapp/arcane/backend/internal/services/settings_service.go:610 [35;1mrecord not found
[0m[33m[0.175ms] [34;1m[rows:0][0m SELECT * FROM `settings` WHERE key = "registryTimeout" ORDER BY `settings`.`key` LIMIT 1

2026/01/19 19:21:24 [31;1m/Users/kylemendell/dev/getarcaneapp/arcane/backend/internal/services/settings_service.go:610 [35;1mrecord not found
[0m[33m[0.174ms] [34;1m[rows:0][0m SELECT * FROM `settings` WHERE key = "proxyRequestTimeout" ORDER BY `settings`.`key` LIMIT 1

2026/01/19 19:21:24 [31;1m/Users/kylemendell/dev/getarcaneapp/arcane/backend/internal/services/user_service.go:170 [35;1mrecord not found
[0m[33m[0.570ms] [34;1m[rows:0][0m SELECT * FROM `users` WHERE oidc_subject_id = "sub-merge" ORDER BY `users`.`id` LIMIT 1
--- PASS: TestFindOrCreateOidcUser_MergeEnabled_EmailNotVerified_WithExistingUser_ReturnsError (0.03s)
=== RUN   TestFindOrCreateOidcUser_MergeEnabled_EmailVerificationMissing_WithExistingUser_Merges

2026/01/19 19:21:24 [31;1m/Users/kylemendell/dev/getarcaneapp/arcane/backend/internal/services/settings_service.go:610 [35;1mrecord not found
[0m[33m[0.189ms] [34;1m[rows:0][0m SELECT * FROM `settings` WHERE key = "projectsDirectory" ORDER BY `settings`.`key` LIMIT 1

2026/01/19 19:21:24 [31;1m/Users/kylemendell/dev/getarcaneapp/arcane/backend/internal/services/settings_service.go:610 [35;1mrecord not found
[0m[33m[0.177ms] [34;1m[rows:0][0m SELECT * FROM `settings` WHERE key = "diskUsagePath" ORDER BY `settings`.`key` LIMIT 1

2026/01/19 19:21:24 [31;1m/Users/kylemendell/dev/getarcaneapp/arcane/backend/internal/services/settings_service.go:610 [35;1mrecord not found
[0m[33m[0.178ms] [34;1m[rows:0][0m SELECT * FROM `settings` WHERE key = "baseServerUrl" ORDER BY `settings`.`key` LIMIT 1

2026/01/19 19:21:24 [31;1m/Users/kylemendell/dev/getarcaneapp/arcane/backend/internal/services/settings_service.go:610 [35;1mrecord not found
[0m[33m[0.177ms] [34;1m[rows:0][0m SELECT * FROM `settings` WHERE key = "enableGravatar" ORDER BY `settings`.`key` LIMIT 1

2026/01/19 19:21:24 [31;1m/Users/kylemendell/dev/getarcaneapp/arcane/backend/internal/services/settings_service.go:610 [35;1mrecord not found
[0m[33m[0.284ms] [34;1m[rows:0][0m SELECT * FROM `settings` WHERE key = "defaultShell" ORDER BY `settings`.`key` LIMIT 1

2026/01/19 19:21:24 [31;1m/Users/kylemendell/dev/getarcaneapp/arcane/backend/internal/services/settings_service.go:610 [35;1mrecord not found
[0m[33m[0.192ms] [34;1m[rows:0][0m SELECT * FROM `settings` WHERE key = "environmentHealthInterval" ORDER BY `settings`.`key` LIMIT 1

2026/01/19 19:21:24 [31;1m/Users/kylemendell/dev/getarcaneapp/arcane/backend/internal/services/settings_service.go:610 [35;1mrecord not found
[0m[33m[0.177ms] [34;1m[rows:0][0m SELECT * FROM `settings` WHERE key = "accentColor" ORDER BY `settings`.`key` LIMIT 1

2026/01/19 19:21:24 [31;1m/Users/kylemendell/dev/getarcaneapp/arcane/backend/internal/services/settings_service.go:610 [35;1mrecord not found
[0m[33m[0.175ms] [34;1m[rows:0][0m SELECT * FROM `settings` WHERE key = "autoUpdate" ORDER BY `settings`.`key` LIMIT 1

2026/01/19 19:21:24 [31;1m/Users/kylemendell/dev/getarcaneapp/arcane/backend/internal/services/settings_service.go:610 [35;1mrecord not found
[0m[33m[0.177ms] [34;1m[rows:0][0m SELECT * FROM `settings` WHERE key = "autoUpdateInterval" ORDER BY `settings`.`key` LIMIT 1

2026/01/19 19:21:24 [31;1m/Users/kylemendell/dev/getarcaneapp/arcane/backend/internal/services/settings_service.go:610 [35;1mrecord not found
[0m[33m[0.175ms] [34;1m[rows:0][0m SELECT * FROM `settings` WHERE key = "pollingEnabled" ORDER BY `settings`.`key` LIMIT 1

2026/01/19 19:21:24 [31;1m/Users/kylemendell/dev/getarcaneapp/arcane/backend/internal/services/settings_service.go:610 [35;1mrecord not found
[0m[33m[0.174ms] [34;1m[rows:0][0m SELECT * FROM `settings` WHERE key = "pollingInterval" ORDER BY `settings`.`key` LIMIT 1

2026/01/19 19:21:24 [31;1m/Users/kylemendell/dev/getarcaneapp/arcane/backend/internal/services/settings_service.go:610 [35;1mrecord not found
[0m[33m[0.176ms] [34;1m[rows:0][0m SELECT * FROM `settings` WHERE key = "eventCleanupInterval" ORDER BY `settings`.`key` LIMIT 1

2026/01/19 19:21:24 [31;1m/Users/kylemendell/dev/getarcaneapp/arcane/backend/internal/services/settings_service.go:610 [35;1mrecord not found
[0m[33m[0.174ms] [34;1m[rows:0][0m SELECT * FROM `settings` WHERE key = "analyticsHeartbeatInterval" ORDER BY `settings`.`key` LIMIT 1

2026/01/19 19:21:24 [31;1m/Users/kylemendell/dev/getarcaneapp/arcane/backend/internal/services/settings_service.go:610 [35;1mrecord not found
[0m[33m[0.183ms] [34;1m[rows:0][0m SELECT * FROM `settings` WHERE key = "autoInjectEnv" ORDER BY `settings`.`key` LIMIT 1

2026/01/19 19:21:24 [31;1m/Users/kylemendell/dev/getarcaneapp/arcane/backend/internal/services/settings_service.go:610 [35;1mrecord not found
[0m[33m[0.176ms] [34;1m[rows:0][0m SELECT * FROM `settings` WHERE key = "dockerPruneMode" ORDER BY `settings`.`key` LIMIT 1

2026/01/19 19:21:24 [31;1m/Users/kylemendell/dev/getarcaneapp/arcane/backend/internal/services/settings_service.go:610 [35;1mrecord not found
[0m[33m[0.175ms] [34;1m[rows:0][0m SELECT * FROM `settings` WHERE key = "scheduledPruneEnabled" ORDER BY `settings`.`key` LIMIT 1

2026/01/19 19:21:24 [31;1m/Users/kylemendell/dev/getarcaneapp/arcane/backend/internal/services/settings_service.go:610 [35;1mrecord not found
[0m[33m[0.174ms] [34;1m[rows:0][0m SELECT * FROM `settings` WHERE key = "scheduledPruneInterval" ORDER BY `settings`.`key` LIMIT 1

2026/01/19 19:21:24 [31;1m/Users/kylemendell/dev/getarcaneapp/arcane/backend/internal/services/settings_service.go:610 [35;1mrecord not found
[0m[33m[0.177ms] [34;1m[rows:0][0m SELECT * FROM `settings` WHERE key = "scheduledPruneContainers" ORDER BY `settings`.`key` LIMIT 1

2026/01/19 19:21:24 [31;1m/Users/kylemendell/dev/getarcaneapp/arcane/backend/internal/services/settings_service.go:610 [35;1mrecord not found
[0m[33m[0.486ms] [34;1m[rows:0][0m SELECT * FROM `settings` WHERE key = "scheduledPruneImages" ORDER BY `settings`.`key` LIMIT 1

2026/01/19 19:21:24 [31;1m/Users/kylemendell/dev/getarcaneapp/arcane/backend/internal/services/settings_service.go:610 [35;1mrecord not found
[0m[33m[0.188ms] [34;1m[rows:0][0m SELECT * FROM `settings` WHERE key = "scheduledPruneVolumes" ORDER BY `settings`.`key` LIMIT 1

2026/01/19 19:21:24 [31;1m/Users/kylemendell/dev/getarcaneapp/arcane/backend/internal/services/settings_service.go:610 [35;1mrecord not found
[0m[33m[0.198ms] [34;1m[rows:0][0m SELECT * FROM `settings` WHERE key = "scheduledPruneNetworks" ORDER BY `settings`.`key` LIMIT 1

2026/01/19 19:21:24 [31;1m/Users/kylemendell/dev/getarcaneapp/arcane/backend/internal/services/settings_service.go:610 [35;1mrecord not found
[0m[33m[0.185ms] [34;1m[rows:0][0m SELECT * FROM `settings` WHERE key = "scheduledPruneBuildCache" ORDER BY `settings`.`key` LIMIT 1

2026/01/19 19:21:24 [31;1m/Users/kylemendell/dev/getarcaneapp/arcane/backend/internal/services/settings_service.go:610 [35;1mrecord not found
[0m[33m[0.184ms] [34;1m[rows:0][0m SELECT * FROM `settings` WHERE key = "maxImageUploadSize" ORDER BY `settings`.`key` LIMIT 1

2026/01/19 19:21:24 [31;1m/Users/kylemendell/dev/getarcaneapp/arcane/backend/internal/services/settings_service.go:610 [35;1mrecord not found
[0m[33m[0.182ms] [34;1m[rows:0][0m SELECT * FROM `settings` WHERE key = "dockerHost" ORDER BY `settings`.`key` LIMIT 1

2026/01/19 19:21:24 [31;1m/Users/kylemendell/dev/getarcaneapp/arcane/backend/internal/services/settings_service.go:610 [35;1mrecord not found
[0m[33m[0.182ms] [34;1m[rows:0][0m SELECT * FROM `settings` WHERE key = "authLocalEnabled" ORDER BY `settings`.`key` LIMIT 1

2026/01/19 19:21:24 [31;1m/Users/kylemendell/dev/getarcaneapp/arcane/backend/internal/services/settings_service.go:610 [35;1mrecord not found
[0m[33m[0.182ms] [34;1m[rows:0][0m SELECT * FROM `settings` WHERE key = "authSessionTimeout" ORDER BY `settings`.`key` LIMIT 1

2026/01/19 19:21:24 [31;1m/Users/kylemendell/dev/getarcaneapp/arcane/backend/internal/services/settings_service.go:610 [35;1mrecord not found
[0m[33m[0.206ms] [34;1m[rows:0][0m SELECT * FROM `settings` WHERE key = "authPasswordPolicy" ORDER BY `settings`.`key` LIMIT 1

2026/01/19 19:21:24 [31;1m/Users/kylemendell/dev/getarcaneapp/arcane/backend/internal/services/settings_service.go:610 [35;1mrecord not found
[0m[33m[0.199ms] [34;1m[rows:0][0m SELECT * FROM `settings` WHERE key = "authOidcConfig" ORDER BY `settings`.`key` LIMIT 1

2026/01/19 19:21:24 [31;1m/Users/kylemendell/dev/getarcaneapp/arcane/backend/internal/services/settings_service.go:610 [35;1mrecord not found
[0m[33m[0.178ms] [34;1m[rows:0][0m SELECT * FROM `settings` WHERE key = "oidcEnabled" ORDER BY `settings`.`key` LIMIT 1

2026/01/19 19:21:24 [31;1m/Users/kylemendell/dev/getarcaneapp/arcane/backend/internal/services/settings_service.go:610 [35;1mrecord not found
[0m[33m[0.178ms] [34;1m[rows:0][0m SELECT * FROM `settings` WHERE key = "oidcClientId" ORDER BY `settings`.`key` LIMIT 1

2026/01/19 19:21:24 [31;1m/Users/kylemendell/dev/getarcaneapp/arcane/backend/internal/services/settings_service.go:610 [35;1mrecord not found
[0m[33m[0.176ms] [34;1m[rows:0][0m SELECT * FROM `settings` WHERE key = "oidcClientSecret" ORDER BY `settings`.`key` LIMIT 1

2026/01/19 19:21:24 [31;1m/Users/kylemendell/dev/getarcaneapp/arcane/backend/internal/services/settings_service.go:610 [35;1mrecord not found
[0m[33m[0.175ms] [34;1m[rows:0][0m SELECT * FROM `settings` WHERE key = "oidcIssuerUrl" ORDER BY `settings`.`key` LIMIT 1

2026/01/19 19:21:24 [31;1m/Users/kylemendell/dev/getarcaneapp/arcane/backend/internal/services/settings_service.go:610 [35;1mrecord not found
[0m[33m[0.173ms] [34;1m[rows:0][0m SELECT * FROM `settings` WHERE key = "oidcAuthorizationEndpoint" ORDER BY `settings`.`key` LIMIT 1

2026/01/19 19:21:24 [31;1m/Users/kylemendell/dev/getarcaneapp/arcane/backend/internal/services/settings_service.go:610 [35;1mrecord not found
[0m[33m[0.177ms] [34;1m[rows:0][0m SELECT * FROM `settings` WHERE key = "oidcTokenEndpoint" ORDER BY `settings`.`key` LIMIT 1

2026/01/19 19:21:24 [31;1m/Users/kylemendell/dev/getarcaneapp/arcane/backend/internal/services/settings_service.go:610 [35;1mrecord not found
[0m[33m[0.177ms] [34;1m[rows:0][0m SELECT * FROM `settings` WHERE key = "oidcUserinfoEndpoint" ORDER BY `settings`.`key` LIMIT 1

2026/01/19 19:21:24 [31;1m/Users/kylemendell/dev/getarcaneapp/arcane/backend/internal/services/settings_service.go:610 [35;1mrecord not found
[0m[33m[0.175ms] [34;1m[rows:0][0m SELECT * FROM `settings` WHERE key = "oidcJwksEndpoint" ORDER BY `settings`.`key` LIMIT 1

2026/01/19 19:21:24 [31;1m/Users/kylemendell/dev/getarcaneapp/arcane/backend/internal/services/settings_service.go:610 [35;1mrecord not found
[0m[33m[0.181ms] [34;1m[rows:0][0m SELECT * FROM `settings` WHERE key = "oidcDeviceAuthorizationEndpoint" ORDER BY `settings`.`key` LIMIT 1

2026/01/19 19:21:24 [31;1m/Users/kylemendell/dev/getarcaneapp/arcane/backend/internal/services/settings_service.go:610 [35;1mrecord not found
[0m[33m[0.178ms] [34;1m[rows:0][0m SELECT * FROM `settings` WHERE key = "oidcScopes" ORDER BY `settings`.`key` LIMIT 1

2026/01/19 19:21:24 [31;1m/Users/kylemendell/dev/getarcaneapp/arcane/backend/internal/services/settings_service.go:610 [35;1mrecord not found
[0m[33m[0.176ms] [34;1m[rows:0][0m SELECT * FROM `settings` WHERE key = "oidcAdminClaim" ORDER BY `settings`.`key` LIMIT 1

2026/01/19 19:21:24 [31;1m/Users/kylemendell/dev/getarcaneapp/arcane/backend/internal/services/settings_service.go:610 [35;1mrecord not found
[0m[33m[0.175ms] [34;1m[rows:0][0m SELECT * FROM `settings` WHERE key = "oidcAdminValue" ORDER BY `settings`.`key` LIMIT 1

2026/01/19 19:21:24 [31;1m/Users/kylemendell/dev/getarcaneapp/arcane/backend/internal/services/settings_service.go:610 [35;1mrecord not found
[0m[33m[0.179ms] [34;1m[rows:0][0m SELECT * FROM `settings` WHERE key = "oidcSkipTlsVerify" ORDER BY `settings`.`key` LIMIT 1

2026/01/19 19:21:24 [31;1m/Users/kylemendell/dev/getarcaneapp/arcane/backend/internal/services/settings_service.go:610 [35;1mrecord not found
[0m[33m[0.177ms] [34;1m[rows:0][0m SELECT * FROM `settings` WHERE key = "oidcAutoRedirectToProvider" ORDER BY `settings`.`key` LIMIT 1

2026/01/19 19:21:24 [31;1m/Users/kylemendell/dev/getarcaneapp/arcane/backend/internal/services/settings_service.go:610 [35;1mrecord not found
[0m[33m[0.178ms] [34;1m[rows:0][0m SELECT * FROM `settings` WHERE key = "oidcMergeAccounts" ORDER BY `settings`.`key` LIMIT 1

2026/01/19 19:21:24 [31;1m/Users/kylemendell/dev/getarcaneapp/arcane/backend/internal/services/settings_service.go:610 [35;1mrecord not found
[0m[33m[0.177ms] [34;1m[rows:0][0m SELECT * FROM `settings` WHERE key = "mobileNavigationMode" ORDER BY `settings`.`key` LIMIT 1

2026/01/19 19:21:24 [31;1m/Users/kylemendell/dev/getarcaneapp/arcane/backend/internal/services/settings_service.go:610 [35;1mrecord not found
[0m[33m[0.176ms] [34;1m[rows:0][0m SELECT * FROM `settings` WHERE key = "mobileNavigationShowLabels" ORDER BY `settings`.`key` LIMIT 1

2026/01/19 19:21:24 [31;1m/Users/kylemendell/dev/getarcaneapp/arcane/backend/internal/services/settings_service.go:610 [35;1mrecord not found
[0m[33m[0.177ms] [34;1m[rows:0][0m SELECT * FROM `settings` WHERE key = "sidebarHoverExpansion" ORDER BY `settings`.`key` LIMIT 1

2026/01/19 19:21:24 [31;1m/Users/kylemendell/dev/getarcaneapp/arcane/backend/internal/services/settings_service.go:610 [35;1mrecord not found
[0m[33m[0.174ms] [34;1m[rows:0][0m SELECT * FROM `settings` WHERE key = "notificationsCategory" ORDER BY `settings`.`key` LIMIT 1

2026/01/19 19:21:24 [31;1m/Users/kylemendell/dev/getarcaneapp/arcane/backend/internal/services/settings_service.go:610 [35;1mrecord not found
[0m[33m[0.176ms] [34;1m[rows:0][0m SELECT * FROM `settings` WHERE key = "agentToken" ORDER BY `settings`.`key` LIMIT 1

2026/01/19 19:21:24 [31;1m/Users/kylemendell/dev/getarcaneapp/arcane/backend/internal/services/settings_service.go:610 [35;1mrecord not found
[0m[33m[0.184ms] [34;1m[rows:0][0m SELECT * FROM `settings` WHERE key = "usersCategory" ORDER BY `settings`.`key` LIMIT 1

2026/01/19 19:21:24 [31;1m/Users/kylemendell/dev/getarcaneapp/arcane/backend/internal/services/settings_service.go:610 [35;1mrecord not found
[0m[33m[0.178ms] [34;1m[rows:0][0m SELECT * FROM `settings` WHERE key = "apiKeysCategory" ORDER BY `settings`.`key` LIMIT 1

2026/01/19 19:21:24 [31;1m/Users/kylemendell/dev/getarcaneapp/arcane/backend/internal/services/settings_service.go:610 [35;1mrecord not found
[0m[33m[0.175ms] [34;1m[rows:0][0m SELECT * FROM `settings` WHERE key = "dockerApiTimeout" ORDER BY `settings`.`key` LIMIT 1

2026/01/19 19:21:24 [31;1m/Users/kylemendell/dev/getarcaneapp/arcane/backend/internal/services/settings_service.go:610 [35;1mrecord not found
[0m[33m[0.195ms] [34;1m[rows:0][0m SELECT * FROM `settings` WHERE key = "dockerImagePullTimeout" ORDER BY `settings`.`key` LIMIT 1

2026/01/19 19:21:24 [31;1m/Users/kylemendell/dev/getarcaneapp/arcane/backend/internal/services/settings_service.go:610 [35;1mrecord not found
[0m[33m[0.179ms] [34;1m[rows:0][0m SELECT * FROM `settings` WHERE key = "gitOperationTimeout" ORDER BY `settings`.`key` LIMIT 1

2026/01/19 19:21:24 [31;1m/Users/kylemendell/dev/getarcaneapp/arcane/backend/internal/services/settings_service.go:610 [35;1mrecord not found
[0m[33m[0.176ms] [34;1m[rows:0][0m SELECT * FROM `settings` WHERE key = "httpClientTimeout" ORDER BY `settings`.`key` LIMIT 1

2026/01/19 19:21:24 [31;1m/Users/kylemendell/dev/getarcaneapp/arcane/backend/internal/services/settings_service.go:610 [35;1mrecord not found
[0m[33m[0.176ms] [34;1m[rows:0][0m SELECT * FROM `settings` WHERE key = "registryTimeout" ORDER BY `settings`.`key` LIMIT 1

2026/01/19 19:21:24 [31;1m/Users/kylemendell/dev/getarcaneapp/arcane/backend/internal/services/settings_service.go:610 [35;1mrecord not found
[0m[33m[0.176ms] [34;1m[rows:0][0m SELECT * FROM `settings` WHERE key = "proxyRequestTimeout" ORDER BY `settings`.`key` LIMIT 1

2026/01/19 19:21:24 [31;1m/Users/kylemendell/dev/getarcaneapp/arcane/backend/internal/services/user_service.go:170 [35;1mrecord not found
[0m[33m[0.548ms] [34;1m[rows:0][0m SELECT * FROM `users` WHERE oidc_subject_id = "sub-merge-missing-verified" ORDER BY `users`.`id` LIMIT 1
2026/01/19 19:21:24 WARN OIDC email_verified claim missing; allowing merge email=existing@example.com subject=sub-merge-missing-verified
2026/01/19 19:21:24 INFO Merging OIDC account with existing user email=existing@example.com subject=sub-merge-missing-verified

2026/01/19 19:21:24 [31;1m/Users/kylemendell/dev/getarcaneapp/arcane/backend/internal/services/settings_service.go:281 [35;1mSQL logic error: no such table: settings (1)
[0m[33m[0.804ms] [34;1m[rows:0][0m SELECT * FROM `settings`
--- PASS: TestFindOrCreateOidcUser_MergeEnabled_EmailVerificationMissing_WithExistingUser_Merges (0.03s)
=== RUN   TestImageUpdateService_ParseImageReference
=== RUN   TestImageUpdateService_ParseImageReference/Docker_Hub_official_image_with_tag
=== RUN   TestImageUpdateService_ParseImageReference/Docker_Hub_official_image_without_tag
=== RUN   TestImageUpdateService_ParseImageReference/Docker_Hub_user_image
=== RUN   TestImageUpdateService_ParseImageReference/Custom_registry_with_port
=== RUN   TestImageUpdateService_ParseImageReference/Custom_registry_with_subdomain
=== RUN   TestImageUpdateService_ParseImageReference/GCR_image
=== RUN   TestImageUpdateService_ParseImageReference/GHCR_image
=== RUN   TestImageUpdateService_ParseImageReference/Multi-path_repository
=== RUN   TestImageUpdateService_ParseImageReference/Image_with_digest
=== RUN   TestImageUpdateService_ParseImageReference/Custom_registry_image_with_digest
--- PASS: TestImageUpdateService_ParseImageReference (0.00s)
    --- PASS: TestImageUpdateService_ParseImageReference/Docker_Hub_official_image_with_tag (0.00s)
    --- PASS: TestImageUpdateService_ParseImageReference/Docker_Hub_official_image_without_tag (0.00s)
    --- PASS: TestImageUpdateService_ParseImageReference/Docker_Hub_user_image (0.00s)
    --- PASS: TestImageUpdateService_ParseImageReference/Custom_registry_with_port (0.00s)
    --- PASS: TestImageUpdateService_ParseImageReference/Custom_registry_with_subdomain (0.00s)
    --- PASS: TestImageUpdateService_ParseImageReference/GCR_image (0.00s)
    --- PASS: TestImageUpdateService_ParseImageReference/GHCR_image (0.00s)
    --- PASS: TestImageUpdateService_ParseImageReference/Multi-path_repository (0.00s)
    --- PASS: TestImageUpdateService_ParseImageReference/Image_with_digest (0.00s)
    --- PASS: TestImageUpdateService_ParseImageReference/Custom_registry_image_with_digest (0.00s)
=== RUN   TestImageUpdateService_ParseImageReference_Fallback
=== RUN   TestImageUpdateService_ParseImageReference_Fallback/Empty_string
=== RUN   TestImageUpdateService_ParseImageReference_Fallback/Valid_reference
--- PASS: TestImageUpdateService_ParseImageReference_Fallback (0.00s)
    --- PASS: TestImageUpdateService_ParseImageReference_Fallback/Empty_string (0.00s)
    --- PASS: TestImageUpdateService_ParseImageReference_Fallback/Valid_reference (0.00s)
=== RUN   TestImageUpdateService_NormalizeRepository
=== RUN   TestImageUpdateService_NormalizeRepository/Docker_Hub_single_name_adds_library
=== RUN   TestImageUpdateService_NormalizeRepository/Docker_Hub_with_slash_unchanged
=== RUN   TestImageUpdateService_NormalizeRepository/Custom_registry_unchanged
=== RUN   TestImageUpdateService_NormalizeRepository/Custom_registry_single_name_unchanged
--- PASS: TestImageUpdateService_NormalizeRepository (0.00s)
    --- PASS: TestImageUpdateService_NormalizeRepository/Docker_Hub_single_name_adds_library (0.00s)
    --- PASS: TestImageUpdateService_NormalizeRepository/Docker_Hub_with_slash_unchanged (0.00s)
    --- PASS: TestImageUpdateService_NormalizeRepository/Custom_registry_unchanged (0.00s)
    --- PASS: TestImageUpdateService_NormalizeRepository/Custom_registry_single_name_unchanged (0.00s)
=== RUN   TestImageUpdateService_GetLocalImageDigestWithAll_Logic
=== RUN   TestImageUpdateService_GetLocalImageDigestWithAll_Logic/Multiple_digests_in_RepoDigests
--- PASS: TestImageUpdateService_GetLocalImageDigestWithAll_Logic (0.00s)
    --- PASS: TestImageUpdateService_GetLocalImageDigestWithAll_Logic/Multiple_digests_in_RepoDigests (0.00s)
=== RUN   TestImageUpdateService_DockerReferenceCompatibility
=== RUN   TestImageUpdateService_DockerReferenceCompatibility/Docker_Hub_official
=== RUN   TestImageUpdateService_DockerReferenceCompatibility/Docker_Hub_user
=== RUN   TestImageUpdateService_DockerReferenceCompatibility/Custom_registry
=== RUN   TestImageUpdateService_DockerReferenceCompatibility/With_port
=== RUN   TestImageUpdateService_DockerReferenceCompatibility/Multi-path
--- PASS: TestImageUpdateService_DockerReferenceCompatibility (0.00s)
    --- PASS: TestImageUpdateService_DockerReferenceCompatibility/Docker_Hub_official (0.00s)
    --- PASS: TestImageUpdateService_DockerReferenceCompatibility/Docker_Hub_user (0.00s)
    --- PASS: TestImageUpdateService_DockerReferenceCompatibility/Custom_registry (0.00s)
    --- PASS: TestImageUpdateService_DockerReferenceCompatibility/With_port (0.00s)
    --- PASS: TestImageUpdateService_DockerReferenceCompatibility/Multi-path (0.00s)
=== RUN   TestStringPtrToString
=== RUN   TestStringPtrToString/nil_pointer_returns_empty_string
=== RUN   TestStringPtrToString/valid_pointer_returns_value
=== RUN   TestStringPtrToString/empty_string_pointer_returns_empty_string
--- PASS: TestStringPtrToString (0.00s)
    --- PASS: TestStringPtrToString/nil_pointer_returns_empty_string (0.00s)
    --- PASS: TestStringPtrToString/valid_pointer_returns_value (0.00s)
    --- PASS: TestStringPtrToString/empty_string_pointer_returns_empty_string (0.00s)
=== RUN   TestStringToPtr
=== RUN   TestStringToPtr/empty_string_returns_nil
=== RUN   TestStringToPtr/non-empty_string_returns_pointer
--- PASS: TestStringToPtr (0.00s)
    --- PASS: TestStringToPtr/empty_string_returns_nil (0.00s)
    --- PASS: TestStringToPtr/non-empty_string_returns_pointer (0.00s)
=== RUN   TestImageUpdateService_NotificationSentLogic
=== RUN   TestImageUpdateService_NotificationSentLogic/new_record_starts_with_notification_sent=false
--- PASS: TestImageUpdateService_NotificationSentLogic (0.00s)
    --- PASS: TestImageUpdateService_NotificationSentLogic/new_record_starts_with_notification_sent=false (0.00s)
=== RUN   TestImageUpdateService_NotificationSentReset
=== RUN   TestImageUpdateService_NotificationSentReset/digest_changed_-_should_reset
=== RUN   TestImageUpdateService_NotificationSentReset/version_changed_-_should_reset
=== RUN   TestImageUpdateService_NotificationSentReset/update_state_changed_-_should_reset
=== RUN   TestImageUpdateService_NotificationSentReset/nothing_changed_-_should_keep_flag
--- PASS: TestImageUpdateService_NotificationSentReset (0.01s)
    --- PASS: TestImageUpdateService_NotificationSentReset/digest_changed_-_should_reset (0.00s)
    --- PASS: TestImageUpdateService_NotificationSentReset/version_changed_-_should_reset (0.00s)
    --- PASS: TestImageUpdateService_NotificationSentReset/update_state_changed_-_should_reset (0.00s)
    --- PASS: TestImageUpdateService_NotificationSentReset/nothing_changed_-_should_keep_flag (0.00s)
=== RUN   TestImageUpdateService_GetUnnotifiedUpdates
--- PASS: TestImageUpdateService_GetUnnotifiedUpdates (0.01s)
=== RUN   TestImageUpdateService_MarkUpdatesAsNotified
--- PASS: TestImageUpdateService_MarkUpdatesAsNotified (0.01s)
=== RUN   TestImageUpdateService_MarkUpdatesAsNotified_EmptyList
--- PASS: TestImageUpdateService_MarkUpdatesAsNotified_EmptyList (0.00s)
=== RUN   TestNotificationService_MigrateDiscordWebhookUrlToFields
2026/01/19 19:21:24 INFO Encryption initialized from explicit ENCRYPTION_KEY env=test key_length_bytes=32
2026/01/19 19:21:24 INFO Migrating legacy Discord webhookUrl to webhookId and token
2026/01/19 19:21:24 INFO Successfully migrated Discord config
--- PASS: TestNotificationService_MigrateDiscordWebhookUrlToFields (0.01s)
=== RUN   TestNotificationService_MigrateDiscordWebhookUrlToFields_SkipsIfAlreadyMigrated
2026/01/19 19:21:24 INFO Encryption initialized from explicit ENCRYPTION_KEY env=test key_length_bytes=32
--- PASS: TestNotificationService_MigrateDiscordWebhookUrlToFields_SkipsIfAlreadyMigrated (0.00s)
=== RUN   TestNotificationService_MigrateDiscordWebhookUrlToFields_NoDiscordConfig
2026/01/19 19:21:24 INFO Encryption initialized from explicit ENCRYPTION_KEY env=test key_length_bytes=32

2026/01/19 19:21:24 [31;1m/Users/kylemendell/dev/getarcaneapp/arcane/backend/internal/services/notification_service.go:1848 [35;1mrecord not found
[0m[33m[0.271ms] [34;1m[rows:0][0m SELECT * FROM `notification_settings` WHERE provider = "discord" ORDER BY `notification_settings`.`id` LIMIT 1
--- PASS: TestNotificationService_MigrateDiscordWebhookUrlToFields_NoDiscordConfig (0.00s)
=== RUN   TestNotificationService_MigrateDiscordWebhookUrlToFields_InvalidWebhookUrl
2026/01/19 19:21:24 INFO Encryption initialized from explicit ENCRYPTION_KEY env=test key_length_bytes=32
=== RUN   TestNotificationService_MigrateDiscordWebhookUrlToFields_InvalidWebhookUrl/missing_webhooks_path
2026/01/19 19:21:24 WARN Invalid Discord webhook URL format, skipping migration url=https://discord.com/api/other/123456789/abcdef
=== RUN   TestNotificationService_MigrateDiscordWebhookUrlToFields_InvalidWebhookUrl/incomplete_webhook_path
2026/01/19 19:21:24 WARN Invalid Discord webhook URL format, skipping migration url=https://discord.com/api/webhooks/123456789
=== RUN   TestNotificationService_MigrateDiscordWebhookUrlToFields_InvalidWebhookUrl/empty_webhook_url
--- PASS: TestNotificationService_MigrateDiscordWebhookUrlToFields_InvalidWebhookUrl (0.01s)
    --- PASS: TestNotificationService_MigrateDiscordWebhookUrlToFields_InvalidWebhookUrl/missing_webhooks_path (0.00s)
    --- PASS: TestNotificationService_MigrateDiscordWebhookUrlToFields_InvalidWebhookUrl/incomplete_webhook_path (0.00s)
    --- PASS: TestNotificationService_MigrateDiscordWebhookUrlToFields_InvalidWebhookUrl/empty_webhook_url (0.00s)
=== RUN   TestNotificationService_MigrateDiscordWebhookUrlToFields_EmptyConfig
2026/01/19 19:21:24 INFO Encryption initialized from explicit ENCRYPTION_KEY env=test key_length_bytes=32
--- PASS: TestNotificationService_MigrateDiscordWebhookUrlToFields_EmptyConfig (0.00s)
=== RUN   TestNotificationService_MigrateDiscordWebhookUrlToFields_PreservesAllFields
2026/01/19 19:21:24 INFO Encryption initialized from explicit ENCRYPTION_KEY env=test key_length_bytes=32
2026/01/19 19:21:24 INFO Migrating legacy Discord webhookUrl to webhookId and token
2026/01/19 19:21:24 INFO Successfully migrated Discord config
--- PASS: TestNotificationService_MigrateDiscordWebhookUrlToFields_PreservesAllFields (0.01s)
=== RUN   TestProjectService_GetProjectFromDatabaseByID

2026/01/19 19:21:24 [31;1m/Users/kylemendell/dev/getarcaneapp/arcane/backend/internal/services/project_service.go:129 [35;1mrecord not found
[0m[33m[0.310ms] [34;1m[rows:0][0m SELECT * FROM `projects` WHERE id = "non-existent" ORDER BY `projects`.`id` LIMIT 1
--- PASS: TestProjectService_GetProjectFromDatabaseByID (0.01s)
=== RUN   TestProjectService_GetServiceCounts
=== RUN   TestProjectService_GetServiceCounts/mixed_status
=== RUN   TestProjectService_GetServiceCounts/all_stopped
=== RUN   TestProjectService_GetServiceCounts/empty
--- PASS: TestProjectService_GetServiceCounts (0.00s)
    --- PASS: TestProjectService_GetServiceCounts/mixed_status (0.00s)
    --- PASS: TestProjectService_GetServiceCounts/all_stopped (0.00s)
    --- PASS: TestProjectService_GetServiceCounts/empty (0.00s)
=== RUN   TestProjectService_CalculateProjectStatus
=== RUN   TestProjectService_CalculateProjectStatus/empty
=== RUN   TestProjectService_CalculateProjectStatus/all_running
=== RUN   TestProjectService_CalculateProjectStatus/all_stopped
=== RUN   TestProjectService_CalculateProjectStatus/partial
--- PASS: TestProjectService_CalculateProjectStatus (0.00s)
    --- PASS: TestProjectService_CalculateProjectStatus/empty (0.00s)
    --- PASS: TestProjectService_CalculateProjectStatus/all_running (0.00s)
    --- PASS: TestProjectService_CalculateProjectStatus/all_stopped (0.00s)
    --- PASS: TestProjectService_CalculateProjectStatus/partial (0.00s)
=== RUN   TestProjectService_UpdateProjectStatusInternal
--- PASS: TestProjectService_UpdateProjectStatusInternal (0.00s)
=== RUN   TestProjectService_IncrementStatusCounts
--- PASS: TestProjectService_IncrementStatusCounts (0.00s)
=== RUN   TestProjectService_FormatDockerPorts
=== RUN   TestProjectService_FormatDockerPorts/public_port
=== RUN   TestProjectService_FormatDockerPorts/private_only
=== RUN   TestProjectService_FormatDockerPorts/empty
--- PASS: TestProjectService_FormatDockerPorts (0.00s)
    --- PASS: TestProjectService_FormatDockerPorts/public_port (0.00s)
    --- PASS: TestProjectService_FormatDockerPorts/private_only (0.00s)
    --- PASS: TestProjectService_FormatDockerPorts/empty (0.00s)
=== RUN   TestProjectService_NormalizeComposeProjectName
=== RUN   TestProjectService_NormalizeComposeProjectName/simple
=== RUN   TestProjectService_NormalizeComposeProjectName/with_special_chars
=== RUN   TestProjectService_NormalizeComposeProjectName/empty
--- PASS: TestProjectService_NormalizeComposeProjectName (0.00s)
    --- PASS: TestProjectService_NormalizeComposeProjectName/simple (0.00s)
    --- PASS: TestProjectService_NormalizeComposeProjectName/with_special_chars (0.00s)
    --- PASS: TestProjectService_NormalizeComposeProjectName/empty (0.00s)
=== RUN   TestSettingsService_EnsureDefaultSettings_Idempotent

2026/01/19 19:21:24 [31;1m/Users/kylemendell/dev/getarcaneapp/arcane/backend/internal/services/settings_service.go:610 [35;1mrecord not found
[0m[33m[0.218ms] [34;1m[rows:0][0m SELECT * FROM `settings` WHERE key = "projectsDirectory" ORDER BY `settings`.`key` LIMIT 1

2026/01/19 19:21:24 [31;1m/Users/kylemendell/dev/getarcaneapp/arcane/backend/internal/services/settings_service.go:610 [35;1mrecord not found
[0m[33m[0.182ms] [34;1m[rows:0][0m SELECT * FROM `settings` WHERE key = "diskUsagePath" ORDER BY `settings`.`key` LIMIT 1

2026/01/19 19:21:24 [31;1m/Users/kylemendell/dev/getarcaneapp/arcane/backend/internal/services/settings_service.go:610 [35;1mrecord not found
[0m[33m[0.183ms] [34;1m[rows:0][0m SELECT * FROM `settings` WHERE key = "baseServerUrl" ORDER BY `settings`.`key` LIMIT 1

2026/01/19 19:21:24 [31;1m/Users/kylemendell/dev/getarcaneapp/arcane/backend/internal/services/settings_service.go:610 [35;1mrecord not found
[0m[33m[0.178ms] [34;1m[rows:0][0m SELECT * FROM `settings` WHERE key = "enableGravatar" ORDER BY `settings`.`key` LIMIT 1

2026/01/19 19:21:24 [31;1m/Users/kylemendell/dev/getarcaneapp/arcane/backend/internal/services/settings_service.go:610 [35;1mrecord not found
[0m[33m[0.177ms] [34;1m[rows:0][0m SELECT * FROM `settings` WHERE key = "defaultShell" ORDER BY `settings`.`key` LIMIT 1

2026/01/19 19:21:24 [31;1m/Users/kylemendell/dev/getarcaneapp/arcane/backend/internal/services/settings_service.go:610 [35;1mrecord not found
[0m[33m[0.178ms] [34;1m[rows:0][0m SELECT * FROM `settings` WHERE key = "environmentHealthInterval" ORDER BY `settings`.`key` LIMIT 1

2026/01/19 19:21:24 [31;1m/Users/kylemendell/dev/getarcaneapp/arcane/backend/internal/services/settings_service.go:610 [35;1mrecord not found
[0m[33m[0.177ms] [34;1m[rows:0][0m SELECT * FROM `settings` WHERE key = "accentColor" ORDER BY `settings`.`key` LIMIT 1

2026/01/19 19:21:24 [31;1m/Users/kylemendell/dev/getarcaneapp/arcane/backend/internal/services/settings_service.go:610 [35;1mrecord not found
[0m[33m[0.180ms] [34;1m[rows:0][0m SELECT * FROM `settings` WHERE key = "autoUpdate" ORDER BY `settings`.`key` LIMIT 1

2026/01/19 19:21:24 [31;1m/Users/kylemendell/dev/getarcaneapp/arcane/backend/internal/services/settings_service.go:610 [35;1mrecord not found
[0m[33m[0.190ms] [34;1m[rows:0][0m SELECT * FROM `settings` WHERE key = "autoUpdateInterval" ORDER BY `settings`.`key` LIMIT 1

2026/01/19 19:21:24 [31;1m/Users/kylemendell/dev/getarcaneapp/arcane/backend/internal/services/settings_service.go:610 [35;1mrecord not found
[0m[33m[0.177ms] [34;1m[rows:0][0m SELECT * FROM `settings` WHERE key = "pollingEnabled" ORDER BY `settings`.`key` LIMIT 1

2026/01/19 19:21:24 [31;1m/Users/kylemendell/dev/getarcaneapp/arcane/backend/internal/services/settings_service.go:610 [35;1mrecord not found
[0m[33m[0.180ms] [34;1m[rows:0][0m SELECT * FROM `settings` WHERE key = "pollingInterval" ORDER BY `settings`.`key` LIMIT 1

2026/01/19 19:21:24 [31;1m/Users/kylemendell/dev/getarcaneapp/arcane/backend/internal/services/settings_service.go:610 [35;1mrecord not found
[0m[33m[0.176ms] [34;1m[rows:0][0m SELECT * FROM `settings` WHERE key = "eventCleanupInterval" ORDER BY `settings`.`key` LIMIT 1

2026/01/19 19:21:24 [31;1m/Users/kylemendell/dev/getarcaneapp/arcane/backend/internal/services/settings_service.go:610 [35;1mrecord not found
[0m[33m[0.193ms] [34;1m[rows:0][0m SELECT * FROM `settings` WHERE key = "analyticsHeartbeatInterval" ORDER BY `settings`.`key` LIMIT 1

2026/01/19 19:21:24 [31;1m/Users/kylemendell/dev/getarcaneapp/arcane/backend/internal/services/settings_service.go:610 [35;1mrecord not found
[0m[33m[0.180ms] [34;1m[rows:0][0m SELECT * FROM `settings` WHERE key = "autoInjectEnv" ORDER BY `settings`.`key` LIMIT 1

2026/01/19 19:21:24 [31;1m/Users/kylemendell/dev/getarcaneapp/arcane/backend/internal/services/settings_service.go:610 [35;1mrecord not found
[0m[33m[0.176ms] [34;1m[rows:0][0m SELECT * FROM `settings` WHERE key = "dockerPruneMode" ORDER BY `settings`.`key` LIMIT 1

2026/01/19 19:21:24 [31;1m/Users/kylemendell/dev/getarcaneapp/arcane/backend/internal/services/settings_service.go:610 [35;1mrecord not found
[0m[33m[0.174ms] [34;1m[rows:0][0m SELECT * FROM `settings` WHERE key = "scheduledPruneEnabled" ORDER BY `settings`.`key` LIMIT 1

2026/01/19 19:21:24 [31;1m/Users/kylemendell/dev/getarcaneapp/arcane/backend/internal/services/settings_service.go:610 [35;1mrecord not found
[0m[33m[0.186ms] [34;1m[rows:0][0m SELECT * FROM `settings` WHERE key = "scheduledPruneInterval" ORDER BY `settings`.`key` LIMIT 1

2026/01/19 19:21:24 [31;1m/Users/kylemendell/dev/getarcaneapp/arcane/backend/internal/services/settings_service.go:610 [35;1mrecord not found
[0m[33m[0.175ms] [34;1m[rows:0][0m SELECT * FROM `settings` WHERE key = "scheduledPruneContainers" ORDER BY `settings`.`key` LIMIT 1

2026/01/19 19:21:24 [31;1m/Users/kylemendell/dev/getarcaneapp/arcane/backend/internal/services/settings_service.go:610 [35;1mrecord not found
[0m[33m[0.178ms] [34;1m[rows:0][0m SELECT * FROM `settings` WHERE key = "scheduledPruneImages" ORDER BY `settings`.`key` LIMIT 1

2026/01/19 19:21:24 [31;1m/Users/kylemendell/dev/getarcaneapp/arcane/backend/internal/services/settings_service.go:610 [35;1mrecord not found
[0m[33m[0.174ms] [34;1m[rows:0][0m SELECT * FROM `settings` WHERE key = "scheduledPruneVolumes" ORDER BY `settings`.`key` LIMIT 1

2026/01/19 19:21:24 [31;1m/Users/kylemendell/dev/getarcaneapp/arcane/backend/internal/services/settings_service.go:610 [35;1mrecord not found
[0m[33m[0.174ms] [34;1m[rows:0][0m SELECT * FROM `settings` WHERE key = "scheduledPruneNetworks" ORDER BY `settings`.`key` LIMIT 1

2026/01/19 19:21:24 [31;1m/Users/kylemendell/dev/getarcaneapp/arcane/backend/internal/services/settings_service.go:610 [35;1mrecord not found
[0m[33m[0.174ms] [34;1m[rows:0][0m SELECT * FROM `settings` WHERE key = "scheduledPruneBuildCache" ORDER BY `settings`.`key` LIMIT 1

2026/01/19 19:21:24 [31;1m/Users/kylemendell/dev/getarcaneapp/arcane/backend/internal/services/settings_service.go:610 [35;1mrecord not found
[0m[33m[0.178ms] [34;1m[rows:0][0m SELECT * FROM `settings` WHERE key = "maxImageUploadSize" ORDER BY `settings`.`key` LIMIT 1

2026/01/19 19:21:24 [31;1m/Users/kylemendell/dev/getarcaneapp/arcane/backend/internal/services/settings_service.go:610 [35;1mrecord not found
[0m[33m[0.180ms] [34;1m[rows:0][0m SELECT * FROM `settings` WHERE key = "dockerHost" ORDER BY `settings`.`key` LIMIT 1

2026/01/19 19:21:24 [31;1m/Users/kylemendell/dev/getarcaneapp/arcane/backend/internal/services/settings_service.go:610 [35;1mrecord not found
[0m[33m[0.186ms] [34;1m[rows:0][0m SELECT * FROM `settings` WHERE key = "authLocalEnabled" ORDER BY `settings`.`key` LIMIT 1

2026/01/19 19:21:24 [31;1m/Users/kylemendell/dev/getarcaneapp/arcane/backend/internal/services/settings_service.go:610 [35;1mrecord not found
[0m[33m[0.175ms] [34;1m[rows:0][0m SELECT * FROM `settings` WHERE key = "authSessionTimeout" ORDER BY `settings`.`key` LIMIT 1

2026/01/19 19:21:24 [31;1m/Users/kylemendell/dev/getarcaneapp/arcane/backend/internal/services/settings_service.go:610 [35;1mrecord not found
[0m[33m[0.179ms] [34;1m[rows:0][0m SELECT * FROM `settings` WHERE key = "authPasswordPolicy" ORDER BY `settings`.`key` LIMIT 1

2026/01/19 19:21:24 [31;1m/Users/kylemendell/dev/getarcaneapp/arcane/backend/internal/services/settings_service.go:610 [35;1mrecord not found
[0m[33m[0.178ms] [34;1m[rows:0][0m SELECT * FROM `settings` WHERE key = "authOidcConfig" ORDER BY `settings`.`key` LIMIT 1

2026/01/19 19:21:24 [31;1m/Users/kylemendell/dev/getarcaneapp/arcane/backend/internal/services/settings_service.go:610 [35;1mrecord not found
[0m[33m[0.174ms] [34;1m[rows:0][0m SELECT * FROM `settings` WHERE key = "oidcEnabled" ORDER BY `settings`.`key` LIMIT 1

2026/01/19 19:21:24 [31;1m/Users/kylemendell/dev/getarcaneapp/arcane/backend/internal/services/settings_service.go:610 [35;1mrecord not found
[0m[33m[0.206ms] [34;1m[rows:0][0m SELECT * FROM `settings` WHERE key = "oidcClientId" ORDER BY `settings`.`key` LIMIT 1

2026/01/19 19:21:24 [31;1m/Users/kylemendell/dev/getarcaneapp/arcane/backend/internal/services/settings_service.go:610 [35;1mrecord not found
[0m[33m[0.184ms] [34;1m[rows:0][0m SELECT * FROM `settings` WHERE key = "oidcClientSecret" ORDER BY `settings`.`key` LIMIT 1

2026/01/19 19:21:24 [31;1m/Users/kylemendell/dev/getarcaneapp/arcane/backend/internal/services/settings_service.go:610 [35;1mrecord not found
[0m[33m[0.179ms] [34;1m[rows:0][0m SELECT * FROM `settings` WHERE key = "oidcIssuerUrl" ORDER BY `settings`.`key` LIMIT 1

2026/01/19 19:21:24 [31;1m/Users/kylemendell/dev/getarcaneapp/arcane/backend/internal/services/settings_service.go:610 [35;1mrecord not found
[0m[33m[0.207ms] [34;1m[rows:0][0m SELECT * FROM `settings` WHERE key = "oidcAuthorizationEndpoint" ORDER BY `settings`.`key` LIMIT 1

2026/01/19 19:21:24 [31;1m/Users/kylemendell/dev/getarcaneapp/arcane/backend/internal/services/settings_service.go:610 [35;1mrecord not found
[0m[33m[0.189ms] [34;1m[rows:0][0m SELECT * FROM `settings` WHERE key = "oidcTokenEndpoint" ORDER BY `settings`.`key` LIMIT 1

2026/01/19 19:21:24 [31;1m/Users/kylemendell/dev/getarcaneapp/arcane/backend/internal/services/settings_service.go:610 [35;1mrecord not found
[0m[33m[0.181ms] [34;1m[rows:0][0m SELECT * FROM `settings` WHERE key = "oidcUserinfoEndpoint" ORDER BY `settings`.`key` LIMIT 1

2026/01/19 19:21:24 [31;1m/Users/kylemendell/dev/getarcaneapp/arcane/backend/internal/services/settings_service.go:610 [35;1mrecord not found
[0m[33m[0.179ms] [34;1m[rows:0][0m SELECT * FROM `settings` WHERE key = "oidcJwksEndpoint" ORDER BY `settings`.`key` LIMIT 1

2026/01/19 19:21:24 [31;1m/Users/kylemendell/dev/getarcaneapp/arcane/backend/internal/services/settings_service.go:610 [35;1mrecord not found
[0m[33m[0.177ms] [34;1m[rows:0][0m SELECT * FROM `settings` WHERE key = "oidcDeviceAuthorizationEndpoint" ORDER BY `settings`.`key` LIMIT 1

2026/01/19 19:21:24 [31;1m/Users/kylemendell/dev/getarcaneapp/arcane/backend/internal/services/settings_service.go:610 [35;1mrecord not found
[0m[33m[0.176ms] [34;1m[rows:0][0m SELECT * FROM `settings` WHERE key = "oidcScopes" ORDER BY `settings`.`key` LIMIT 1

2026/01/19 19:21:24 [31;1m/Users/kylemendell/dev/getarcaneapp/arcane/backend/internal/services/settings_service.go:610 [35;1mrecord not found
[0m[33m[0.178ms] [34;1m[rows:0][0m SELECT * FROM `settings` WHERE key = "oidcAdminClaim" ORDER BY `settings`.`key` LIMIT 1

2026/01/19 19:21:24 [31;1m/Users/kylemendell/dev/getarcaneapp/arcane/backend/internal/services/settings_service.go:610 [35;1mrecord not found
[0m[33m[0.178ms] [34;1m[rows:0][0m SELECT * FROM `settings` WHERE key = "oidcAdminValue" ORDER BY `settings`.`key` LIMIT 1

2026/01/19 19:21:24 [31;1m/Users/kylemendell/dev/getarcaneapp/arcane/backend/internal/services/settings_service.go:610 [35;1mrecord not found
[0m[33m[0.203ms] [34;1m[rows:0][0m SELECT * FROM `settings` WHERE key = "oidcSkipTlsVerify" ORDER BY `settings`.`key` LIMIT 1

2026/01/19 19:21:24 [31;1m/Users/kylemendell/dev/getarcaneapp/arcane/backend/internal/services/settings_service.go:610 [35;1mrecord not found
[0m[33m[0.181ms] [34;1m[rows:0][0m SELECT * FROM `settings` WHERE key = "oidcAutoRedirectToProvider" ORDER BY `settings`.`key` LIMIT 1

2026/01/19 19:21:24 [31;1m/Users/kylemendell/dev/getarcaneapp/arcane/backend/internal/services/settings_service.go:610 [35;1mrecord not found
[0m[33m[0.177ms] [34;1m[rows:0][0m SELECT * FROM `settings` WHERE key = "oidcMergeAccounts" ORDER BY `settings`.`key` LIMIT 1

2026/01/19 19:21:24 [31;1m/Users/kylemendell/dev/getarcaneapp/arcane/backend/internal/services/settings_service.go:610 [35;1mrecord not found
[0m[33m[0.177ms] [34;1m[rows:0][0m SELECT * FROM `settings` WHERE key = "mobileNavigationMode" ORDER BY `settings`.`key` LIMIT 1

2026/01/19 19:21:24 [31;1m/Users/kylemendell/dev/getarcaneapp/arcane/backend/internal/services/settings_service.go:610 [35;1mrecord not found
[0m[33m[0.177ms] [34;1m[rows:0][0m SELECT * FROM `settings` WHERE key = "mobileNavigationShowLabels" ORDER BY `settings`.`key` LIMIT 1

2026/01/19 19:21:24 [31;1m/Users/kylemendell/dev/getarcaneapp/arcane/backend/internal/services/settings_service.go:610 [35;1mrecord not found
[0m[33m[0.179ms] [34;1m[rows:0][0m SELECT * FROM `settings` WHERE key = "sidebarHoverExpansion" ORDER BY `settings`.`key` LIMIT 1

2026/01/19 19:21:24 [31;1m/Users/kylemendell/dev/getarcaneapp/arcane/backend/internal/services/settings_service.go:610 [35;1mrecord not found
[0m[33m[0.176ms] [34;1m[rows:0][0m SELECT * FROM `settings` WHERE key = "notificationsCategory" ORDER BY `settings`.`key` LIMIT 1

2026/01/19 19:21:24 [31;1m/Users/kylemendell/dev/getarcaneapp/arcane/backend/internal/services/settings_service.go:610 [35;1mrecord not found
[0m[33m[0.175ms] [34;1m[rows:0][0m SELECT * FROM `settings` WHERE key = "agentToken" ORDER BY `settings`.`key` LIMIT 1

2026/01/19 19:21:24 [31;1m/Users/kylemendell/dev/getarcaneapp/arcane/backend/internal/services/settings_service.go:610 [35;1mrecord not found
[0m[33m[0.174ms] [34;1m[rows:0][0m SELECT * FROM `settings` WHERE key = "usersCategory" ORDER BY `settings`.`key` LIMIT 1

2026/01/19 19:21:24 [31;1m/Users/kylemendell/dev/getarcaneapp/arcane/backend/internal/services/settings_service.go:610 [35;1mrecord not found
[0m[33m[0.177ms] [34;1m[rows:0][0m SELECT * FROM `settings` WHERE key = "apiKeysCategory" ORDER BY `settings`.`key` LIMIT 1

2026/01/19 19:21:24 [31;1m/Users/kylemendell/dev/getarcaneapp/arcane/backend/internal/services/settings_service.go:610 [35;1mrecord not found
[0m[33m[0.175ms] [34;1m[rows:0][0m SELECT * FROM `settings` WHERE key = "dockerApiTimeout" ORDER BY `settings`.`key` LIMIT 1

2026/01/19 19:21:24 [31;1m/Users/kylemendell/dev/getarcaneapp/arcane/backend/internal/services/settings_service.go:610 [35;1mrecord not found
[0m[33m[0.175ms] [34;1m[rows:0][0m SELECT * FROM `settings` WHERE key = "dockerImagePullTimeout" ORDER BY `settings`.`key` LIMIT 1

2026/01/19 19:21:24 [31;1m/Users/kylemendell/dev/getarcaneapp/arcane/backend/internal/services/settings_service.go:610 [35;1mrecord not found
[0m[33m[0.175ms] [34;1m[rows:0][0m SELECT * FROM `settings` WHERE key = "gitOperationTimeout" ORDER BY `settings`.`key` LIMIT 1

2026/01/19 19:21:24 [31;1m/Users/kylemendell/dev/getarcaneapp/arcane/backend/internal/services/settings_service.go:610 [35;1mrecord not found
[0m[33m[0.176ms] [34;1m[rows:0][0m SELECT * FROM `settings` WHERE key = "httpClientTimeout" ORDER BY `settings`.`key` LIMIT 1

2026/01/19 19:21:24 [31;1m/Users/kylemendell/dev/getarcaneapp/arcane/backend/internal/services/settings_service.go:610 [35;1mrecord not found
[0m[33m[0.175ms] [34;1m[rows:0][0m SELECT * FROM `settings` WHERE key = "registryTimeout" ORDER BY `settings`.`key` LIMIT 1

2026/01/19 19:21:24 [31;1m/Users/kylemendell/dev/getarcaneapp/arcane/backend/internal/services/settings_service.go:610 [35;1mrecord not found
[0m[33m[0.175ms] [34;1m[rows:0][0m SELECT * FROM `settings` WHERE key = "proxyRequestTimeout" ORDER BY `settings`.`key` LIMIT 1
--- PASS: TestSettingsService_EnsureDefaultSettings_Idempotent (0.04s)
=== RUN   TestSettingsService_GetSettings_UnknownKeysIgnored
--- PASS: TestSettingsService_GetSettings_UnknownKeysIgnored (0.00s)
=== RUN   TestSettingsService_PruneUnknownSettings_RemovesStaleKeys
2026/01/19 19:21:24 INFO Pruned unknown settings count=1

2026/01/19 19:21:24 [31;1m/Users/kylemendell/dev/getarcaneapp/arcane/backend/internal/services/settings_service_test.go:79 [35;1mrecord not found
[0m[33m[0.192ms] [34;1m[rows:0][0m SELECT * FROM `settings` WHERE key = "unknownKey" ORDER BY `settings`.`key` LIMIT 1
--- PASS: TestSettingsService_PruneUnknownSettings_RemovesStaleKeys (0.01s)
=== RUN   TestSettingsService_GetSettings_EnvOverride_OidcMergeAccounts

2026/01/19 19:21:24 [31;1m/Users/kylemendell/dev/getarcaneapp/arcane/backend/internal/services/settings_service.go:610 [35;1mrecord not found
[0m[33m[0.832ms] [34;1m[rows:0][0m SELECT * FROM `settings` WHERE key = "projectsDirectory" ORDER BY `settings`.`key` LIMIT 1

2026/01/19 19:21:24 [31;1m/Users/kylemendell/dev/getarcaneapp/arcane/backend/internal/services/settings_service.go:610 [35;1mrecord not found
[0m[33m[0.192ms] [34;1m[rows:0][0m SELECT * FROM `settings` WHERE key = "diskUsagePath" ORDER BY `settings`.`key` LIMIT 1

2026/01/19 19:21:24 [31;1m/Users/kylemendell/dev/getarcaneapp/arcane/backend/internal/services/settings_service.go:610 [35;1mrecord not found
[0m[33m[0.183ms] [34;1m[rows:0][0m SELECT * FROM `settings` WHERE key = "baseServerUrl" ORDER BY `settings`.`key` LIMIT 1

2026/01/19 19:21:24 [31;1m/Users/kylemendell/dev/getarcaneapp/arcane/backend/internal/services/settings_service.go:610 [35;1mrecord not found
[0m[33m[0.177ms] [34;1m[rows:0][0m SELECT * FROM `settings` WHERE key = "enableGravatar" ORDER BY `settings`.`key` LIMIT 1

2026/01/19 19:21:24 [31;1m/Users/kylemendell/dev/getarcaneapp/arcane/backend/internal/services/settings_service.go:610 [35;1mrecord not found
[0m[33m[0.176ms] [34;1m[rows:0][0m SELECT * FROM `settings` WHERE key = "defaultShell" ORDER BY `settings`.`key` LIMIT 1

2026/01/19 19:21:24 [31;1m/Users/kylemendell/dev/getarcaneapp/arcane/backend/internal/services/settings_service.go:610 [35;1mrecord not found
[0m[33m[0.178ms] [34;1m[rows:0][0m SELECT * FROM `settings` WHERE key = "environmentHealthInterval" ORDER BY `settings`.`key` LIMIT 1

2026/01/19 19:21:24 [31;1m/Users/kylemendell/dev/getarcaneapp/arcane/backend/internal/services/settings_service.go:610 [35;1mrecord not found
[0m[33m[0.174ms] [34;1m[rows:0][0m SELECT * FROM `settings` WHERE key = "accentColor" ORDER BY `settings`.`key` LIMIT 1

2026/01/19 19:21:24 [31;1m/Users/kylemendell/dev/getarcaneapp/arcane/backend/internal/services/settings_service.go:610 [35;1mrecord not found
[0m[33m[0.172ms] [34;1m[rows:0][0m SELECT * FROM `settings` WHERE key = "autoUpdate" ORDER BY `settings`.`key` LIMIT 1

2026/01/19 19:21:24 [31;1m/Users/kylemendell/dev/getarcaneapp/arcane/backend/internal/services/settings_service.go:610 [35;1mrecord not found
[0m[33m[0.182ms] [34;1m[rows:0][0m SELECT * FROM `settings` WHERE key = "autoUpdateInterval" ORDER BY `settings`.`key` LIMIT 1

2026/01/19 19:21:24 [31;1m/Users/kylemendell/dev/getarcaneapp/arcane/backend/internal/services/settings_service.go:610 [35;1mrecord not found
[0m[33m[0.175ms] [34;1m[rows:0][0m SELECT * FROM `settings` WHERE key = "pollingEnabled" ORDER BY `settings`.`key` LIMIT 1

2026/01/19 19:21:24 [31;1m/Users/kylemendell/dev/getarcaneapp/arcane/backend/internal/services/settings_service.go:610 [35;1mrecord not found
[0m[33m[0.177ms] [34;1m[rows:0][0m SELECT * FROM `settings` WHERE key = "pollingInterval" ORDER BY `settings`.`key` LIMIT 1

2026/01/19 19:21:24 [31;1m/Users/kylemendell/dev/getarcaneapp/arcane/backend/internal/services/settings_service.go:610 [35;1mrecord not found
[0m[33m[0.189ms] [34;1m[rows:0][0m SELECT * FROM `settings` WHERE key = "eventCleanupInterval" ORDER BY `settings`.`key` LIMIT 1

2026/01/19 19:21:24 [31;1m/Users/kylemendell/dev/getarcaneapp/arcane/backend/internal/services/settings_service.go:610 [35;1mrecord not found
[0m[33m[0.176ms] [34;1m[rows:0][0m SELECT * FROM `settings` WHERE key = "analyticsHeartbeatInterval" ORDER BY `settings`.`key` LIMIT 1

2026/01/19 19:21:24 [31;1m/Users/kylemendell/dev/getarcaneapp/arcane/backend/internal/services/settings_service.go:610 [35;1mrecord not found
[0m[33m[0.174ms] [34;1m[rows:0][0m SELECT * FROM `settings` WHERE key = "autoInjectEnv" ORDER BY `settings`.`key` LIMIT 1

2026/01/19 19:21:24 [31;1m/Users/kylemendell/dev/getarcaneapp/arcane/backend/internal/services/settings_service.go:610 [35;1mrecord not found
[0m[33m[0.174ms] [34;1m[rows:0][0m SELECT * FROM `settings` WHERE key = "dockerPruneMode" ORDER BY `settings`.`key` LIMIT 1

2026/01/19 19:21:24 [31;1m/Users/kylemendell/dev/getarcaneapp/arcane/backend/internal/services/settings_service.go:610 [35;1mrecord not found
[0m[33m[0.174ms] [34;1m[rows:0][0m SELECT * FROM `settings` WHERE key = "scheduledPruneEnabled" ORDER BY `settings`.`key` LIMIT 1

2026/01/19 19:21:24 [31;1m/Users/kylemendell/dev/getarcaneapp/arcane/backend/internal/services/settings_service.go:610 [35;1mrecord not found
[0m[33m[0.175ms] [34;1m[rows:0][0m SELECT * FROM `settings` WHERE key = "scheduledPruneInterval" ORDER BY `settings`.`key` LIMIT 1

2026/01/19 19:21:24 [31;1m/Users/kylemendell/dev/getarcaneapp/arcane/backend/internal/services/settings_service.go:610 [35;1mrecord not found
[0m[33m[0.176ms] [34;1m[rows:0][0m SELECT * FROM `settings` WHERE key = "scheduledPruneContainers" ORDER BY `settings`.`key` LIMIT 1

2026/01/19 19:21:24 [31;1m/Users/kylemendell/dev/getarcaneapp/arcane/backend/internal/services/settings_service.go:610 [35;1mrecord not found
[0m[33m[0.185ms] [34;1m[rows:0][0m SELECT * FROM `settings` WHERE key = "scheduledPruneImages" ORDER BY `settings`.`key` LIMIT 1

2026/01/19 19:21:24 [31;1m/Users/kylemendell/dev/getarcaneapp/arcane/backend/internal/services/settings_service.go:610 [35;1mrecord not found
[0m[33m[0.175ms] [34;1m[rows:0][0m SELECT * FROM `settings` WHERE key = "scheduledPruneVolumes" ORDER BY `settings`.`key` LIMIT 1

2026/01/19 19:21:24 [31;1m/Users/kylemendell/dev/getarcaneapp/arcane/backend/internal/services/settings_service.go:610 [35;1mrecord not found
[0m[33m[0.176ms] [34;1m[rows:0][0m SELECT * FROM `settings` WHERE key = "scheduledPruneNetworks" ORDER BY `settings`.`key` LIMIT 1

2026/01/19 19:21:24 [31;1m/Users/kylemendell/dev/getarcaneapp/arcane/backend/internal/services/settings_service.go:610 [35;1mrecord not found
[0m[33m[0.178ms] [34;1m[rows:0][0m SELECT * FROM `settings` WHERE key = "scheduledPruneBuildCache" ORDER BY `settings`.`key` LIMIT 1

2026/01/19 19:21:24 [31;1m/Users/kylemendell/dev/getarcaneapp/arcane/backend/internal/services/settings_service.go:610 [35;1mrecord not found
[0m[33m[0.174ms] [34;1m[rows:0][0m SELECT * FROM `settings` WHERE key = "maxImageUploadSize" ORDER BY `settings`.`key` LIMIT 1

2026/01/19 19:21:24 [31;1m/Users/kylemendell/dev/getarcaneapp/arcane/backend/internal/services/settings_service.go:610 [35;1mrecord not found
[0m[33m[0.174ms] [34;1m[rows:0][0m SELECT * FROM `settings` WHERE key = "dockerHost" ORDER BY `settings`.`key` LIMIT 1

2026/01/19 19:21:24 [31;1m/Users/kylemendell/dev/getarcaneapp/arcane/backend/internal/services/settings_service.go:610 [35;1mrecord not found
[0m[33m[0.174ms] [34;1m[rows:0][0m SELECT * FROM `settings` WHERE key = "authLocalEnabled" ORDER BY `settings`.`key` LIMIT 1

2026/01/19 19:21:24 [31;1m/Users/kylemendell/dev/getarcaneapp/arcane/backend/internal/services/settings_service.go:610 [35;1mrecord not found
[0m[33m[0.175ms] [34;1m[rows:0][0m SELECT * FROM `settings` WHERE key = "authSessionTimeout" ORDER BY `settings`.`key` LIMIT 1

2026/01/19 19:21:24 [31;1m/Users/kylemendell/dev/getarcaneapp/arcane/backend/internal/services/settings_service.go:610 [35;1mrecord not found
[0m[33m[0.173ms] [34;1m[rows:0][0m SELECT * FROM `settings` WHERE key = "authPasswordPolicy" ORDER BY `settings`.`key` LIMIT 1

2026/01/19 19:21:24 [31;1m/Users/kylemendell/dev/getarcaneapp/arcane/backend/internal/services/settings_service.go:610 [35;1mrecord not found
[0m[33m[0.175ms] [34;1m[rows:0][0m SELECT * FROM `settings` WHERE key = "authOidcConfig" ORDER BY `settings`.`key` LIMIT 1

2026/01/19 19:21:24 [31;1m/Users/kylemendell/dev/getarcaneapp/arcane/backend/internal/services/settings_service.go:610 [35;1mrecord not found
[0m[33m[0.174ms] [34;1m[rows:0][0m SELECT * FROM `settings` WHERE key = "oidcEnabled" ORDER BY `settings`.`key` LIMIT 1

2026/01/19 19:21:24 [31;1m/Users/kylemendell/dev/getarcaneapp/arcane/backend/internal/services/settings_service.go:610 [35;1mrecord not found
[0m[33m[0.176ms] [34;1m[rows:0][0m SELECT * FROM `settings` WHERE key = "oidcClientId" ORDER BY `settings`.`key` LIMIT 1

2026/01/19 19:21:24 [31;1m/Users/kylemendell/dev/getarcaneapp/arcane/backend/internal/services/settings_service.go:610 [35;1mrecord not found
[0m[33m[0.174ms] [34;1m[rows:0][0m SELECT * FROM `settings` WHERE key = "oidcClientSecret" ORDER BY `settings`.`key` LIMIT 1

2026/01/19 19:21:24 [31;1m/Users/kylemendell/dev/getarcaneapp/arcane/backend/internal/services/settings_service.go:610 [35;1mrecord not found
[0m[33m[0.176ms] [34;1m[rows:0][0m SELECT * FROM `settings` WHERE key = "oidcIssuerUrl" ORDER BY `settings`.`key` LIMIT 1

2026/01/19 19:21:24 [31;1m/Users/kylemendell/dev/getarcaneapp/arcane/backend/internal/services/settings_service.go:610 [35;1mrecord not found
[0m[33m[0.282ms] [34;1m[rows:0][0m SELECT * FROM `settings` WHERE key = "oidcAuthorizationEndpoint" ORDER BY `settings`.`key` LIMIT 1

2026/01/19 19:21:24 [31;1m/Users/kylemendell/dev/getarcaneapp/arcane/backend/internal/services/settings_service.go:610 [35;1mrecord not found
[0m[33m[0.179ms] [34;1m[rows:0][0m SELECT * FROM `settings` WHERE key = "oidcTokenEndpoint" ORDER BY `settings`.`key` LIMIT 1

2026/01/19 19:21:24 [31;1m/Users/kylemendell/dev/getarcaneapp/arcane/backend/internal/services/settings_service.go:610 [35;1mrecord not found
[0m[33m[0.176ms] [34;1m[rows:0][0m SELECT * FROM `settings` WHERE key = "oidcUserinfoEndpoint" ORDER BY `settings`.`key` LIMIT 1

2026/01/19 19:21:24 [31;1m/Users/kylemendell/dev/getarcaneapp/arcane/backend/internal/services/settings_service.go:610 [35;1mrecord not found
[0m[33m[0.179ms] [34;1m[rows:0][0m SELECT * FROM `settings` WHERE key = "oidcJwksEndpoint" ORDER BY `settings`.`key` LIMIT 1

2026/01/19 19:21:24 [31;1m/Users/kylemendell/dev/getarcaneapp/arcane/backend/internal/services/settings_service.go:610 [35;1mrecord not found
[0m[33m[0.177ms] [34;1m[rows:0][0m SELECT * FROM `settings` WHERE key = "oidcDeviceAuthorizationEndpoint" ORDER BY `settings`.`key` LIMIT 1

2026/01/19 19:21:24 [31;1m/Users/kylemendell/dev/getarcaneapp/arcane/backend/internal/services/settings_service.go:610 [35;1mrecord not found
[0m[33m[0.175ms] [34;1m[rows:0][0m SELECT * FROM `settings` WHERE key = "oidcScopes" ORDER BY `settings`.`key` LIMIT 1

2026/01/19 19:21:24 [31;1m/Users/kylemendell/dev/getarcaneapp/arcane/backend/internal/services/settings_service.go:610 [35;1mrecord not found
[0m[33m[0.201ms] [34;1m[rows:0][0m SELECT * FROM `settings` WHERE key = "oidcAdminClaim" ORDER BY `settings`.`key` LIMIT 1

2026/01/19 19:21:24 [31;1m/Users/kylemendell/dev/getarcaneapp/arcane/backend/internal/services/settings_service.go:610 [35;1mrecord not found
[0m[33m[0.219ms] [34;1m[rows:0][0m SELECT * FROM `settings` WHERE key = "oidcAdminValue" ORDER BY `settings`.`key` LIMIT 1

2026/01/19 19:21:24 [31;1m/Users/kylemendell/dev/getarcaneapp/arcane/backend/internal/services/settings_service.go:610 [35;1mrecord not found
[0m[33m[0.193ms] [34;1m[rows:0][0m SELECT * FROM `settings` WHERE key = "oidcSkipTlsVerify" ORDER BY `settings`.`key` LIMIT 1

2026/01/19 19:21:24 [31;1m/Users/kylemendell/dev/getarcaneapp/arcane/backend/internal/services/settings_service.go:610 [35;1mrecord not found
[0m[33m[0.180ms] [34;1m[rows:0][0m SELECT * FROM `settings` WHERE key = "oidcAutoRedirectToProvider" ORDER BY `settings`.`key` LIMIT 1

2026/01/19 19:21:24 [31;1m/Users/kylemendell/dev/getarcaneapp/arcane/backend/internal/services/settings_service.go:610 [35;1mrecord not found
[0m[33m[0.177ms] [34;1m[rows:0][0m SELECT * FROM `settings` WHERE key = "oidcMergeAccounts" ORDER BY `settings`.`key` LIMIT 1

2026/01/19 19:21:24 [31;1m/Users/kylemendell/dev/getarcaneapp/arcane/backend/internal/services/settings_service.go:610 [35;1mrecord not found
[0m[33m[0.176ms] [34;1m[rows:0][0m SELECT * FROM `settings` WHERE key = "mobileNavigationMode" ORDER BY `settings`.`key` LIMIT 1

2026/01/19 19:21:24 [31;1m/Users/kylemendell/dev/getarcaneapp/arcane/backend/internal/services/settings_service.go:610 [35;1mrecord not found
[0m[33m[0.177ms] [34;1m[rows:0][0m SELECT * FROM `settings` WHERE key = "mobileNavigationShowLabels" ORDER BY `settings`.`key` LIMIT 1

2026/01/19 19:21:24 [31;1m/Users/kylemendell/dev/getarcaneapp/arcane/backend/internal/services/settings_service.go:610 [35;1mrecord not found
[0m[33m[0.226ms] [34;1m[rows:0][0m SELECT * FROM `settings` WHERE key = "sidebarHoverExpansion" ORDER BY `settings`.`key` LIMIT 1

2026/01/19 19:21:24 [31;1m/Users/kylemendell/dev/getarcaneapp/arcane/backend/internal/services/settings_service.go:610 [35;1mrecord not found
[0m[33m[0.193ms] [34;1m[rows:0][0m SELECT * FROM `settings` WHERE key = "notificationsCategory" ORDER BY `settings`.`key` LIMIT 1

2026/01/19 19:21:24 [31;1m/Users/kylemendell/dev/getarcaneapp/arcane/backend/internal/services/settings_service.go:610 [35;1mrecord not found
[0m[33m[0.217ms] [34;1m[rows:0][0m SELECT * FROM `settings` WHERE key = "agentToken" ORDER BY `settings`.`key` LIMIT 1

2026/01/19 19:21:24 [31;1m/Users/kylemendell/dev/getarcaneapp/arcane/backend/internal/services/settings_service.go:610 [35;1mrecord not found
[0m[33m[0.182ms] [34;1m[rows:0][0m SELECT * FROM `settings` WHERE key = "usersCategory" ORDER BY `settings`.`key` LIMIT 1

2026/01/19 19:21:24 [31;1m/Users/kylemendell/dev/getarcaneapp/arcane/backend/internal/services/settings_service.go:610 [35;1mrecord not found
[0m[33m[0.183ms] [34;1m[rows:0][0m SELECT * FROM `settings` WHERE key = "apiKeysCategory" ORDER BY `settings`.`key` LIMIT 1

2026/01/19 19:21:24 [31;1m/Users/kylemendell/dev/getarcaneapp/arcane/backend/internal/services/settings_service.go:610 [35;1mrecord not found
[0m[33m[0.183ms] [34;1m[rows:0][0m SELECT * FROM `settings` WHERE key = "dockerApiTimeout" ORDER BY `settings`.`key` LIMIT 1

2026/01/19 19:21:24 [31;1m/Users/kylemendell/dev/getarcaneapp/arcane/backend/internal/services/settings_service.go:610 [35;1mrecord not found
[0m[33m[0.214ms] [34;1m[rows:0][0m SELECT * FROM `settings` WHERE key = "dockerImagePullTimeout" ORDER BY `settings`.`key` LIMIT 1

2026/01/19 19:21:24 [31;1m/Users/kylemendell/dev/getarcaneapp/arcane/backend/internal/services/settings_service.go:610 [35;1mrecord not found
[0m[33m[0.188ms] [34;1m[rows:0][0m SELECT * FROM `settings` WHERE key = "gitOperationTimeout" ORDER BY `settings`.`key` LIMIT 1

2026/01/19 19:21:24 [31;1m/Users/kylemendell/dev/getarcaneapp/arcane/backend/internal/services/settings_service.go:610 [35;1mrecord not found
[0m[33m[0.183ms] [34;1m[rows:0][0m SELECT * FROM `settings` WHERE key = "httpClientTimeout" ORDER BY `settings`.`key` LIMIT 1

2026/01/19 19:21:24 [31;1m/Users/kylemendell/dev/getarcaneapp/arcane/backend/internal/services/settings_service.go:610 [35;1mrecord not found
[0m[33m[0.189ms] [34;1m[rows:0][0m SELECT * FROM `settings` WHERE key = "registryTimeout" ORDER BY `settings`.`key` LIMIT 1

2026/01/19 19:21:24 [31;1m/Users/kylemendell/dev/getarcaneapp/arcane/backend/internal/services/settings_service.go:610 [35;1mrecord not found
[0m[33m[0.179ms] [34;1m[rows:0][0m SELECT * FROM `settings` WHERE key = "proxyRequestTimeout" ORDER BY `settings`.`key` LIMIT 1
--- PASS: TestSettingsService_GetSettings_EnvOverride_OidcMergeAccounts (0.03s)
=== RUN   TestSettingsService_GetSetHelpers
--- PASS: TestSettingsService_GetSetHelpers (0.01s)
=== RUN   TestSettingsService_UpdateSetting
--- PASS: TestSettingsService_UpdateSetting (0.00s)
=== RUN   TestSettingsService_EnsureEncryptionKey

2026/01/19 19:21:24 [31;1m/Users/kylemendell/dev/getarcaneapp/arcane/backend/internal/services/settings_service.go:861 [35;1mrecord not found
[0m[33m[0.224ms] [34;1m[rows:0][0m SELECT * FROM `settings` WHERE key = "encryptionKey" ORDER BY `settings`.`key` LIMIT 1
--- PASS: TestSettingsService_EnsureEncryptionKey (0.00s)
=== RUN   TestSettingsService_UpdateSettings_MergeOidcSecret
--- PASS: TestSettingsService_UpdateSettings_MergeOidcSecret (0.01s)
=== RUN   TestSettingsService_LoadDatabaseSettings_ReloadsChanges

2026/01/19 19:21:24 [31;1m/Users/kylemendell/dev/getarcaneapp/arcane/backend/internal/services/settings_service.go:610 [35;1mrecord not found
[0m[33m[0.193ms] [34;1m[rows:0][0m SELECT * FROM `settings` WHERE key = "projectsDirectory" ORDER BY `settings`.`key` LIMIT 1

2026/01/19 19:21:24 [31;1m/Users/kylemendell/dev/getarcaneapp/arcane/backend/internal/services/settings_service.go:610 [35;1mrecord not found
[0m[33m[0.181ms] [34;1m[rows:0][0m SELECT * FROM `settings` WHERE key = "diskUsagePath" ORDER BY `settings`.`key` LIMIT 1

2026/01/19 19:21:24 [31;1m/Users/kylemendell/dev/getarcaneapp/arcane/backend/internal/services/settings_service.go:610 [35;1mrecord not found
[0m[33m[0.180ms] [34;1m[rows:0][0m SELECT * FROM `settings` WHERE key = "baseServerUrl" ORDER BY `settings`.`key` LIMIT 1

2026/01/19 19:21:24 [31;1m/Users/kylemendell/dev/getarcaneapp/arcane/backend/internal/services/settings_service.go:610 [35;1mrecord not found
[0m[33m[0.181ms] [34;1m[rows:0][0m SELECT * FROM `settings` WHERE key = "enableGravatar" ORDER BY `settings`.`key` LIMIT 1

2026/01/19 19:21:24 [31;1m/Users/kylemendell/dev/getarcaneapp/arcane/backend/internal/services/settings_service.go:610 [35;1mrecord not found
[0m[33m[0.182ms] [34;1m[rows:0][0m SELECT * FROM `settings` WHERE key = "defaultShell" ORDER BY `settings`.`key` LIMIT 1

2026/01/19 19:21:24 [31;1m/Users/kylemendell/dev/getarcaneapp/arcane/backend/internal/services/settings_service.go:610 [35;1mrecord not found
[0m[33m[0.178ms] [34;1m[rows:0][0m SELECT * FROM `settings` WHERE key = "environmentHealthInterval" ORDER BY `settings`.`key` LIMIT 1

2026/01/19 19:21:24 [31;1m/Users/kylemendell/dev/getarcaneapp/arcane/backend/internal/services/settings_service.go:610 [35;1mrecord not found
[0m[33m[0.177ms] [34;1m[rows:0][0m SELECT * FROM `settings` WHERE key = "accentColor" ORDER BY `settings`.`key` LIMIT 1

2026/01/19 19:21:24 [31;1m/Users/kylemendell/dev/getarcaneapp/arcane/backend/internal/services/settings_service.go:610 [35;1mrecord not found
[0m[33m[0.263ms] [34;1m[rows:0][0m SELECT * FROM `settings` WHERE key = "autoUpdate" ORDER BY `settings`.`key` LIMIT 1

2026/01/19 19:21:24 [31;1m/Users/kylemendell/dev/getarcaneapp/arcane/backend/internal/services/settings_service.go:610 [35;1mrecord not found
[0m[33m[0.185ms] [34;1m[rows:0][0m SELECT * FROM `settings` WHERE key = "autoUpdateInterval" ORDER BY `settings`.`key` LIMIT 1

2026/01/19 19:21:24 [31;1m/Users/kylemendell/dev/getarcaneapp/arcane/backend/internal/services/settings_service.go:610 [35;1mrecord not found
[0m[33m[0.180ms] [34;1m[rows:0][0m SELECT * FROM `settings` WHERE key = "pollingEnabled" ORDER BY `settings`.`key` LIMIT 1

2026/01/19 19:21:24 [31;1m/Users/kylemendell/dev/getarcaneapp/arcane/backend/internal/services/settings_service.go:610 [35;1mrecord not found
[0m[33m[0.177ms] [34;1m[rows:0][0m SELECT * FROM `settings` WHERE key = "pollingInterval" ORDER BY `settings`.`key` LIMIT 1

2026/01/19 19:21:24 [31;1m/Users/kylemendell/dev/getarcaneapp/arcane/backend/internal/services/settings_service.go:610 [35;1mrecord not found
[0m[33m[0.181ms] [34;1m[rows:0][0m SELECT * FROM `settings` WHERE key = "eventCleanupInterval" ORDER BY `settings`.`key` LIMIT 1

2026/01/19 19:21:24 [31;1m/Users/kylemendell/dev/getarcaneapp/arcane/backend/internal/services/settings_service.go:610 [35;1mrecord not found
[0m[33m[0.185ms] [34;1m[rows:0][0m SELECT * FROM `settings` WHERE key = "analyticsHeartbeatInterval" ORDER BY `settings`.`key` LIMIT 1

2026/01/19 19:21:24 [31;1m/Users/kylemendell/dev/getarcaneapp/arcane/backend/internal/services/settings_service.go:610 [35;1mrecord not found
[0m[33m[0.181ms] [34;1m[rows:0][0m SELECT * FROM `settings` WHERE key = "autoInjectEnv" ORDER BY `settings`.`key` LIMIT 1

2026/01/19 19:21:24 [31;1m/Users/kylemendell/dev/getarcaneapp/arcane/backend/internal/services/settings_service.go:610 [35;1mrecord not found
[0m[33m[0.178ms] [34;1m[rows:0][0m SELECT * FROM `settings` WHERE key = "dockerPruneMode" ORDER BY `settings`.`key` LIMIT 1

2026/01/19 19:21:24 [31;1m/Users/kylemendell/dev/getarcaneapp/arcane/backend/internal/services/settings_service.go:610 [35;1mrecord not found
[0m[33m[0.183ms] [34;1m[rows:0][0m SELECT * FROM `settings` WHERE key = "scheduledPruneEnabled" ORDER BY `settings`.`key` LIMIT 1

2026/01/19 19:21:24 [31;1m/Users/kylemendell/dev/getarcaneapp/arcane/backend/internal/services/settings_service.go:610 [35;1mrecord not found
[0m[33m[0.178ms] [34;1m[rows:0][0m SELECT * FROM `settings` WHERE key = "scheduledPruneInterval" ORDER BY `settings`.`key` LIMIT 1

2026/01/19 19:21:24 [31;1m/Users/kylemendell/dev/getarcaneapp/arcane/backend/internal/services/settings_service.go:610 [35;1mrecord not found
[0m[33m[0.174ms] [34;1m[rows:0][0m SELECT * FROM `settings` WHERE key = "scheduledPruneContainers" ORDER BY `settings`.`key` LIMIT 1

2026/01/19 19:21:24 [31;1m/Users/kylemendell/dev/getarcaneapp/arcane/backend/internal/services/settings_service.go:610 [35;1mrecord not found
[0m[33m[0.181ms] [34;1m[rows:0][0m SELECT * FROM `settings` WHERE key = "scheduledPruneImages" ORDER BY `settings`.`key` LIMIT 1

2026/01/19 19:21:24 [31;1m/Users/kylemendell/dev/getarcaneapp/arcane/backend/internal/services/settings_service.go:610 [35;1mrecord not found
[0m[33m[0.202ms] [34;1m[rows:0][0m SELECT * FROM `settings` WHERE key = "scheduledPruneVolumes" ORDER BY `settings`.`key` LIMIT 1

2026/01/19 19:21:24 [31;1m/Users/kylemendell/dev/getarcaneapp/arcane/backend/internal/services/settings_service.go:610 [35;1mrecord not found
[0m[33m[0.202ms] [34;1m[rows:0][0m SELECT * FROM `settings` WHERE key = "scheduledPruneNetworks" ORDER BY `settings`.`key` LIMIT 1

2026/01/19 19:21:24 [31;1m/Users/kylemendell/dev/getarcaneapp/arcane/backend/internal/services/settings_service.go:610 [35;1mrecord not found
[0m[33m[0.206ms] [34;1m[rows:0][0m SELECT * FROM `settings` WHERE key = "scheduledPruneBuildCache" ORDER BY `settings`.`key` LIMIT 1

2026/01/19 19:21:24 [31;1m/Users/kylemendell/dev/getarcaneapp/arcane/backend/internal/services/settings_service.go:610 [35;1mrecord not found
[0m[33m[0.211ms] [34;1m[rows:0][0m SELECT * FROM `settings` WHERE key = "maxImageUploadSize" ORDER BY `settings`.`key` LIMIT 1

2026/01/19 19:21:24 [31;1m/Users/kylemendell/dev/getarcaneapp/arcane/backend/internal/services/settings_service.go:610 [35;1mrecord not found
[0m[33m[0.194ms] [34;1m[rows:0][0m SELECT * FROM `settings` WHERE key = "dockerHost" ORDER BY `settings`.`key` LIMIT 1

2026/01/19 19:21:24 [31;1m/Users/kylemendell/dev/getarcaneapp/arcane/backend/internal/services/settings_service.go:610 [35;1mrecord not found
[0m[33m[0.184ms] [34;1m[rows:0][0m SELECT * FROM `settings` WHERE key = "authLocalEnabled" ORDER BY `settings`.`key` LIMIT 1

2026/01/19 19:21:24 [31;1m/Users/kylemendell/dev/getarcaneapp/arcane/backend/internal/services/settings_service.go:610 [35;1mrecord not found
[0m[33m[0.182ms] [34;1m[rows:0][0m SELECT * FROM `settings` WHERE key = "authSessionTimeout" ORDER BY `settings`.`key` LIMIT 1

2026/01/19 19:21:24 [31;1m/Users/kylemendell/dev/getarcaneapp/arcane/backend/internal/services/settings_service.go:610 [35;1mrecord not found
[0m[33m[0.179ms] [34;1m[rows:0][0m SELECT * FROM `settings` WHERE key = "authPasswordPolicy" ORDER BY `settings`.`key` LIMIT 1

2026/01/19 19:21:24 [31;1m/Users/kylemendell/dev/getarcaneapp/arcane/backend/internal/services/settings_service.go:610 [35;1mrecord not found
[0m[33m[0.182ms] [34;1m[rows:0][0m SELECT * FROM `settings` WHERE key = "authOidcConfig" ORDER BY `settings`.`key` LIMIT 1

2026/01/19 19:21:24 [31;1m/Users/kylemendell/dev/getarcaneapp/arcane/backend/internal/services/settings_service.go:610 [35;1mrecord not found
[0m[33m[0.179ms] [34;1m[rows:0][0m SELECT * FROM `settings` WHERE key = "oidcEnabled" ORDER BY `settings`.`key` LIMIT 1

2026/01/19 19:21:24 [31;1m/Users/kylemendell/dev/getarcaneapp/arcane/backend/internal/services/settings_service.go:610 [35;1mrecord not found
[0m[33m[0.181ms] [34;1m[rows:0][0m SELECT * FROM `settings` WHERE key = "oidcClientId" ORDER BY `settings`.`key` LIMIT 1

2026/01/19 19:21:24 [31;1m/Users/kylemendell/dev/getarcaneapp/arcane/backend/internal/services/settings_service.go:610 [35;1mrecord not found
[0m[33m[0.234ms] [34;1m[rows:0][0m SELECT * FROM `settings` WHERE key = "oidcClientSecret" ORDER BY `settings`.`key` LIMIT 1

2026/01/19 19:21:24 [31;1m/Users/kylemendell/dev/getarcaneapp/arcane/backend/internal/services/settings_service.go:610 [35;1mrecord not found
[0m[33m[0.182ms] [34;1m[rows:0][0m SELECT * FROM `settings` WHERE key = "oidcIssuerUrl" ORDER BY `settings`.`key` LIMIT 1

2026/01/19 19:21:24 [31;1m/Users/kylemendell/dev/getarcaneapp/arcane/backend/internal/services/settings_service.go:610 [35;1mrecord not found
[0m[33m[0.191ms] [34;1m[rows:0][0m SELECT * FROM `settings` WHERE key = "oidcAuthorizationEndpoint" ORDER BY `settings`.`key` LIMIT 1

2026/01/19 19:21:24 [31;1m/Users/kylemendell/dev/getarcaneapp/arcane/backend/internal/services/settings_service.go:610 [35;1mrecord not found
[0m[33m[0.179ms] [34;1m[rows:0][0m SELECT * FROM `settings` WHERE key = "oidcTokenEndpoint" ORDER BY `settings`.`key` LIMIT 1

2026/01/19 19:21:24 [31;1m/Users/kylemendell/dev/getarcaneapp/arcane/backend/internal/services/settings_service.go:610 [35;1mrecord not found
[0m[33m[0.177ms] [34;1m[rows:0][0m SELECT * FROM `settings` WHERE key = "oidcUserinfoEndpoint" ORDER BY `settings`.`key` LIMIT 1

2026/01/19 19:21:24 [31;1m/Users/kylemendell/dev/getarcaneapp/arcane/backend/internal/services/settings_service.go:610 [35;1mrecord not found
[0m[33m[0.179ms] [34;1m[rows:0][0m SELECT * FROM `settings` WHERE key = "oidcJwksEndpoint" ORDER BY `settings`.`key` LIMIT 1

2026/01/19 19:21:24 [31;1m/Users/kylemendell/dev/getarcaneapp/arcane/backend/internal/services/settings_service.go:610 [35;1mrecord not found
[0m[33m[0.183ms] [34;1m[rows:0][0m SELECT * FROM `settings` WHERE key = "oidcDeviceAuthorizationEndpoint" ORDER BY `settings`.`key` LIMIT 1

2026/01/19 19:21:24 [31;1m/Users/kylemendell/dev/getarcaneapp/arcane/backend/internal/services/settings_service.go:610 [35;1mrecord not found
[0m[33m[0.190ms] [34;1m[rows:0][0m SELECT * FROM `settings` WHERE key = "oidcScopes" ORDER BY `settings`.`key` LIMIT 1

2026/01/19 19:21:24 [31;1m/Users/kylemendell/dev/getarcaneapp/arcane/backend/internal/services/settings_service.go:610 [35;1mrecord not found
[0m[33m[0.177ms] [34;1m[rows:0][0m SELECT * FROM `settings` WHERE key = "oidcAdminClaim" ORDER BY `settings`.`key` LIMIT 1

2026/01/19 19:21:24 [31;1m/Users/kylemendell/dev/getarcaneapp/arcane/backend/internal/services/settings_service.go:610 [35;1mrecord not found
[0m[33m[0.178ms] [34;1m[rows:0][0m SELECT * FROM `settings` WHERE key = "oidcAdminValue" ORDER BY `settings`.`key` LIMIT 1

2026/01/19 19:21:24 [31;1m/Users/kylemendell/dev/getarcaneapp/arcane/backend/internal/services/settings_service.go:610 [35;1mrecord not found
[0m[33m[0.228ms] [34;1m[rows:0][0m SELECT * FROM `settings` WHERE key = "oidcSkipTlsVerify" ORDER BY `settings`.`key` LIMIT 1

2026/01/19 19:21:24 [31;1m/Users/kylemendell/dev/getarcaneapp/arcane/backend/internal/services/settings_service.go:610 [35;1mrecord not found
[0m[33m[0.180ms] [34;1m[rows:0][0m SELECT * FROM `settings` WHERE key = "oidcAutoRedirectToProvider" ORDER BY `settings`.`key` LIMIT 1

2026/01/19 19:21:24 [31;1m/Users/kylemendell/dev/getarcaneapp/arcane/backend/internal/services/settings_service.go:610 [35;1mrecord not found
[0m[33m[0.177ms] [34;1m[rows:0][0m SELECT * FROM `settings` WHERE key = "oidcMergeAccounts" ORDER BY `settings`.`key` LIMIT 1

2026/01/19 19:21:24 [31;1m/Users/kylemendell/dev/getarcaneapp/arcane/backend/internal/services/settings_service.go:610 [35;1mrecord not found
[0m[33m[0.180ms] [34;1m[rows:0][0m SELECT * FROM `settings` WHERE key = "mobileNavigationMode" ORDER BY `settings`.`key` LIMIT 1

2026/01/19 19:21:24 [31;1m/Users/kylemendell/dev/getarcaneapp/arcane/backend/internal/services/settings_service.go:610 [35;1mrecord not found
[0m[33m[0.177ms] [34;1m[rows:0][0m SELECT * FROM `settings` WHERE key = "mobileNavigationShowLabels" ORDER BY `settings`.`key` LIMIT 1

2026/01/19 19:21:24 [31;1m/Users/kylemendell/dev/getarcaneapp/arcane/backend/internal/services/settings_service.go:610 [35;1mrecord not found
[0m[33m[0.177ms] [34;1m[rows:0][0m SELECT * FROM `settings` WHERE key = "sidebarHoverExpansion" ORDER BY `settings`.`key` LIMIT 1

2026/01/19 19:21:24 [31;1m/Users/kylemendell/dev/getarcaneapp/arcane/backend/internal/services/settings_service.go:610 [35;1mrecord not found
[0m[33m[0.177ms] [34;1m[rows:0][0m SELECT * FROM `settings` WHERE key = "notificationsCategory" ORDER BY `settings`.`key` LIMIT 1

2026/01/19 19:21:24 [31;1m/Users/kylemendell/dev/getarcaneapp/arcane/backend/internal/services/settings_service.go:610 [35;1mrecord not found
[0m[33m[0.177ms] [34;1m[rows:0][0m SELECT * FROM `settings` WHERE key = "agentToken" ORDER BY `settings`.`key` LIMIT 1

2026/01/19 19:21:24 [31;1m/Users/kylemendell/dev/getarcaneapp/arcane/backend/internal/services/settings_service.go:610 [35;1mrecord not found
[0m[33m[0.183ms] [34;1m[rows:0][0m SELECT * FROM `settings` WHERE key = "usersCategory" ORDER BY `settings`.`key` LIMIT 1

2026/01/19 19:21:24 [31;1m/Users/kylemendell/dev/getarcaneapp/arcane/backend/internal/services/settings_service.go:610 [35;1mrecord not found
[0m[33m[0.180ms] [34;1m[rows:0][0m SELECT * FROM `settings` WHERE key = "apiKeysCategory" ORDER BY `settings`.`key` LIMIT 1

2026/01/19 19:21:24 [31;1m/Users/kylemendell/dev/getarcaneapp/arcane/backend/internal/services/settings_service.go:610 [35;1mrecord not found
[0m[33m[0.182ms] [34;1m[rows:0][0m SELECT * FROM `settings` WHERE key = "dockerApiTimeout" ORDER BY `settings`.`key` LIMIT 1

2026/01/19 19:21:24 [31;1m/Users/kylemendell/dev/getarcaneapp/arcane/backend/internal/services/settings_service.go:610 [35;1mrecord not found
[0m[33m[0.178ms] [34;1m[rows:0][0m SELECT * FROM `settings` WHERE key = "dockerImagePullTimeout" ORDER BY `settings`.`key` LIMIT 1

2026/01/19 19:21:24 [31;1m/Users/kylemendell/dev/getarcaneapp/arcane/backend/internal/services/settings_service.go:610 [35;1mrecord not found
[0m[33m[0.176ms] [34;1m[rows:0][0m SELECT * FROM `settings` WHERE key = "gitOperationTimeout" ORDER BY `settings`.`key` LIMIT 1

2026/01/19 19:21:24 [31;1m/Users/kylemendell/dev/getarcaneapp/arcane/backend/internal/services/settings_service.go:610 [35;1mrecord not found
[0m[33m[0.225ms] [34;1m[rows:0][0m SELECT * FROM `settings` WHERE key = "httpClientTimeout" ORDER BY `settings`.`key` LIMIT 1

2026/01/19 19:21:24 [31;1m/Users/kylemendell/dev/getarcaneapp/arcane/backend/internal/services/settings_service.go:610 [35;1mrecord not found
[0m[33m[0.197ms] [34;1m[rows:0][0m SELECT * FROM `settings` WHERE key = "registryTimeout" ORDER BY `settings`.`key` LIMIT 1

2026/01/19 19:21:24 [31;1m/Users/kylemendell/dev/getarcaneapp/arcane/backend/internal/services/settings_service.go:610 [35;1mrecord not found
[0m[33m[0.241ms] [34;1m[rows:0][0m SELECT * FROM `settings` WHERE key = "proxyRequestTimeout" ORDER BY `settings`.`key` LIMIT 1
--- PASS: TestSettingsService_LoadDatabaseSettings_ReloadsChanges (0.03s)
=== RUN   TestSettingsService_LoadDatabaseSettings_UIConfigurationDisabled_Env
--- PASS: TestSettingsService_LoadDatabaseSettings_UIConfigurationDisabled_Env (0.01s)
=== RUN   TestSettingsService_UpdateSettings_RefreshesCache

2026/01/19 19:21:24 [31;1m/Users/kylemendell/dev/getarcaneapp/arcane/backend/internal/services/settings_service.go:610 [35;1mrecord not found
[0m[33m[0.237ms] [34;1m[rows:0][0m SELECT * FROM `settings` WHERE key = "projectsDirectory" ORDER BY `settings`.`key` LIMIT 1

2026/01/19 19:21:24 [31;1m/Users/kylemendell/dev/getarcaneapp/arcane/backend/internal/services/settings_service.go:610 [35;1mrecord not found
[0m[33m[0.192ms] [34;1m[rows:0][0m SELECT * FROM `settings` WHERE key = "diskUsagePath" ORDER BY `settings`.`key` LIMIT 1

2026/01/19 19:21:24 [31;1m/Users/kylemendell/dev/getarcaneapp/arcane/backend/internal/services/settings_service.go:610 [35;1mrecord not found
[0m[33m[0.178ms] [34;1m[rows:0][0m SELECT * FROM `settings` WHERE key = "baseServerUrl" ORDER BY `settings`.`key` LIMIT 1

2026/01/19 19:21:24 [31;1m/Users/kylemendell/dev/getarcaneapp/arcane/backend/internal/services/settings_service.go:610 [35;1mrecord not found
[0m[33m[0.178ms] [34;1m[rows:0][0m SELECT * FROM `settings` WHERE key = "enableGravatar" ORDER BY `settings`.`key` LIMIT 1

2026/01/19 19:21:24 [31;1m/Users/kylemendell/dev/getarcaneapp/arcane/backend/internal/services/settings_service.go:610 [35;1mrecord not found
[0m[33m[0.179ms] [34;1m[rows:0][0m SELECT * FROM `settings` WHERE key = "defaultShell" ORDER BY `settings`.`key` LIMIT 1

2026/01/19 19:21:24 [31;1m/Users/kylemendell/dev/getarcaneapp/arcane/backend/internal/services/settings_service.go:610 [35;1mrecord not found
[0m[33m[0.180ms] [34;1m[rows:0][0m SELECT * FROM `settings` WHERE key = "environmentHealthInterval" ORDER BY `settings`.`key` LIMIT 1

2026/01/19 19:21:24 [31;1m/Users/kylemendell/dev/getarcaneapp/arcane/backend/internal/services/settings_service.go:610 [35;1mrecord not found
[0m[33m[0.176ms] [34;1m[rows:0][0m SELECT * FROM `settings` WHERE key = "accentColor" ORDER BY `settings`.`key` LIMIT 1

2026/01/19 19:21:24 [31;1m/Users/kylemendell/dev/getarcaneapp/arcane/backend/internal/services/settings_service.go:610 [35;1mrecord not found
[0m[33m[0.178ms] [34;1m[rows:0][0m SELECT * FROM `settings` WHERE key = "autoUpdate" ORDER BY `settings`.`key` LIMIT 1

2026/01/19 19:21:24 [31;1m/Users/kylemendell/dev/getarcaneapp/arcane/backend/internal/services/settings_service.go:610 [35;1mrecord not found
[0m[33m[0.206ms] [34;1m[rows:0][0m SELECT * FROM `settings` WHERE key = "autoUpdateInterval" ORDER BY `settings`.`key` LIMIT 1

2026/01/19 19:21:24 [31;1m/Users/kylemendell/dev/getarcaneapp/arcane/backend/internal/services/settings_service.go:610 [35;1mrecord not found
[0m[33m[0.181ms] [34;1m[rows:0][0m SELECT * FROM `settings` WHERE key = "pollingEnabled" ORDER BY `settings`.`key` LIMIT 1

2026/01/19 19:21:24 [31;1m/Users/kylemendell/dev/getarcaneapp/arcane/backend/internal/services/settings_service.go:610 [35;1mrecord not found
[0m[33m[0.184ms] [34;1m[rows:0][0m SELECT * FROM `settings` WHERE key = "pollingInterval" ORDER BY `settings`.`key` LIMIT 1

2026/01/19 19:21:24 [31;1m/Users/kylemendell/dev/getarcaneapp/arcane/backend/internal/services/settings_service.go:610 [35;1mrecord not found
[0m[33m[0.177ms] [34;1m[rows:0][0m SELECT * FROM `settings` WHERE key = "eventCleanupInterval" ORDER BY `settings`.`key` LIMIT 1

2026/01/19 19:21:24 [31;1m/Users/kylemendell/dev/getarcaneapp/arcane/backend/internal/services/settings_service.go:610 [35;1mrecord not found
[0m[33m[0.188ms] [34;1m[rows:0][0m SELECT * FROM `settings` WHERE key = "analyticsHeartbeatInterval" ORDER BY `settings`.`key` LIMIT 1

2026/01/19 19:21:24 [31;1m/Users/kylemendell/dev/getarcaneapp/arcane/backend/internal/services/settings_service.go:610 [35;1mrecord not found
[0m[33m[0.178ms] [34;1m[rows:0][0m SELECT * FROM `settings` WHERE key = "autoInjectEnv" ORDER BY `settings`.`key` LIMIT 1

2026/01/19 19:21:24 [31;1m/Users/kylemendell/dev/getarcaneapp/arcane/backend/internal/services/settings_service.go:610 [35;1mrecord not found
[0m[33m[0.244ms] [34;1m[rows:0][0m SELECT * FROM `settings` WHERE key = "dockerPruneMode" ORDER BY `settings`.`key` LIMIT 1

2026/01/19 19:21:24 [31;1m/Users/kylemendell/dev/getarcaneapp/arcane/backend/internal/services/settings_service.go:610 [35;1mrecord not found
[0m[33m[0.275ms] [34;1m[rows:0][0m SELECT * FROM `settings` WHERE key = "scheduledPruneEnabled" ORDER BY `settings`.`key` LIMIT 1

2026/01/19 19:21:24 [31;1m/Users/kylemendell/dev/getarcaneapp/arcane/backend/internal/services/settings_service.go:610 [35;1mrecord not found
[0m[33m[0.230ms] [34;1m[rows:0][0m SELECT * FROM `settings` WHERE key = "scheduledPruneInterval" ORDER BY `settings`.`key` LIMIT 1

2026/01/19 19:21:24 [31;1m/Users/kylemendell/dev/getarcaneapp/arcane/backend/internal/services/settings_service.go:610 [35;1mrecord not found
[0m[33m[0.237ms] [34;1m[rows:0][0m SELECT * FROM `settings` WHERE key = "scheduledPruneContainers" ORDER BY `settings`.`key` LIMIT 1

2026/01/19 19:21:24 [31;1m/Users/kylemendell/dev/getarcaneapp/arcane/backend/internal/services/settings_service.go:610 [35;1mrecord not found
[0m[33m[0.229ms] [34;1m[rows:0][0m SELECT * FROM `settings` WHERE key = "scheduledPruneImages" ORDER BY `settings`.`key` LIMIT 1

2026/01/19 19:21:24 [31;1m/Users/kylemendell/dev/getarcaneapp/arcane/backend/internal/services/settings_service.go:610 [35;1mrecord not found
[0m[33m[0.234ms] [34;1m[rows:0][0m SELECT * FROM `settings` WHERE key = "scheduledPruneVolumes" ORDER BY `settings`.`key` LIMIT 1

2026/01/19 19:21:24 [31;1m/Users/kylemendell/dev/getarcaneapp/arcane/backend/internal/services/settings_service.go:610 [35;1mrecord not found
[0m[33m[0.240ms] [34;1m[rows:0][0m SELECT * FROM `settings` WHERE key = "scheduledPruneNetworks" ORDER BY `settings`.`key` LIMIT 1

2026/01/19 19:21:24 [31;1m/Users/kylemendell/dev/getarcaneapp/arcane/backend/internal/services/settings_service.go:610 [35;1mrecord not found
[0m[33m[0.250ms] [34;1m[rows:0][0m SELECT * FROM `settings` WHERE key = "scheduledPruneBuildCache" ORDER BY `settings`.`key` LIMIT 1

2026/01/19 19:21:24 [31;1m/Users/kylemendell/dev/getarcaneapp/arcane/backend/internal/services/settings_service.go:610 [35;1mrecord not found
[0m[33m[0.293ms] [34;1m[rows:0][0m SELECT * FROM `settings` WHERE key = "maxImageUploadSize" ORDER BY `settings`.`key` LIMIT 1

2026/01/19 19:21:24 [31;1m/Users/kylemendell/dev/getarcaneapp/arcane/backend/internal/services/settings_service.go:610 [35;1mrecord not found
[0m[33m[0.327ms] [34;1m[rows:0][0m SELECT * FROM `settings` WHERE key = "dockerHost" ORDER BY `settings`.`key` LIMIT 1

2026/01/19 19:21:24 [31;1m/Users/kylemendell/dev/getarcaneapp/arcane/backend/internal/services/settings_service.go:610 [35;1mrecord not found
[0m[33m[0.235ms] [34;1m[rows:0][0m SELECT * FROM `settings` WHERE key = "authLocalEnabled" ORDER BY `settings`.`key` LIMIT 1

2026/01/19 19:21:24 [31;1m/Users/kylemendell/dev/getarcaneapp/arcane/backend/internal/services/settings_service.go:610 [35;1mrecord not found
[0m[33m[0.255ms] [34;1m[rows:0][0m SELECT * FROM `settings` WHERE key = "authSessionTimeout" ORDER BY `settings`.`key` LIMIT 1

2026/01/19 19:21:24 [31;1m/Users/kylemendell/dev/getarcaneapp/arcane/backend/internal/services/settings_service.go:610 [35;1mrecord not found
[0m[33m[0.246ms] [34;1m[rows:0][0m SELECT * FROM `settings` WHERE key = "authPasswordPolicy" ORDER BY `settings`.`key` LIMIT 1

2026/01/19 19:21:24 [31;1m/Users/kylemendell/dev/getarcaneapp/arcane/backend/internal/services/settings_service.go:610 [35;1mrecord not found
[0m[33m[0.270ms] [34;1m[rows:0][0m SELECT * FROM `settings` WHERE key = "authOidcConfig" ORDER BY `settings`.`key` LIMIT 1

2026/01/19 19:21:24 [31;1m/Users/kylemendell/dev/getarcaneapp/arcane/backend/internal/services/settings_service.go:610 [35;1mrecord not found
[0m[33m[0.573ms] [34;1m[rows:0][0m SELECT * FROM `settings` WHERE key = "oidcEnabled" ORDER BY `settings`.`key` LIMIT 1

2026/01/19 19:21:24 [31;1m/Users/kylemendell/dev/getarcaneapp/arcane/backend/internal/services/settings_service.go:610 [35;1mrecord not found
[0m[33m[0.246ms] [34;1m[rows:0][0m SELECT * FROM `settings` WHERE key = "oidcClientId" ORDER BY `settings`.`key` LIMIT 1

2026/01/19 19:21:24 [31;1m/Users/kylemendell/dev/getarcaneapp/arcane/backend/internal/services/settings_service.go:610 [35;1mrecord not found
[0m[33m[0.249ms] [34;1m[rows:0][0m SELECT * FROM `settings` WHERE key = "oidcClientSecret" ORDER BY `settings`.`key` LIMIT 1

2026/01/19 19:21:24 [31;1m/Users/kylemendell/dev/getarcaneapp/arcane/backend/internal/services/settings_service.go:610 [35;1mrecord not found
[0m[33m[0.231ms] [34;1m[rows:0][0m SELECT * FROM `settings` WHERE key = "oidcIssuerUrl" ORDER BY `settings`.`key` LIMIT 1

2026/01/19 19:21:24 [31;1m/Users/kylemendell/dev/getarcaneapp/arcane/backend/internal/services/settings_service.go:610 [35;1mrecord not found
[0m[33m[0.289ms] [34;1m[rows:0][0m SELECT * FROM `settings` WHERE key = "oidcAuthorizationEndpoint" ORDER BY `settings`.`key` LIMIT 1

2026/01/19 19:21:24 [31;1m/Users/kylemendell/dev/getarcaneapp/arcane/backend/internal/services/settings_service.go:610 [35;1mrecord not found
[0m[33m[0.225ms] [34;1m[rows:0][0m SELECT * FROM `settings` WHERE key = "oidcTokenEndpoint" ORDER BY `settings`.`key` LIMIT 1

2026/01/19 19:21:24 [31;1m/Users/kylemendell/dev/getarcaneapp/arcane/backend/internal/services/settings_service.go:610 [35;1mrecord not found
[0m[33m[0.284ms] [34;1m[rows:0][0m SELECT * FROM `settings` WHERE key = "oidcUserinfoEndpoint" ORDER BY `settings`.`key` LIMIT 1

2026/01/19 19:21:24 [31;1m/Users/kylemendell/dev/getarcaneapp/arcane/backend/internal/services/settings_service.go:610 [35;1mrecord not found
[0m[33m[0.322ms] [34;1m[rows:0][0m SELECT * FROM `settings` WHERE key = "oidcJwksEndpoint" ORDER BY `settings`.`key` LIMIT 1

2026/01/19 19:21:24 [31;1m/Users/kylemendell/dev/getarcaneapp/arcane/backend/internal/services/settings_service.go:610 [35;1mrecord not found
[0m[33m[0.219ms] [34;1m[rows:0][0m SELECT * FROM `settings` WHERE key = "oidcDeviceAuthorizationEndpoint" ORDER BY `settings`.`key` LIMIT 1

2026/01/19 19:21:24 [31;1m/Users/kylemendell/dev/getarcaneapp/arcane/backend/internal/services/settings_service.go:610 [35;1mrecord not found
[0m[33m[0.362ms] [34;1m[rows:0][0m SELECT * FROM `settings` WHERE key = "oidcScopes" ORDER BY `settings`.`key` LIMIT 1

2026/01/19 19:21:24 [31;1m/Users/kylemendell/dev/getarcaneapp/arcane/backend/internal/services/settings_service.go:610 [35;1mrecord not found
[0m[33m[0.396ms] [34;1m[rows:0][0m SELECT * FROM `settings` WHERE key = "oidcAdminClaim" ORDER BY `settings`.`key` LIMIT 1

2026/01/19 19:21:24 [31;1m/Users/kylemendell/dev/getarcaneapp/arcane/backend/internal/services/settings_service.go:610 [35;1mrecord not found
[0m[33m[0.233ms] [34;1m[rows:0][0m SELECT * FROM `settings` WHERE key = "oidcAdminValue" ORDER BY `settings`.`key` LIMIT 1

2026/01/19 19:21:24 [31;1m/Users/kylemendell/dev/getarcaneapp/arcane/backend/internal/services/settings_service.go:610 [35;1mrecord not found
[0m[33m[0.256ms] [34;1m[rows:0][0m SELECT * FROM `settings` WHERE key = "oidcSkipTlsVerify" ORDER BY `settings`.`key` LIMIT 1

2026/01/19 19:21:24 [31;1m/Users/kylemendell/dev/getarcaneapp/arcane/backend/internal/services/settings_service.go:610 [35;1mrecord not found
[0m[33m[0.221ms] [34;1m[rows:0][0m SELECT * FROM `settings` WHERE key = "oidcAutoRedirectToProvider" ORDER BY `settings`.`key` LIMIT 1

2026/01/19 19:21:24 [31;1m/Users/kylemendell/dev/getarcaneapp/arcane/backend/internal/services/settings_service.go:610 [35;1mrecord not found
[0m[33m[0.210ms] [34;1m[rows:0][0m SELECT * FROM `settings` WHERE key = "oidcMergeAccounts" ORDER BY `settings`.`key` LIMIT 1

2026/01/19 19:21:24 [31;1m/Users/kylemendell/dev/getarcaneapp/arcane/backend/internal/services/settings_service.go:610 [35;1mrecord not found
[0m[33m[0.222ms] [34;1m[rows:0][0m SELECT * FROM `settings` WHERE key = "mobileNavigationMode" ORDER BY `settings`.`key` LIMIT 1

2026/01/19 19:21:24 [31;1m/Users/kylemendell/dev/getarcaneapp/arcane/backend/internal/services/settings_service.go:610 [35;1mrecord not found
[0m[33m[0.248ms] [34;1m[rows:0][0m SELECT * FROM `settings` WHERE key = "mobileNavigationShowLabels" ORDER BY `settings`.`key` LIMIT 1

2026/01/19 19:21:24 [31;1m/Users/kylemendell/dev/getarcaneapp/arcane/backend/internal/services/settings_service.go:610 [35;1mrecord not found
[0m[33m[0.279ms] [34;1m[rows:0][0m SELECT * FROM `settings` WHERE key = "sidebarHoverExpansion" ORDER BY `settings`.`key` LIMIT 1

2026/01/19 19:21:24 [31;1m/Users/kylemendell/dev/getarcaneapp/arcane/backend/internal/services/settings_service.go:610 [35;1mrecord not found
[0m[33m[0.202ms] [34;1m[rows:0][0m SELECT * FROM `settings` WHERE key = "notificationsCategory" ORDER BY `settings`.`key` LIMIT 1

2026/01/19 19:21:24 [31;1m/Users/kylemendell/dev/getarcaneapp/arcane/backend/internal/services/settings_service.go:610 [35;1mrecord not found
[0m[33m[0.276ms] [34;1m[rows:0][0m SELECT * FROM `settings` WHERE key = "agentToken" ORDER BY `settings`.`key` LIMIT 1

2026/01/19 19:21:24 [31;1m/Users/kylemendell/dev/getarcaneapp/arcane/backend/internal/services/settings_service.go:610 [35;1mrecord not found
[0m[33m[0.231ms] [34;1m[rows:0][0m SELECT * FROM `settings` WHERE key = "usersCategory" ORDER BY `settings`.`key` LIMIT 1

2026/01/19 19:21:24 [31;1m/Users/kylemendell/dev/getarcaneapp/arcane/backend/internal/services/settings_service.go:610 [35;1mrecord not found
[0m[33m[0.238ms] [34;1m[rows:0][0m SELECT * FROM `settings` WHERE key = "apiKeysCategory" ORDER BY `settings`.`key` LIMIT 1

2026/01/19 19:21:24 [31;1m/Users/kylemendell/dev/getarcaneapp/arcane/backend/internal/services/settings_service.go:610 [35;1mrecord not found
[0m[33m[0.214ms] [34;1m[rows:0][0m SELECT * FROM `settings` WHERE key = "dockerApiTimeout" ORDER BY `settings`.`key` LIMIT 1

2026/01/19 19:21:24 [31;1m/Users/kylemendell/dev/getarcaneapp/arcane/backend/internal/services/settings_service.go:610 [35;1mrecord not found
[0m[33m[0.268ms] [34;1m[rows:0][0m SELECT * FROM `settings` WHERE key = "dockerImagePullTimeout" ORDER BY `settings`.`key` LIMIT 1

2026/01/19 19:21:24 [31;1m/Users/kylemendell/dev/getarcaneapp/arcane/backend/internal/services/settings_service.go:610 [35;1mrecord not found
[0m[33m[0.198ms] [34;1m[rows:0][0m SELECT * FROM `settings` WHERE key = "gitOperationTimeout" ORDER BY `settings`.`key` LIMIT 1

2026/01/19 19:21:24 [31;1m/Users/kylemendell/dev/getarcaneapp/arcane/backend/internal/services/settings_service.go:610 [35;1mrecord not found
[0m[33m[0.199ms] [34;1m[rows:0][0m SELECT * FROM `settings` WHERE key = "httpClientTimeout" ORDER BY `settings`.`key` LIMIT 1

2026/01/19 19:21:24 [31;1m/Users/kylemendell/dev/getarcaneapp/arcane/backend/internal/services/settings_service.go:610 [35;1mrecord not found
[0m[33m[0.196ms] [34;1m[rows:0][0m SELECT * FROM `settings` WHERE key = "registryTimeout" ORDER BY `settings`.`key` LIMIT 1

2026/01/19 19:21:24 [31;1m/Users/kylemendell/dev/getarcaneapp/arcane/backend/internal/services/settings_service.go:610 [35;1mrecord not found
[0m[33m[0.216ms] [34;1m[rows:0][0m SELECT * FROM `settings` WHERE key = "proxyRequestTimeout" ORDER BY `settings`.`key` LIMIT 1
--- PASS: TestSettingsService_UpdateSettings_RefreshesCache (0.03s)
=== RUN   TestSettingsService_LoadDatabaseSettings_InternalKeys_EnvMode
--- PASS: TestSettingsService_LoadDatabaseSettings_InternalKeys_EnvMode (0.01s)
=== RUN   TestSettingsService_MigrateOidcConfigToFields

2026/01/19 19:21:24 [31;1m/Users/kylemendell/dev/getarcaneapp/arcane/backend/internal/services/settings_service.go:610 [35;1mrecord not found
[0m[33m[0.195ms] [34;1m[rows:0][0m SELECT * FROM `settings` WHERE key = "projectsDirectory" ORDER BY `settings`.`key` LIMIT 1

2026/01/19 19:21:24 [31;1m/Users/kylemendell/dev/getarcaneapp/arcane/backend/internal/services/settings_service.go:610 [35;1mrecord not found
[0m[33m[0.191ms] [34;1m[rows:0][0m SELECT * FROM `settings` WHERE key = "diskUsagePath" ORDER BY `settings`.`key` LIMIT 1

2026/01/19 19:21:24 [31;1m/Users/kylemendell/dev/getarcaneapp/arcane/backend/internal/services/settings_service.go:610 [35;1mrecord not found
[0m[33m[0.187ms] [34;1m[rows:0][0m SELECT * FROM `settings` WHERE key = "baseServerUrl" ORDER BY `settings`.`key` LIMIT 1

2026/01/19 19:21:24 [31;1m/Users/kylemendell/dev/getarcaneapp/arcane/backend/internal/services/settings_service.go:610 [35;1mrecord not found
[0m[33m[0.179ms] [34;1m[rows:0][0m SELECT * FROM `settings` WHERE key = "enableGravatar" ORDER BY `settings`.`key` LIMIT 1

2026/01/19 19:21:24 [31;1m/Users/kylemendell/dev/getarcaneapp/arcane/backend/internal/services/settings_service.go:610 [35;1mrecord not found
[0m[33m[0.276ms] [34;1m[rows:0][0m SELECT * FROM `settings` WHERE key = "defaultShell" ORDER BY `settings`.`key` LIMIT 1

2026/01/19 19:21:24 [31;1m/Users/kylemendell/dev/getarcaneapp/arcane/backend/internal/services/settings_service.go:610 [35;1mrecord not found
[0m[33m[0.177ms] [34;1m[rows:0][0m SELECT * FROM `settings` WHERE key = "environmentHealthInterval" ORDER BY `settings`.`key` LIMIT 1

2026/01/19 19:21:24 [31;1m/Users/kylemendell/dev/getarcaneapp/arcane/backend/internal/services/settings_service.go:610 [35;1mrecord not found
[0m[33m[0.188ms] [34;1m[rows:0][0m SELECT * FROM `settings` WHERE key = "accentColor" ORDER BY `settings`.`key` LIMIT 1

2026/01/19 19:21:24 [31;1m/Users/kylemendell/dev/getarcaneapp/arcane/backend/internal/services/settings_service.go:610 [35;1mrecord not found
[0m[33m[0.181ms] [34;1m[rows:0][0m SELECT * FROM `settings` WHERE key = "autoUpdate" ORDER BY `settings`.`key` LIMIT 1

2026/01/19 19:21:24 [31;1m/Users/kylemendell/dev/getarcaneapp/arcane/backend/internal/services/settings_service.go:610 [35;1mrecord not found
[0m[33m[0.179ms] [34;1m[rows:0][0m SELECT * FROM `settings` WHERE key = "autoUpdateInterval" ORDER BY `settings`.`key` LIMIT 1

2026/01/19 19:21:24 [31;1m/Users/kylemendell/dev/getarcaneapp/arcane/backend/internal/services/settings_service.go:610 [35;1mrecord not found
[0m[33m[0.187ms] [34;1m[rows:0][0m SELECT * FROM `settings` WHERE key = "pollingEnabled" ORDER BY `settings`.`key` LIMIT 1

2026/01/19 19:21:24 [31;1m/Users/kylemendell/dev/getarcaneapp/arcane/backend/internal/services/settings_service.go:610 [35;1mrecord not found
[0m[33m[0.189ms] [34;1m[rows:0][0m SELECT * FROM `settings` WHERE key = "pollingInterval" ORDER BY `settings`.`key` LIMIT 1

2026/01/19 19:21:24 [31;1m/Users/kylemendell/dev/getarcaneapp/arcane/backend/internal/services/settings_service.go:610 [35;1mrecord not found
[0m[33m[0.198ms] [34;1m[rows:0][0m SELECT * FROM `settings` WHERE key = "eventCleanupInterval" ORDER BY `settings`.`key` LIMIT 1

2026/01/19 19:21:24 [31;1m/Users/kylemendell/dev/getarcaneapp/arcane/backend/internal/services/settings_service.go:610 [35;1mrecord not found
[0m[33m[0.180ms] [34;1m[rows:0][0m SELECT * FROM `settings` WHERE key = "analyticsHeartbeatInterval" ORDER BY `settings`.`key` LIMIT 1

2026/01/19 19:21:24 [31;1m/Users/kylemendell/dev/getarcaneapp/arcane/backend/internal/services/settings_service.go:610 [35;1mrecord not found
[0m[33m[0.177ms] [34;1m[rows:0][0m SELECT * FROM `settings` WHERE key = "autoInjectEnv" ORDER BY `settings`.`key` LIMIT 1

2026/01/19 19:21:24 [31;1m/Users/kylemendell/dev/getarcaneapp/arcane/backend/internal/services/settings_service.go:610 [35;1mrecord not found
[0m[33m[0.176ms] [34;1m[rows:0][0m SELECT * FROM `settings` WHERE key = "dockerPruneMode" ORDER BY `settings`.`key` LIMIT 1

2026/01/19 19:21:24 [31;1m/Users/kylemendell/dev/getarcaneapp/arcane/backend/internal/services/settings_service.go:610 [35;1mrecord not found
[0m[33m[0.181ms] [34;1m[rows:0][0m SELECT * FROM `settings` WHERE key = "scheduledPruneEnabled" ORDER BY `settings`.`key` LIMIT 1

2026/01/19 19:21:24 [31;1m/Users/kylemendell/dev/getarcaneapp/arcane/backend/internal/services/settings_service.go:610 [35;1mrecord not found
[0m[33m[0.199ms] [34;1m[rows:0][0m SELECT * FROM `settings` WHERE key = "scheduledPruneInterval" ORDER BY `settings`.`key` LIMIT 1

2026/01/19 19:21:24 [31;1m/Users/kylemendell/dev/getarcaneapp/arcane/backend/internal/services/settings_service.go:610 [35;1mrecord not found
[0m[33m[0.201ms] [34;1m[rows:0][0m SELECT * FROM `settings` WHERE key = "scheduledPruneContainers" ORDER BY `settings`.`key` LIMIT 1

2026/01/19 19:21:24 [31;1m/Users/kylemendell/dev/getarcaneapp/arcane/backend/internal/services/settings_service.go:610 [35;1mrecord not found
[0m[33m[0.200ms] [34;1m[rows:0][0m SELECT * FROM `settings` WHERE key = "scheduledPruneImages" ORDER BY `settings`.`key` LIMIT 1

2026/01/19 19:21:24 [31;1m/Users/kylemendell/dev/getarcaneapp/arcane/backend/internal/services/settings_service.go:610 [35;1mrecord not found
[0m[33m[0.223ms] [34;1m[rows:0][0m SELECT * FROM `settings` WHERE key = "scheduledPruneVolumes" ORDER BY `settings`.`key` LIMIT 1

2026/01/19 19:21:24 [31;1m/Users/kylemendell/dev/getarcaneapp/arcane/backend/internal/services/settings_service.go:610 [35;1mrecord not found
[0m[33m[0.203ms] [34;1m[rows:0][0m SELECT * FROM `settings` WHERE key = "scheduledPruneNetworks" ORDER BY `settings`.`key` LIMIT 1

2026/01/19 19:21:24 [31;1m/Users/kylemendell/dev/getarcaneapp/arcane/backend/internal/services/settings_service.go:610 [35;1mrecord not found
[0m[33m[0.212ms] [34;1m[rows:0][0m SELECT * FROM `settings` WHERE key = "scheduledPruneBuildCache" ORDER BY `settings`.`key` LIMIT 1

2026/01/19 19:21:24 [31;1m/Users/kylemendell/dev/getarcaneapp/arcane/backend/internal/services/settings_service.go:610 [35;1mrecord not found
[0m[33m[0.203ms] [34;1m[rows:0][0m SELECT * FROM `settings` WHERE key = "maxImageUploadSize" ORDER BY `settings`.`key` LIMIT 1

2026/01/19 19:21:24 [31;1m/Users/kylemendell/dev/getarcaneapp/arcane/backend/internal/services/settings_service.go:610 [35;1mrecord not found
[0m[33m[0.214ms] [34;1m[rows:0][0m SELECT * FROM `settings` WHERE key = "dockerHost" ORDER BY `settings`.`key` LIMIT 1

2026/01/19 19:21:24 [31;1m/Users/kylemendell/dev/getarcaneapp/arcane/backend/internal/services/settings_service.go:610 [35;1mrecord not found
[0m[33m[0.187ms] [34;1m[rows:0][0m SELECT * FROM `settings` WHERE key = "authLocalEnabled" ORDER BY `settings`.`key` LIMIT 1

2026/01/19 19:21:24 [31;1m/Users/kylemendell/dev/getarcaneapp/arcane/backend/internal/services/settings_service.go:610 [35;1mrecord not found
[0m[33m[0.180ms] [34;1m[rows:0][0m SELECT * FROM `settings` WHERE key = "authSessionTimeout" ORDER BY `settings`.`key` LIMIT 1

2026/01/19 19:21:24 [31;1m/Users/kylemendell/dev/getarcaneapp/arcane/backend/internal/services/settings_service.go:610 [35;1mrecord not found
[0m[33m[0.188ms] [34;1m[rows:0][0m SELECT * FROM `settings` WHERE key = "authPasswordPolicy" ORDER BY `settings`.`key` LIMIT 1

2026/01/19 19:21:24 [31;1m/Users/kylemendell/dev/getarcaneapp/arcane/backend/internal/services/settings_service.go:610 [35;1mrecord not found
[0m[33m[0.179ms] [34;1m[rows:0][0m SELECT * FROM `settings` WHERE key = "authOidcConfig" ORDER BY `settings`.`key` LIMIT 1

2026/01/19 19:21:24 [31;1m/Users/kylemendell/dev/getarcaneapp/arcane/backend/internal/services/settings_service.go:610 [35;1mrecord not found
[0m[33m[0.189ms] [34;1m[rows:0][0m SELECT * FROM `settings` WHERE key = "oidcEnabled" ORDER BY `settings`.`key` LIMIT 1

2026/01/19 19:21:24 [31;1m/Users/kylemendell/dev/getarcaneapp/arcane/backend/internal/services/settings_service.go:610 [35;1mrecord not found
[0m[33m[0.213ms] [34;1m[rows:0][0m SELECT * FROM `settings` WHERE key = "oidcClientId" ORDER BY `settings`.`key` LIMIT 1

2026/01/19 19:21:24 [31;1m/Users/kylemendell/dev/getarcaneapp/arcane/backend/internal/services/settings_service.go:610 [35;1mrecord not found
[0m[33m[0.179ms] [34;1m[rows:0][0m SELECT * FROM `settings` WHERE key = "oidcClientSecret" ORDER BY `settings`.`key` LIMIT 1

2026/01/19 19:21:24 [31;1m/Users/kylemendell/dev/getarcaneapp/arcane/backend/internal/services/settings_service.go:610 [35;1mrecord not found
[0m[33m[0.177ms] [34;1m[rows:0][0m SELECT * FROM `settings` WHERE key = "oidcIssuerUrl" ORDER BY `settings`.`key` LIMIT 1

2026/01/19 19:21:24 [31;1m/Users/kylemendell/dev/getarcaneapp/arcane/backend/internal/services/settings_service.go:610 [35;1mrecord not found
[0m[33m[0.177ms] [34;1m[rows:0][0m SELECT * FROM `settings` WHERE key = "oidcAuthorizationEndpoint" ORDER BY `settings`.`key` LIMIT 1

2026/01/19 19:21:24 [31;1m/Users/kylemendell/dev/getarcaneapp/arcane/backend/internal/services/settings_service.go:610 [35;1mrecord not found
[0m[33m[0.178ms] [34;1m[rows:0][0m SELECT * FROM `settings` WHERE key = "oidcTokenEndpoint" ORDER BY `settings`.`key` LIMIT 1

2026/01/19 19:21:24 [31;1m/Users/kylemendell/dev/getarcaneapp/arcane/backend/internal/services/settings_service.go:610 [35;1mrecord not found
[0m[33m[0.221ms] [34;1m[rows:0][0m SELECT * FROM `settings` WHERE key = "oidcUserinfoEndpoint" ORDER BY `settings`.`key` LIMIT 1

2026/01/19 19:21:24 [31;1m/Users/kylemendell/dev/getarcaneapp/arcane/backend/internal/services/settings_service.go:610 [35;1mrecord not found
[0m[33m[0.214ms] [34;1m[rows:0][0m SELECT * FROM `settings` WHERE key = "oidcJwksEndpoint" ORDER BY `settings`.`key` LIMIT 1

2026/01/19 19:21:24 [31;1m/Users/kylemendell/dev/getarcaneapp/arcane/backend/internal/services/settings_service.go:610 [35;1mrecord not found
[0m[33m[0.179ms] [34;1m[rows:0][0m SELECT * FROM `settings` WHERE key = "oidcDeviceAuthorizationEndpoint" ORDER BY `settings`.`key` LIMIT 1

2026/01/19 19:21:24 [31;1m/Users/kylemendell/dev/getarcaneapp/arcane/backend/internal/services/settings_service.go:610 [35;1mrecord not found
[0m[33m[0.181ms] [34;1m[rows:0][0m SELECT * FROM `settings` WHERE key = "oidcScopes" ORDER BY `settings`.`key` LIMIT 1

2026/01/19 19:21:24 [31;1m/Users/kylemendell/dev/getarcaneapp/arcane/backend/internal/services/settings_service.go:610 [35;1mrecord not found
[0m[33m[0.182ms] [34;1m[rows:0][0m SELECT * FROM `settings` WHERE key = "oidcAdminClaim" ORDER BY `settings`.`key` LIMIT 1

2026/01/19 19:21:24 [31;1m/Users/kylemendell/dev/getarcaneapp/arcane/backend/internal/services/settings_service.go:610 [35;1mrecord not found
[0m[33m[0.177ms] [34;1m[rows:0][0m SELECT * FROM `settings` WHERE key = "oidcAdminValue" ORDER BY `settings`.`key` LIMIT 1

2026/01/19 19:21:24 [31;1m/Users/kylemendell/dev/getarcaneapp/arcane/backend/internal/services/settings_service.go:610 [35;1mrecord not found
[0m[33m[0.177ms] [34;1m[rows:0][0m SELECT * FROM `settings` WHERE key = "oidcSkipTlsVerify" ORDER BY `settings`.`key` LIMIT 1

2026/01/19 19:21:24 [31;1m/Users/kylemendell/dev/getarcaneapp/arcane/backend/internal/services/settings_service.go:610 [35;1mrecord not found
[0m[33m[0.193ms] [34;1m[rows:0][0m SELECT * FROM `settings` WHERE key = "oidcAutoRedirectToProvider" ORDER BY `settings`.`key` LIMIT 1

2026/01/19 19:21:24 [31;1m/Users/kylemendell/dev/getarcaneapp/arcane/backend/internal/services/settings_service.go:610 [35;1mrecord not found
[0m[33m[0.209ms] [34;1m[rows:0][0m SELECT * FROM `settings` WHERE key = "oidcMergeAccounts" ORDER BY `settings`.`key` LIMIT 1

2026/01/19 19:21:24 [31;1m/Users/kylemendell/dev/getarcaneapp/arcane/backend/internal/services/settings_service.go:610 [35;1mrecord not found
[0m[33m[0.177ms] [34;1m[rows:0][0m SELECT * FROM `settings` WHERE key = "mobileNavigationMode" ORDER BY `settings`.`key` LIMIT 1

2026/01/19 19:21:24 [31;1m/Users/kylemendell/dev/getarcaneapp/arcane/backend/internal/services/settings_service.go:610 [35;1mrecord not found
[0m[33m[0.178ms] [34;1m[rows:0][0m SELECT * FROM `settings` WHERE key = "mobileNavigationShowLabels" ORDER BY `settings`.`key` LIMIT 1

2026/01/19 19:21:24 [31;1m/Users/kylemendell/dev/getarcaneapp/arcane/backend/internal/services/settings_service.go:610 [35;1mrecord not found
[0m[33m[0.179ms] [34;1m[rows:0][0m SELECT * FROM `settings` WHERE key = "sidebarHoverExpansion" ORDER BY `settings`.`key` LIMIT 1

2026/01/19 19:21:24 [31;1m/Users/kylemendell/dev/getarcaneapp/arcane/backend/internal/services/settings_service.go:610 [35;1mrecord not found
[0m[33m[0.181ms] [34;1m[rows:0][0m SELECT * FROM `settings` WHERE key = "notificationsCategory" ORDER BY `settings`.`key` LIMIT 1

2026/01/19 19:21:24 [31;1m/Users/kylemendell/dev/getarcaneapp/arcane/backend/internal/services/settings_service.go:610 [35;1mrecord not found
[0m[33m[0.185ms] [34;1m[rows:0][0m SELECT * FROM `settings` WHERE key = "agentToken" ORDER BY `settings`.`key` LIMIT 1

2026/01/19 19:21:24 [31;1m/Users/kylemendell/dev/getarcaneapp/arcane/backend/internal/services/settings_service.go:610 [35;1mrecord not found
[0m[33m[0.201ms] [34;1m[rows:0][0m SELECT * FROM `settings` WHERE key = "usersCategory" ORDER BY `settings`.`key` LIMIT 1

2026/01/19 19:21:24 [31;1m/Users/kylemendell/dev/getarcaneapp/arcane/backend/internal/services/settings_service.go:610 [35;1mrecord not found
[0m[33m[0.226ms] [34;1m[rows:0][0m SELECT * FROM `settings` WHERE key = "apiKeysCategory" ORDER BY `settings`.`key` LIMIT 1

2026/01/19 19:21:24 [31;1m/Users/kylemendell/dev/getarcaneapp/arcane/backend/internal/services/settings_service.go:610 [35;1mrecord not found
[0m[33m[0.204ms] [34;1m[rows:0][0m SELECT * FROM `settings` WHERE key = "dockerApiTimeout" ORDER BY `settings`.`key` LIMIT 1

2026/01/19 19:21:24 [31;1m/Users/kylemendell/dev/getarcaneapp/arcane/backend/internal/services/settings_service.go:610 [35;1mrecord not found
[0m[33m[0.200ms] [34;1m[rows:0][0m SELECT * FROM `settings` WHERE key = "dockerImagePullTimeout" ORDER BY `settings`.`key` LIMIT 1

2026/01/19 19:21:24 [31;1m/Users/kylemendell/dev/getarcaneapp/arcane/backend/internal/services/settings_service.go:610 [35;1mrecord not found
[0m[33m[0.188ms] [34;1m[rows:0][0m SELECT * FROM `settings` WHERE key = "gitOperationTimeout" ORDER BY `settings`.`key` LIMIT 1

2026/01/19 19:21:24 [31;1m/Users/kylemendell/dev/getarcaneapp/arcane/backend/internal/services/settings_service.go:610 [35;1mrecord not found
[0m[33m[0.201ms] [34;1m[rows:0][0m SELECT * FROM `settings` WHERE key = "httpClientTimeout" ORDER BY `settings`.`key` LIMIT 1

2026/01/19 19:21:24 [31;1m/Users/kylemendell/dev/getarcaneapp/arcane/backend/internal/services/settings_service.go:610 [35;1mrecord not found
[0m[33m[0.205ms] [34;1m[rows:0][0m SELECT * FROM `settings` WHERE key = "registryTimeout" ORDER BY `settings`.`key` LIMIT 1

2026/01/19 19:21:24 [31;1m/Users/kylemendell/dev/getarcaneapp/arcane/backend/internal/services/settings_service.go:610 [35;1mrecord not found
[0m[33m[0.180ms] [34;1m[rows:0][0m SELECT * FROM `settings` WHERE key = "proxyRequestTimeout" ORDER BY `settings`.`key` LIMIT 1

2026/01/19 19:21:24 [31;1m/Users/kylemendell/dev/getarcaneapp/arcane/backend/internal/services/settings_service.go:384 [35;1mrecord not found
[0m[33m[0.217ms] [34;1m[rows:0][0m SELECT * FROM `settings` WHERE key = "authOidcMergeAccounts" ORDER BY `settings`.`key` LIMIT 1

2026/01/19 19:21:24 [31;1m/Users/kylemendell/dev/getarcaneapp/arcane/backend/internal/services/settings_service.go:384 [35;1mrecord not found
[0m[33m[0.207ms] [34;1m[rows:0][0m SELECT * FROM `settings` WHERE key = "authOidcClientId" ORDER BY `settings`.`key` LIMIT 1

2026/01/19 19:21:24 [31;1m/Users/kylemendell/dev/getarcaneapp/arcane/backend/internal/services/settings_service.go:384 [35;1mrecord not found
[0m[33m[0.258ms] [34;1m[rows:0][0m SELECT * FROM `settings` WHERE key = "authOidcClientSecret" ORDER BY `settings`.`key` LIMIT 1

2026/01/19 19:21:24 [31;1m/Users/kylemendell/dev/getarcaneapp/arcane/backend/internal/services/settings_service.go:384 [35;1mrecord not found
[0m[33m[0.194ms] [34;1m[rows:0][0m SELECT * FROM `settings` WHERE key = "authOidcIssuerUrl" ORDER BY `settings`.`key` LIMIT 1

2026/01/19 19:21:24 [31;1m/Users/kylemendell/dev/getarcaneapp/arcane/backend/internal/services/settings_service.go:384 [35;1mrecord not found
[0m[33m[0.180ms] [34;1m[rows:0][0m SELECT * FROM `settings` WHERE key = "authOidcScopes" ORDER BY `settings`.`key` LIMIT 1

2026/01/19 19:21:24 [31;1m/Users/kylemendell/dev/getarcaneapp/arcane/backend/internal/services/settings_service.go:384 [35;1mrecord not found
[0m[33m[0.184ms] [34;1m[rows:0][0m SELECT * FROM `settings` WHERE key = "authOidcAdminClaim" ORDER BY `settings`.`key` LIMIT 1

2026/01/19 19:21:24 [31;1m/Users/kylemendell/dev/getarcaneapp/arcane/backend/internal/services/settings_service.go:384 [35;1mrecord not found
[0m[33m[0.183ms] [34;1m[rows:0][0m SELECT * FROM `settings` WHERE key = "authOidcAdminValue" ORDER BY `settings`.`key` LIMIT 1

2026/01/19 19:21:24 [31;1m/Users/kylemendell/dev/getarcaneapp/arcane/backend/internal/services/settings_service.go:384 [35;1mrecord not found
[0m[33m[0.178ms] [34;1m[rows:0][0m SELECT * FROM `settings` WHERE key = "authOidcEnabled" ORDER BY `settings`.`key` LIMIT 1
2026/01/19 19:21:24 INFO Migrating legacy OIDC config to individual fields
2026/01/19 19:21:24 INFO Successfully migrated OIDC config to individual fields
--- PASS: TestSettingsService_MigrateOidcConfigToFields (0.04s)
=== RUN   TestSettingsService_MigrateOidcConfigToFields_SkipsIfAlreadyMigrated

2026/01/19 19:21:24 [31;1m/Users/kylemendell/dev/getarcaneapp/arcane/backend/internal/services/settings_service.go:610 [35;1mrecord not found
[0m[33m[0.243ms] [34;1m[rows:0][0m SELECT * FROM `settings` WHERE key = "projectsDirectory" ORDER BY `settings`.`key` LIMIT 1

2026/01/19 19:21:24 [31;1m/Users/kylemendell/dev/getarcaneapp/arcane/backend/internal/services/settings_service.go:610 [35;1mrecord not found
[0m[33m[0.275ms] [34;1m[rows:0][0m SELECT * FROM `settings` WHERE key = "diskUsagePath" ORDER BY `settings`.`key` LIMIT 1

2026/01/19 19:21:24 [31;1m/Users/kylemendell/dev/getarcaneapp/arcane/backend/internal/services/settings_service.go:610 [35;1mrecord not found
[0m[33m[0.202ms] [34;1m[rows:0][0m SELECT * FROM `settings` WHERE key = "baseServerUrl" ORDER BY `settings`.`key` LIMIT 1

2026/01/19 19:21:24 [31;1m/Users/kylemendell/dev/getarcaneapp/arcane/backend/internal/services/settings_service.go:610 [35;1mrecord not found
[0m[33m[0.189ms] [34;1m[rows:0][0m SELECT * FROM `settings` WHERE key = "enableGravatar" ORDER BY `settings`.`key` LIMIT 1

2026/01/19 19:21:24 [31;1m/Users/kylemendell/dev/getarcaneapp/arcane/backend/internal/services/settings_service.go:610 [35;1mrecord not found
[0m[33m[0.178ms] [34;1m[rows:0][0m SELECT * FROM `settings` WHERE key = "defaultShell" ORDER BY `settings`.`key` LIMIT 1

2026/01/19 19:21:24 [31;1m/Users/kylemendell/dev/getarcaneapp/arcane/backend/internal/services/settings_service.go:610 [35;1mrecord not found
[0m[33m[0.181ms] [34;1m[rows:0][0m SELECT * FROM `settings` WHERE key = "environmentHealthInterval" ORDER BY `settings`.`key` LIMIT 1

2026/01/19 19:21:24 [31;1m/Users/kylemendell/dev/getarcaneapp/arcane/backend/internal/services/settings_service.go:610 [35;1mrecord not found
[0m[33m[0.180ms] [34;1m[rows:0][0m SELECT * FROM `settings` WHERE key = "accentColor" ORDER BY `settings`.`key` LIMIT 1

2026/01/19 19:21:24 [31;1m/Users/kylemendell/dev/getarcaneapp/arcane/backend/internal/services/settings_service.go:610 [35;1mrecord not found
[0m[33m[0.177ms] [34;1m[rows:0][0m SELECT * FROM `settings` WHERE key = "autoUpdate" ORDER BY `settings`.`key` LIMIT 1

2026/01/19 19:21:24 [31;1m/Users/kylemendell/dev/getarcaneapp/arcane/backend/internal/services/settings_service.go:610 [35;1mrecord not found
[0m[33m[0.177ms] [34;1m[rows:0][0m SELECT * FROM `settings` WHERE key = "autoUpdateInterval" ORDER BY `settings`.`key` LIMIT 1

2026/01/19 19:21:24 [31;1m/Users/kylemendell/dev/getarcaneapp/arcane/backend/internal/services/settings_service.go:610 [35;1mrecord not found
[0m[33m[0.176ms] [34;1m[rows:0][0m SELECT * FROM `settings` WHERE key = "pollingEnabled" ORDER BY `settings`.`key` LIMIT 1

2026/01/19 19:21:24 [31;1m/Users/kylemendell/dev/getarcaneapp/arcane/backend/internal/services/settings_service.go:610 [35;1mrecord not found
[0m[33m[0.191ms] [34;1m[rows:0][0m SELECT * FROM `settings` WHERE key = "pollingInterval" ORDER BY `settings`.`key` LIMIT 1

2026/01/19 19:21:24 [31;1m/Users/kylemendell/dev/getarcaneapp/arcane/backend/internal/services/settings_service.go:610 [35;1mrecord not found
[0m[33m[0.203ms] [34;1m[rows:0][0m SELECT * FROM `settings` WHERE key = "eventCleanupInterval" ORDER BY `settings`.`key` LIMIT 1

2026/01/19 19:21:24 [31;1m/Users/kylemendell/dev/getarcaneapp/arcane/backend/internal/services/settings_service.go:610 [35;1mrecord not found
[0m[33m[0.192ms] [34;1m[rows:0][0m SELECT * FROM `settings` WHERE key = "analyticsHeartbeatInterval" ORDER BY `settings`.`key` LIMIT 1

2026/01/19 19:21:24 [31;1m/Users/kylemendell/dev/getarcaneapp/arcane/backend/internal/services/settings_service.go:610 [35;1mrecord not found
[0m[33m[0.190ms] [34;1m[rows:0][0m SELECT * FROM `settings` WHERE key = "autoInjectEnv" ORDER BY `settings`.`key` LIMIT 1

2026/01/19 19:21:24 [31;1m/Users/kylemendell/dev/getarcaneapp/arcane/backend/internal/services/settings_service.go:610 [35;1mrecord not found
[0m[33m[0.181ms] [34;1m[rows:0][0m SELECT * FROM `settings` WHERE key = "dockerPruneMode" ORDER BY `settings`.`key` LIMIT 1

2026/01/19 19:21:24 [31;1m/Users/kylemendell/dev/getarcaneapp/arcane/backend/internal/services/settings_service.go:610 [35;1mrecord not found
[0m[33m[0.231ms] [34;1m[rows:0][0m SELECT * FROM `settings` WHERE key = "scheduledPruneEnabled" ORDER BY `settings`.`key` LIMIT 1

2026/01/19 19:21:24 [31;1m/Users/kylemendell/dev/getarcaneapp/arcane/backend/internal/services/settings_service.go:610 [35;1mrecord not found
[0m[33m[0.219ms] [34;1m[rows:0][0m SELECT * FROM `settings` WHERE key = "scheduledPruneInterval" ORDER BY `settings`.`key` LIMIT 1

2026/01/19 19:21:24 [31;1m/Users/kylemendell/dev/getarcaneapp/arcane/backend/internal/services/settings_service.go:610 [35;1mrecord not found
[0m[33m[0.214ms] [34;1m[rows:0][0m SELECT * FROM `settings` WHERE key = "scheduledPruneContainers" ORDER BY `settings`.`key` LIMIT 1

2026/01/19 19:21:24 [31;1m/Users/kylemendell/dev/getarcaneapp/arcane/backend/internal/services/settings_service.go:610 [35;1mrecord not found
[0m[33m[0.269ms] [34;1m[rows:0][0m SELECT * FROM `settings` WHERE key = "scheduledPruneImages" ORDER BY `settings`.`key` LIMIT 1

2026/01/19 19:21:24 [31;1m/Users/kylemendell/dev/getarcaneapp/arcane/backend/internal/services/settings_service.go:610 [35;1mrecord not found
[0m[33m[0.259ms] [34;1m[rows:0][0m SELECT * FROM `settings` WHERE key = "scheduledPruneVolumes" ORDER BY `settings`.`key` LIMIT 1

2026/01/19 19:21:24 [31;1m/Users/kylemendell/dev/getarcaneapp/arcane/backend/internal/services/settings_service.go:610 [35;1mrecord not found
[0m[33m[0.245ms] [34;1m[rows:0][0m SELECT * FROM `settings` WHERE key = "scheduledPruneNetworks" ORDER BY `settings`.`key` LIMIT 1

2026/01/19 19:21:24 [31;1m/Users/kylemendell/dev/getarcaneapp/arcane/backend/internal/services/settings_service.go:610 [35;1mrecord not found
[0m[33m[0.242ms] [34;1m[rows:0][0m SELECT * FROM `settings` WHERE key = "scheduledPruneBuildCache" ORDER BY `settings`.`key` LIMIT 1

2026/01/19 19:21:24 [31;1m/Users/kylemendell/dev/getarcaneapp/arcane/backend/internal/services/settings_service.go:610 [35;1mrecord not found
[0m[33m[0.241ms] [34;1m[rows:0][0m SELECT * FROM `settings` WHERE key = "maxImageUploadSize" ORDER BY `settings`.`key` LIMIT 1

2026/01/19 19:21:24 [31;1m/Users/kylemendell/dev/getarcaneapp/arcane/backend/internal/services/settings_service.go:610 [35;1mrecord not found
[0m[33m[0.284ms] [34;1m[rows:0][0m SELECT * FROM `settings` WHERE key = "dockerHost" ORDER BY `settings`.`key` LIMIT 1

2026/01/19 19:21:24 [31;1m/Users/kylemendell/dev/getarcaneapp/arcane/backend/internal/services/settings_service.go:610 [35;1mrecord not found
[0m[33m[0.240ms] [34;1m[rows:0][0m SELECT * FROM `settings` WHERE key = "authLocalEnabled" ORDER BY `settings`.`key` LIMIT 1

2026/01/19 19:21:24 [31;1m/Users/kylemendell/dev/getarcaneapp/arcane/backend/internal/services/settings_service.go:610 [35;1mrecord not found
[0m[33m[0.286ms] [34;1m[rows:0][0m SELECT * FROM `settings` WHERE key = "authSessionTimeout" ORDER BY `settings`.`key` LIMIT 1

2026/01/19 19:21:24 [31;1m/Users/kylemendell/dev/getarcaneapp/arcane/backend/internal/services/settings_service.go:610 [35;1mrecord not found
[0m[33m[0.185ms] [34;1m[rows:0][0m SELECT * FROM `settings` WHERE key = "authPasswordPolicy" ORDER BY `settings`.`key` LIMIT 1

2026/01/19 19:21:24 [31;1m/Users/kylemendell/dev/getarcaneapp/arcane/backend/internal/services/settings_service.go:610 [35;1mrecord not found
[0m[33m[0.187ms] [34;1m[rows:0][0m SELECT * FROM `settings` WHERE key = "authOidcConfig" ORDER BY `settings`.`key` LIMIT 1

2026/01/19 19:21:24 [31;1m/Users/kylemendell/dev/getarcaneapp/arcane/backend/internal/services/settings_service.go:610 [35;1mrecord not found
[0m[33m[0.221ms] [34;1m[rows:0][0m SELECT * FROM `settings` WHERE key = "oidcEnabled" ORDER BY `settings`.`key` LIMIT 1

2026/01/19 19:21:24 [31;1m/Users/kylemendell/dev/getarcaneapp/arcane/backend/internal/services/settings_service.go:610 [35;1mrecord not found
[0m[33m[0.189ms] [34;1m[rows:0][0m SELECT * FROM `settings` WHERE key = "oidcClientId" ORDER BY `settings`.`key` LIMIT 1

2026/01/19 19:21:24 [31;1m/Users/kylemendell/dev/getarcaneapp/arcane/backend/internal/services/settings_service.go:610 [35;1mrecord not found
[0m[33m[0.181ms] [34;1m[rows:0][0m SELECT * FROM `settings` WHERE key = "oidcClientSecret" ORDER BY `settings`.`key` LIMIT 1

2026/01/19 19:21:24 [31;1m/Users/kylemendell/dev/getarcaneapp/arcane/backend/internal/services/settings_service.go:610 [35;1mrecord not found
[0m[33m[0.183ms] [34;1m[rows:0][0m SELECT * FROM `settings` WHERE key = "oidcIssuerUrl" ORDER BY `settings`.`key` LIMIT 1

2026/01/19 19:21:24 [31;1m/Users/kylemendell/dev/getarcaneapp/arcane/backend/internal/services/settings_service.go:610 [35;1mrecord not found
[0m[33m[0.179ms] [34;1m[rows:0][0m SELECT * FROM `settings` WHERE key = "oidcAuthorizationEndpoint" ORDER BY `settings`.`key` LIMIT 1

2026/01/19 19:21:24 [31;1m/Users/kylemendell/dev/getarcaneapp/arcane/backend/internal/services/settings_service.go:610 [35;1mrecord not found
[0m[33m[0.179ms] [34;1m[rows:0][0m SELECT * FROM `settings` WHERE key = "oidcTokenEndpoint" ORDER BY `settings`.`key` LIMIT 1

2026/01/19 19:21:24 [31;1m/Users/kylemendell/dev/getarcaneapp/arcane/backend/internal/services/settings_service.go:610 [35;1mrecord not found
[0m[33m[0.179ms] [34;1m[rows:0][0m SELECT * FROM `settings` WHERE key = "oidcUserinfoEndpoint" ORDER BY `settings`.`key` LIMIT 1

2026/01/19 19:21:24 [31;1m/Users/kylemendell/dev/getarcaneapp/arcane/backend/internal/services/settings_service.go:610 [35;1mrecord not found
[0m[33m[0.198ms] [34;1m[rows:0][0m SELECT * FROM `settings` WHERE key = "oidcJwksEndpoint" ORDER BY `settings`.`key` LIMIT 1

2026/01/19 19:21:24 [31;1m/Users/kylemendell/dev/getarcaneapp/arcane/backend/internal/services/settings_service.go:610 [35;1mrecord not found
[0m[33m[0.210ms] [34;1m[rows:0][0m SELECT * FROM `settings` WHERE key = "oidcDeviceAuthorizationEndpoint" ORDER BY `settings`.`key` LIMIT 1

2026/01/19 19:21:24 [31;1m/Users/kylemendell/dev/getarcaneapp/arcane/backend/internal/services/settings_service.go:610 [35;1mrecord not found
[0m[33m[0.236ms] [34;1m[rows:0][0m SELECT * FROM `settings` WHERE key = "oidcScopes" ORDER BY `settings`.`key` LIMIT 1

2026/01/19 19:21:24 [31;1m/Users/kylemendell/dev/getarcaneapp/arcane/backend/internal/services/settings_service.go:610 [35;1mrecord not found
[0m[33m[0.294ms] [34;1m[rows:0][0m SELECT * FROM `settings` WHERE key = "oidcAdminClaim" ORDER BY `settings`.`key` LIMIT 1

2026/01/19 19:21:24 [31;1m/Users/kylemendell/dev/getarcaneapp/arcane/backend/internal/services/settings_service.go:610 [35;1mrecord not found
[0m[33m[0.189ms] [34;1m[rows:0][0m SELECT * FROM `settings` WHERE key = "oidcAdminValue" ORDER BY `settings`.`key` LIMIT 1

2026/01/19 19:21:24 [31;1m/Users/kylemendell/dev/getarcaneapp/arcane/backend/internal/services/settings_service.go:610 [35;1mrecord not found
[0m[33m[0.530ms] [34;1m[rows:0][0m SELECT * FROM `settings` WHERE key = "oidcSkipTlsVerify" ORDER BY `settings`.`key` LIMIT 1

2026/01/19 19:21:24 [31;1m/Users/kylemendell/dev/getarcaneapp/arcane/backend/internal/services/settings_service.go:610 [35;1mrecord not found
[0m[33m[0.298ms] [34;1m[rows:0][0m SELECT * FROM `settings` WHERE key = "oidcAutoRedirectToProvider" ORDER BY `settings`.`key` LIMIT 1

2026/01/19 19:21:24 [31;1m/Users/kylemendell/dev/getarcaneapp/arcane/backend/internal/services/settings_service.go:610 [35;1mrecord not found
[0m[33m[0.219ms] [34;1m[rows:0][0m SELECT * FROM `settings` WHERE key = "oidcMergeAccounts" ORDER BY `settings`.`key` LIMIT 1

2026/01/19 19:21:24 [31;1m/Users/kylemendell/dev/getarcaneapp/arcane/backend/internal/services/settings_service.go:610 [35;1mrecord not found
[0m[33m[1.335ms] [34;1m[rows:0][0m SELECT * FROM `settings` WHERE key = "mobileNavigationMode" ORDER BY `settings`.`key` LIMIT 1

2026/01/19 19:21:24 [31;1m/Users/kylemendell/dev/getarcaneapp/arcane/backend/internal/services/settings_service.go:610 [35;1mrecord not found
[0m[33m[0.211ms] [34;1m[rows:0][0m SELECT * FROM `settings` WHERE key = "mobileNavigationShowLabels" ORDER BY `settings`.`key` LIMIT 1

2026/01/19 19:21:24 [31;1m/Users/kylemendell/dev/getarcaneapp/arcane/backend/internal/services/settings_service.go:610 [35;1mrecord not found
[0m[33m[0.181ms] [34;1m[rows:0][0m SELECT * FROM `settings` WHERE key = "sidebarHoverExpansion" ORDER BY `settings`.`key` LIMIT 1

2026/01/19 19:21:24 [31;1m/Users/kylemendell/dev/getarcaneapp/arcane/backend/internal/services/settings_service.go:610 [35;1mrecord not found
[0m[33m[0.179ms] [34;1m[rows:0][0m SELECT * FROM `settings` WHERE key = "notificationsCategory" ORDER BY `settings`.`key` LIMIT 1

2026/01/19 19:21:24 [31;1m/Users/kylemendell/dev/getarcaneapp/arcane/backend/internal/services/settings_service.go:610 [35;1mrecord not found
[0m[33m[0.180ms] [34;1m[rows:0][0m SELECT * FROM `settings` WHERE key = "agentToken" ORDER BY `settings`.`key` LIMIT 1

2026/01/19 19:21:24 [31;1m/Users/kylemendell/dev/getarcaneapp/arcane/backend/internal/services/settings_service.go:610 [35;1mrecord not found
[0m[33m[0.176ms] [34;1m[rows:0][0m SELECT * FROM `settings` WHERE key = "usersCategory" ORDER BY `settings`.`key` LIMIT 1

2026/01/19 19:21:24 [31;1m/Users/kylemendell/dev/getarcaneapp/arcane/backend/internal/services/settings_service.go:610 [35;1mrecord not found
[0m[33m[0.176ms] [34;1m[rows:0][0m SELECT * FROM `settings` WHERE key = "apiKeysCategory" ORDER BY `settings`.`key` LIMIT 1

2026/01/19 19:21:24 [31;1m/Users/kylemendell/dev/getarcaneapp/arcane/backend/internal/services/settings_service.go:610 [35;1mrecord not found
[0m[33m[25.544ms] [34;1m[rows:0][0m SELECT * FROM `settings` WHERE key = "dockerApiTimeout" ORDER BY `settings`.`key` LIMIT 1

2026/01/19 19:21:24 [31;1m/Users/kylemendell/dev/getarcaneapp/arcane/backend/internal/services/settings_service.go:610 [35;1mrecord not found
[0m[33m[0.336ms] [34;1m[rows:0][0m SELECT * FROM `settings` WHERE key = "dockerImagePullTimeout" ORDER BY `settings`.`key` LIMIT 1

2026/01/19 19:21:24 [31;1m/Users/kylemendell/dev/getarcaneapp/arcane/backend/internal/services/settings_service.go:610 [35;1mrecord not found
[0m[33m[0.400ms] [34;1m[rows:0][0m SELECT * FROM `settings` WHERE key = "gitOperationTimeout" ORDER BY `settings`.`key` LIMIT 1

2026/01/19 19:21:24 [31;1m/Users/kylemendell/dev/getarcaneapp/arcane/backend/internal/services/settings_service.go:610 [35;1mrecord not found
[0m[33m[0.255ms] [34;1m[rows:0][0m SELECT * FROM `settings` WHERE key = "httpClientTimeout" ORDER BY `settings`.`key` LIMIT 1

2026/01/19 19:21:24 [31;1m/Users/kylemendell/dev/getarcaneapp/arcane/backend/internal/services/settings_service.go:610 [35;1mrecord not found
[0m[33m[0.252ms] [34;1m[rows:0][0m SELECT * FROM `settings` WHERE key = "registryTimeout" ORDER BY `settings`.`key` LIMIT 1

2026/01/19 19:21:24 [31;1m/Users/kylemendell/dev/getarcaneapp/arcane/backend/internal/services/settings_service.go:610 [35;1mrecord not found
[0m[33m[0.248ms] [34;1m[rows:0][0m SELECT * FROM `settings` WHERE key = "proxyRequestTimeout" ORDER BY `settings`.`key` LIMIT 1

2026/01/19 19:21:24 [31;1m/Users/kylemendell/dev/getarcaneapp/arcane/backend/internal/services/settings_service.go:384 [35;1mrecord not found
[0m[33m[0.246ms] [34;1m[rows:0][0m SELECT * FROM `settings` WHERE key = "authOidcScopes" ORDER BY `settings`.`key` LIMIT 1

2026/01/19 19:21:24 [31;1m/Users/kylemendell/dev/getarcaneapp/arcane/backend/internal/services/settings_service.go:384 [35;1mrecord not found
[0m[33m[0.269ms] [34;1m[rows:0][0m SELECT * FROM `settings` WHERE key = "authOidcAdminClaim" ORDER BY `settings`.`key` LIMIT 1

2026/01/19 19:21:24 [31;1m/Users/kylemendell/dev/getarcaneapp/arcane/backend/internal/services/settings_service.go:384 [35;1mrecord not found
[0m[33m[0.373ms] [34;1m[rows:0][0m SELECT * FROM `settings` WHERE key = "authOidcAdminValue" ORDER BY `settings`.`key` LIMIT 1

2026/01/19 19:21:24 [31;1m/Users/kylemendell/dev/getarcaneapp/arcane/backend/internal/services/settings_service.go:384 [35;1mrecord not found
[0m[33m[0.182ms] [34;1m[rows:0][0m SELECT * FROM `settings` WHERE key = "authOidcEnabled" ORDER BY `settings`.`key` LIMIT 1

2026/01/19 19:21:24 [31;1m/Users/kylemendell/dev/getarcaneapp/arcane/backend/internal/services/settings_service.go:384 [35;1mrecord not found
[0m[33m[0.177ms] [34;1m[rows:0][0m SELECT * FROM `settings` WHERE key = "authOidcMergeAccounts" ORDER BY `settings`.`key` LIMIT 1

2026/01/19 19:21:24 [31;1m/Users/kylemendell/dev/getarcaneapp/arcane/backend/internal/services/settings_service.go:384 [35;1mrecord not found
[0m[33m[0.176ms] [34;1m[rows:0][0m SELECT * FROM `settings` WHERE key = "authOidcClientId" ORDER BY `settings`.`key` LIMIT 1

2026/01/19 19:21:24 [31;1m/Users/kylemendell/dev/getarcaneapp/arcane/backend/internal/services/settings_service.go:384 [35;1mrecord not found
[0m[33m[0.304ms] [34;1m[rows:0][0m SELECT * FROM `settings` WHERE key = "authOidcClientSecret" ORDER BY `settings`.`key` LIMIT 1

2026/01/19 19:21:24 [31;1m/Users/kylemendell/dev/getarcaneapp/arcane/backend/internal/services/settings_service.go:384 [35;1mrecord not found
[0m[33m[0.185ms] [34;1m[rows:0][0m SELECT * FROM `settings` WHERE key = "authOidcIssuerUrl" ORDER BY `settings`.`key` LIMIT 1
--- PASS: TestSettingsService_MigrateOidcConfigToFields_SkipsIfAlreadyMigrated (0.06s)
=== RUN   TestSettingsService_MigrateOidcConfigToFields_RealWorldJSON

2026/01/19 19:21:24 [31;1m/Users/kylemendell/dev/getarcaneapp/arcane/backend/internal/services/settings_service.go:610 [35;1mrecord not found
[0m[33m[0.237ms] [34;1m[rows:0][0m SELECT * FROM `settings` WHERE key = "projectsDirectory" ORDER BY `settings`.`key` LIMIT 1

2026/01/19 19:21:24 [31;1m/Users/kylemendell/dev/getarcaneapp/arcane/backend/internal/services/settings_service.go:610 [35;1mrecord not found
[0m[33m[0.183ms] [34;1m[rows:0][0m SELECT * FROM `settings` WHERE key = "diskUsagePath" ORDER BY `settings`.`key` LIMIT 1

2026/01/19 19:21:24 [31;1m/Users/kylemendell/dev/getarcaneapp/arcane/backend/internal/services/settings_service.go:610 [35;1mrecord not found
[0m[33m[0.197ms] [34;1m[rows:0][0m SELECT * FROM `settings` WHERE key = "baseServerUrl" ORDER BY `settings`.`key` LIMIT 1

2026/01/19 19:21:24 [31;1m/Users/kylemendell/dev/getarcaneapp/arcane/backend/internal/services/settings_service.go:610 [35;1mrecord not found
[0m[33m[0.186ms] [34;1m[rows:0][0m SELECT * FROM `settings` WHERE key = "enableGravatar" ORDER BY `settings`.`key` LIMIT 1

2026/01/19 19:21:24 [31;1m/Users/kylemendell/dev/getarcaneapp/arcane/backend/internal/services/settings_service.go:610 [35;1mrecord not found
[0m[33m[0.376ms] [34;1m[rows:0][0m SELECT * FROM `settings` WHERE key = "defaultShell" ORDER BY `settings`.`key` LIMIT 1

2026/01/19 19:21:24 [31;1m/Users/kylemendell/dev/getarcaneapp/arcane/backend/internal/services/settings_service.go:610 [35;1mrecord not found
[0m[33m[0.347ms] [34;1m[rows:0][0m SELECT * FROM `settings` WHERE key = "environmentHealthInterval" ORDER BY `settings`.`key` LIMIT 1

2026/01/19 19:21:24 [31;1m/Users/kylemendell/dev/getarcaneapp/arcane/backend/internal/services/settings_service.go:610 [35;1mrecord not found
[0m[33m[0.229ms] [34;1m[rows:0][0m SELECT * FROM `settings` WHERE key = "accentColor" ORDER BY `settings`.`key` LIMIT 1

2026/01/19 19:21:24 [31;1m/Users/kylemendell/dev/getarcaneapp/arcane/backend/internal/services/settings_service.go:610 [35;1mrecord not found
[0m[33m[0.205ms] [34;1m[rows:0][0m SELECT * FROM `settings` WHERE key = "autoUpdate" ORDER BY `settings`.`key` LIMIT 1

2026/01/19 19:21:24 [31;1m/Users/kylemendell/dev/getarcaneapp/arcane/backend/internal/services/settings_service.go:610 [35;1mrecord not found
[0m[33m[0.200ms] [34;1m[rows:0][0m SELECT * FROM `settings` WHERE key = "autoUpdateInterval" ORDER BY `settings`.`key` LIMIT 1

2026/01/19 19:21:24 [31;1m/Users/kylemendell/dev/getarcaneapp/arcane/backend/internal/services/settings_service.go:610 [35;1mrecord not found
[0m[33m[0.245ms] [34;1m[rows:0][0m SELECT * FROM `settings` WHERE key = "pollingEnabled" ORDER BY `settings`.`key` LIMIT 1

2026/01/19 19:21:24 [31;1m/Users/kylemendell/dev/getarcaneapp/arcane/backend/internal/services/settings_service.go:610 [35;1mrecord not found
[0m[33m[0.242ms] [34;1m[rows:0][0m SELECT * FROM `settings` WHERE key = "pollingInterval" ORDER BY `settings`.`key` LIMIT 1

2026/01/19 19:21:24 [31;1m/Users/kylemendell/dev/getarcaneapp/arcane/backend/internal/services/settings_service.go:610 [35;1mrecord not found
[0m[33m[0.203ms] [34;1m[rows:0][0m SELECT * FROM `settings` WHERE key = "eventCleanupInterval" ORDER BY `settings`.`key` LIMIT 1

2026/01/19 19:21:24 [31;1m/Users/kylemendell/dev/getarcaneapp/arcane/backend/internal/services/settings_service.go:610 [35;1mrecord not found
[0m[33m[0.207ms] [34;1m[rows:0][0m SELECT * FROM `settings` WHERE key = "analyticsHeartbeatInterval" ORDER BY `settings`.`key` LIMIT 1

2026/01/19 19:21:24 [31;1m/Users/kylemendell/dev/getarcaneapp/arcane/backend/internal/services/settings_service.go:610 [35;1mrecord not found
[0m[33m[0.200ms] [34;1m[rows:0][0m SELECT * FROM `settings` WHERE key = "autoInjectEnv" ORDER BY `settings`.`key` LIMIT 1

2026/01/19 19:21:24 [31;1m/Users/kylemendell/dev/getarcaneapp/arcane/backend/internal/services/settings_service.go:610 [35;1mrecord not found
[0m[33m[0.246ms] [34;1m[rows:0][0m SELECT * FROM `settings` WHERE key = "dockerPruneMode" ORDER BY `settings`.`key` LIMIT 1

2026/01/19 19:21:24 [31;1m/Users/kylemendell/dev/getarcaneapp/arcane/backend/internal/services/settings_service.go:610 [35;1mrecord not found
[0m[33m[0.243ms] [34;1m[rows:0][0m SELECT * FROM `settings` WHERE key = "scheduledPruneEnabled" ORDER BY `settings`.`key` LIMIT 1

2026/01/19 19:21:24 [31;1m/Users/kylemendell/dev/getarcaneapp/arcane/backend/internal/services/settings_service.go:610 [35;1mrecord not found
[0m[33m[0.292ms] [34;1m[rows:0][0m SELECT * FROM `settings` WHERE key = "scheduledPruneInterval" ORDER BY `settings`.`key` LIMIT 1

2026/01/19 19:21:24 [31;1m/Users/kylemendell/dev/getarcaneapp/arcane/backend/internal/services/settings_service.go:610 [35;1mrecord not found
[0m[33m[0.190ms] [34;1m[rows:0][0m SELECT * FROM `settings` WHERE key = "scheduledPruneContainers" ORDER BY `settings`.`key` LIMIT 1

2026/01/19 19:21:24 [31;1m/Users/kylemendell/dev/getarcaneapp/arcane/backend/internal/services/settings_service.go:610 [35;1mrecord not found
[0m[33m[0.203ms] [34;1m[rows:0][0m SELECT * FROM `settings` WHERE key = "scheduledPruneImages" ORDER BY `settings`.`key` LIMIT 1

2026/01/19 19:21:24 [31;1m/Users/kylemendell/dev/getarcaneapp/arcane/backend/internal/services/settings_service.go:610 [35;1mrecord not found
[0m[33m[0.202ms] [34;1m[rows:0][0m SELECT * FROM `settings` WHERE key = "scheduledPruneVolumes" ORDER BY `settings`.`key` LIMIT 1

2026/01/19 19:21:24 [31;1m/Users/kylemendell/dev/getarcaneapp/arcane/backend/internal/services/settings_service.go:610 [35;1mrecord not found
[0m[33m[0.249ms] [34;1m[rows:0][0m SELECT * FROM `settings` WHERE key = "scheduledPruneNetworks" ORDER BY `settings`.`key` LIMIT 1

2026/01/19 19:21:24 [31;1m/Users/kylemendell/dev/getarcaneapp/arcane/backend/internal/services/settings_service.go:610 [35;1mrecord not found
[0m[33m[0.276ms] [34;1m[rows:0][0m SELECT * FROM `settings` WHERE key = "scheduledPruneBuildCache" ORDER BY `settings`.`key` LIMIT 1

2026/01/19 19:21:24 [31;1m/Users/kylemendell/dev/getarcaneapp/arcane/backend/internal/services/settings_service.go:610 [35;1mrecord not found
[0m[33m[0.219ms] [34;1m[rows:0][0m SELECT * FROM `settings` WHERE key = "maxImageUploadSize" ORDER BY `settings`.`key` LIMIT 1

2026/01/19 19:21:24 [31;1m/Users/kylemendell/dev/getarcaneapp/arcane/backend/internal/services/settings_service.go:610 [35;1mrecord not found
[0m[33m[0.492ms] [34;1m[rows:0][0m SELECT * FROM `settings` WHERE key = "dockerHost" ORDER BY `settings`.`key` LIMIT 1

2026/01/19 19:21:24 [31;1m/Users/kylemendell/dev/getarcaneapp/arcane/backend/internal/services/settings_service.go:610 [35;1mrecord not found
[0m[33m[0.308ms] [34;1m[rows:0][0m SELECT * FROM `settings` WHERE key = "authLocalEnabled" ORDER BY `settings`.`key` LIMIT 1

2026/01/19 19:21:24 [31;1m/Users/kylemendell/dev/getarcaneapp/arcane/backend/internal/services/settings_service.go:610 [35;1mrecord not found
[0m[33m[0.276ms] [34;1m[rows:0][0m SELECT * FROM `settings` WHERE key = "authSessionTimeout" ORDER BY `settings`.`key` LIMIT 1

2026/01/19 19:21:24 [31;1m/Users/kylemendell/dev/getarcaneapp/arcane/backend/internal/services/settings_service.go:610 [35;1mrecord not found
[0m[33m[0.264ms] [34;1m[rows:0][0m SELECT * FROM `settings` WHERE key = "authPasswordPolicy" ORDER BY `settings`.`key` LIMIT 1

2026/01/19 19:21:24 [31;1m/Users/kylemendell/dev/getarcaneapp/arcane/backend/internal/services/settings_service.go:610 [35;1mrecord not found
[0m[33m[0.462ms] [34;1m[rows:0][0m SELECT * FROM `settings` WHERE key = "authOidcConfig" ORDER BY `settings`.`key` LIMIT 1

2026/01/19 19:21:24 [31;1m/Users/kylemendell/dev/getarcaneapp/arcane/backend/internal/services/settings_service.go:610 [35;1mrecord not found
[0m[33m[0.440ms] [34;1m[rows:0][0m SELECT * FROM `settings` WHERE key = "oidcEnabled" ORDER BY `settings`.`key` LIMIT 1

2026/01/19 19:21:24 [31;1m/Users/kylemendell/dev/getarcaneapp/arcane/backend/internal/services/settings_service.go:610 [35;1mrecord not found
[0m[33m[0.404ms] [34;1m[rows:0][0m SELECT * FROM `settings` WHERE key = "oidcClientId" ORDER BY `settings`.`key` LIMIT 1

2026/01/19 19:21:24 [31;1m/Users/kylemendell/dev/getarcaneapp/arcane/backend/internal/services/settings_service.go:610 [35;1mrecord not found
[0m[33m[0.280ms] [34;1m[rows:0][0m SELECT * FROM `settings` WHERE key = "oidcClientSecret" ORDER BY `settings`.`key` LIMIT 1

2026/01/19 19:21:24 [31;1m/Users/kylemendell/dev/getarcaneapp/arcane/backend/internal/services/settings_service.go:610 [35;1mrecord not found
[0m[33m[0.400ms] [34;1m[rows:0][0m SELECT * FROM `settings` WHERE key = "oidcIssuerUrl" ORDER BY `settings`.`key` LIMIT 1

2026/01/19 19:21:24 [31;1m/Users/kylemendell/dev/getarcaneapp/arcane/backend/internal/services/settings_service.go:610 [35;1mrecord not found
[0m[33m[0.361ms] [34;1m[rows:0][0m SELECT * FROM `settings` WHERE key = "oidcAuthorizationEndpoint" ORDER BY `settings`.`key` LIMIT 1

2026/01/19 19:21:24 [31;1m/Users/kylemendell/dev/getarcaneapp/arcane/backend/internal/services/settings_service.go:610 [35;1mrecord not found
[0m[33m[0.444ms] [34;1m[rows:0][0m SELECT * FROM `settings` WHERE key = "oidcTokenEndpoint" ORDER BY `settings`.`key` LIMIT 1

2026/01/19 19:21:24 [31;1m/Users/kylemendell/dev/getarcaneapp/arcane/backend/internal/services/settings_service.go:610 [35;1mrecord not found
[0m[33m[0.476ms] [34;1m[rows:0][0m SELECT * FROM `settings` WHERE key = "oidcUserinfoEndpoint" ORDER BY `settings`.`key` LIMIT 1

2026/01/19 19:21:24 [31;1m/Users/kylemendell/dev/getarcaneapp/arcane/backend/internal/services/settings_service.go:610 [35;1mrecord not found
[0m[33m[0.428ms] [34;1m[rows:0][0m SELECT * FROM `settings` WHERE key = "oidcJwksEndpoint" ORDER BY `settings`.`key` LIMIT 1

2026/01/19 19:21:24 [31;1m/Users/kylemendell/dev/getarcaneapp/arcane/backend/internal/services/settings_service.go:610 [35;1mrecord not found
[0m[33m[0.260ms] [34;1m[rows:0][0m SELECT * FROM `settings` WHERE key = "oidcDeviceAuthorizationEndpoint" ORDER BY `settings`.`key` LIMIT 1

2026/01/19 19:21:24 [31;1m/Users/kylemendell/dev/getarcaneapp/arcane/backend/internal/services/settings_service.go:610 [35;1mrecord not found
[0m[33m[0.287ms] [34;1m[rows:0][0m SELECT * FROM `settings` WHERE key = "oidcScopes" ORDER BY `settings`.`key` LIMIT 1

2026/01/19 19:21:24 [31;1m/Users/kylemendell/dev/getarcaneapp/arcane/backend/internal/services/settings_service.go:610 [35;1mrecord not found
[0m[33m[0.515ms] [34;1m[rows:0][0m SELECT * FROM `settings` WHERE key = "oidcAdminClaim" ORDER BY `settings`.`key` LIMIT 1

2026/01/19 19:21:24 [31;1m/Users/kylemendell/dev/getarcaneapp/arcane/backend/internal/services/settings_service.go:610 [35;1mrecord not found
[0m[33m[0.399ms] [34;1m[rows:0][0m SELECT * FROM `settings` WHERE key = "oidcAdminValue" ORDER BY `settings`.`key` LIMIT 1

2026/01/19 19:21:24 [31;1m/Users/kylemendell/dev/getarcaneapp/arcane/backend/internal/services/settings_service.go:610 [35;1mrecord not found
[0m[33m[0.365ms] [34;1m[rows:0][0m SELECT * FROM `settings` WHERE key = "oidcSkipTlsVerify" ORDER BY `settings`.`key` LIMIT 1

2026/01/19 19:21:24 [31;1m/Users/kylemendell/dev/getarcaneapp/arcane/backend/internal/services/settings_service.go:610 [35;1mrecord not found
[0m[33m[0.335ms] [34;1m[rows:0][0m SELECT * FROM `settings` WHERE key = "oidcAutoRedirectToProvider" ORDER BY `settings`.`key` LIMIT 1

2026/01/19 19:21:24 [31;1m/Users/kylemendell/dev/getarcaneapp/arcane/backend/internal/services/settings_service.go:610 [35;1mrecord not found
[0m[33m[0.281ms] [34;1m[rows:0][0m SELECT * FROM `settings` WHERE key = "oidcMergeAccounts" ORDER BY `settings`.`key` LIMIT 1

2026/01/19 19:21:24 [31;1m/Users/kylemendell/dev/getarcaneapp/arcane/backend/internal/services/settings_service.go:610 [35;1mrecord not found
[0m[33m[0.195ms] [34;1m[rows:0][0m SELECT * FROM `settings` WHERE key = "mobileNavigationMode" ORDER BY `settings`.`key` LIMIT 1

2026/01/19 19:21:24 [31;1m/Users/kylemendell/dev/getarcaneapp/arcane/backend/internal/services/settings_service.go:610 [35;1mrecord not found
[0m[33m[0.308ms] [34;1m[rows:0][0m SELECT * FROM `settings` WHERE key = "mobileNavigationShowLabels" ORDER BY `settings`.`key` LIMIT 1

2026/01/19 19:21:24 [31;1m/Users/kylemendell/dev/getarcaneapp/arcane/backend/internal/services/settings_service.go:610 [35;1mrecord not found
[0m[33m[0.184ms] [34;1m[rows:0][0m SELECT * FROM `settings` WHERE key = "sidebarHoverExpansion" ORDER BY `settings`.`key` LIMIT 1

2026/01/19 19:21:24 [31;1m/Users/kylemendell/dev/getarcaneapp/arcane/backend/internal/services/settings_service.go:610 [35;1mrecord not found
[0m[33m[0.190ms] [34;1m[rows:0][0m SELECT * FROM `settings` WHERE key = "notificationsCategory" ORDER BY `settings`.`key` LIMIT 1

2026/01/19 19:21:24 [31;1m/Users/kylemendell/dev/getarcaneapp/arcane/backend/internal/services/settings_service.go:610 [35;1mrecord not found
[0m[33m[0.312ms] [34;1m[rows:0][0m SELECT * FROM `settings` WHERE key = "agentToken" ORDER BY `settings`.`key` LIMIT 1

2026/01/19 19:21:24 [31;1m/Users/kylemendell/dev/getarcaneapp/arcane/backend/internal/services/settings_service.go:610 [35;1mrecord not found
[0m[33m[0.209ms] [34;1m[rows:0][0m SELECT * FROM `settings` WHERE key = "usersCategory" ORDER BY `settings`.`key` LIMIT 1

2026/01/19 19:21:24 [31;1m/Users/kylemendell/dev/getarcaneapp/arcane/backend/internal/services/settings_service.go:610 [35;1mrecord not found
[0m[33m[0.218ms] [34;1m[rows:0][0m SELECT * FROM `settings` WHERE key = "apiKeysCategory" ORDER BY `settings`.`key` LIMIT 1

2026/01/19 19:21:24 [31;1m/Users/kylemendell/dev/getarcaneapp/arcane/backend/internal/services/settings_service.go:610 [35;1mrecord not found
[0m[33m[0.222ms] [34;1m[rows:0][0m SELECT * FROM `settings` WHERE key = "dockerApiTimeout" ORDER BY `settings`.`key` LIMIT 1

2026/01/19 19:21:24 [31;1m/Users/kylemendell/dev/getarcaneapp/arcane/backend/internal/services/settings_service.go:610 [35;1mrecord not found
[0m[33m[0.192ms] [34;1m[rows:0][0m SELECT * FROM `settings` WHERE key = "dockerImagePullTimeout" ORDER BY `settings`.`key` LIMIT 1

2026/01/19 19:21:24 [31;1m/Users/kylemendell/dev/getarcaneapp/arcane/backend/internal/services/settings_service.go:610 [35;1mrecord not found
[0m[33m[0.656ms] [34;1m[rows:0][0m SELECT * FROM `settings` WHERE key = "gitOperationTimeout" ORDER BY `settings`.`key` LIMIT 1

2026/01/19 19:21:24 [31;1m/Users/kylemendell/dev/getarcaneapp/arcane/backend/internal/services/settings_service.go:610 [35;1mrecord not found
[0m[33m[0.196ms] [34;1m[rows:0][0m SELECT * FROM `settings` WHERE key = "httpClientTimeout" ORDER BY `settings`.`key` LIMIT 1

2026/01/19 19:21:24 [31;1m/Users/kylemendell/dev/getarcaneapp/arcane/backend/internal/services/settings_service.go:610 [35;1mrecord not found
[0m[33m[0.196ms] [34;1m[rows:0][0m SELECT * FROM `settings` WHERE key = "registryTimeout" ORDER BY `settings`.`key` LIMIT 1

2026/01/19 19:21:24 [31;1m/Users/kylemendell/dev/getarcaneapp/arcane/backend/internal/services/settings_service.go:610 [35;1mrecord not found
[0m[33m[0.198ms] [34;1m[rows:0][0m SELECT * FROM `settings` WHERE key = "proxyRequestTimeout" ORDER BY `settings`.`key` LIMIT 1

2026/01/19 19:21:24 [31;1m/Users/kylemendell/dev/getarcaneapp/arcane/backend/internal/services/settings_service.go:384 [35;1mrecord not found
[0m[33m[0.233ms] [34;1m[rows:0][0m SELECT * FROM `settings` WHERE key = "authOidcScopes" ORDER BY `settings`.`key` LIMIT 1

2026/01/19 19:21:24 [31;1m/Users/kylemendell/dev/getarcaneapp/arcane/backend/internal/services/settings_service.go:384 [35;1mrecord not found
[0m[33m[0.222ms] [34;1m[rows:0][0m SELECT * FROM `settings` WHERE key = "authOidcAdminClaim" ORDER BY `settings`.`key` LIMIT 1

2026/01/19 19:21:24 [31;1m/Users/kylemendell/dev/getarcaneapp/arcane/backend/internal/services/settings_service.go:384 [35;1mrecord not found
[0m[33m[0.206ms] [34;1m[rows:0][0m SELECT * FROM `settings` WHERE key = "authOidcAdminValue" ORDER BY `settings`.`key` LIMIT 1

2026/01/19 19:21:24 [31;1m/Users/kylemendell/dev/getarcaneapp/arcane/backend/internal/services/settings_service.go:384 [35;1mrecord not found
[0m[33m[0.201ms] [34;1m[rows:0][0m SELECT * FROM `settings` WHERE key = "authOidcEnabled" ORDER BY `settings`.`key` LIMIT 1

2026/01/19 19:21:24 [31;1m/Users/kylemendell/dev/getarcaneapp/arcane/backend/internal/services/settings_service.go:384 [35;1mrecord not found
[0m[33m[0.295ms] [34;1m[rows:0][0m SELECT * FROM `settings` WHERE key = "authOidcMergeAccounts" ORDER BY `settings`.`key` LIMIT 1

2026/01/19 19:21:24 [31;1m/Users/kylemendell/dev/getarcaneapp/arcane/backend/internal/services/settings_service.go:384 [35;1mrecord not found
[0m[33m[0.271ms] [34;1m[rows:0][0m SELECT * FROM `settings` WHERE key = "authOidcClientId" ORDER BY `settings`.`key` LIMIT 1

2026/01/19 19:21:24 [31;1m/Users/kylemendell/dev/getarcaneapp/arcane/backend/internal/services/settings_service.go:384 [35;1mrecord not found
[0m[33m[0.194ms] [34;1m[rows:0][0m SELECT * FROM `settings` WHERE key = "authOidcClientSecret" ORDER BY `settings`.`key` LIMIT 1

2026/01/19 19:21:24 [31;1m/Users/kylemendell/dev/getarcaneapp/arcane/backend/internal/services/settings_service.go:384 [35;1mrecord not found
[0m[33m[0.188ms] [34;1m[rows:0][0m SELECT * FROM `settings` WHERE key = "authOidcIssuerUrl" ORDER BY `settings`.`key` LIMIT 1
2026/01/19 19:21:24 INFO Migrating legacy OIDC config to individual fields
2026/01/19 19:21:24 INFO Successfully migrated OIDC config to individual fields
--- PASS: TestSettingsService_MigrateOidcConfigToFields_RealWorldJSON (0.05s)
=== RUN   TestSettingsService_MigrateOidcConfigToFields_EmptyConfig

2026/01/19 19:21:24 [31;1m/Users/kylemendell/dev/getarcaneapp/arcane/backend/internal/services/settings_service.go:610 [35;1mrecord not found
[0m[33m[0.197ms] [34;1m[rows:0][0m SELECT * FROM `settings` WHERE key = "projectsDirectory" ORDER BY `settings`.`key` LIMIT 1

2026/01/19 19:21:24 [31;1m/Users/kylemendell/dev/getarcaneapp/arcane/backend/internal/services/settings_service.go:610 [35;1mrecord not found
[0m[33m[0.206ms] [34;1m[rows:0][0m SELECT * FROM `settings` WHERE key = "diskUsagePath" ORDER BY `settings`.`key` LIMIT 1

2026/01/19 19:21:24 [31;1m/Users/kylemendell/dev/getarcaneapp/arcane/backend/internal/services/settings_service.go:610 [35;1mrecord not found
[0m[33m[0.183ms] [34;1m[rows:0][0m SELECT * FROM `settings` WHERE key = "baseServerUrl" ORDER BY `settings`.`key` LIMIT 1

2026/01/19 19:21:24 [31;1m/Users/kylemendell/dev/getarcaneapp/arcane/backend/internal/services/settings_service.go:610 [35;1mrecord not found
[0m[33m[0.175ms] [34;1m[rows:0][0m SELECT * FROM `settings` WHERE key = "enableGravatar" ORDER BY `settings`.`key` LIMIT 1

2026/01/19 19:21:24 [31;1m/Users/kylemendell/dev/getarcaneapp/arcane/backend/internal/services/settings_service.go:610 [35;1mrecord not found
[0m[33m[0.174ms] [34;1m[rows:0][0m SELECT * FROM `settings` WHERE key = "defaultShell" ORDER BY `settings`.`key` LIMIT 1

2026/01/19 19:21:24 [31;1m/Users/kylemendell/dev/getarcaneapp/arcane/backend/internal/services/settings_service.go:610 [35;1mrecord not found
[0m[33m[0.174ms] [34;1m[rows:0][0m SELECT * FROM `settings` WHERE key = "environmentHealthInterval" ORDER BY `settings`.`key` LIMIT 1

2026/01/19 19:21:24 [31;1m/Users/kylemendell/dev/getarcaneapp/arcane/backend/internal/services/settings_service.go:610 [35;1mrecord not found
[0m[33m[0.172ms] [34;1m[rows:0][0m SELECT * FROM `settings` WHERE key = "accentColor" ORDER BY `settings`.`key` LIMIT 1

2026/01/19 19:21:24 [31;1m/Users/kylemendell/dev/getarcaneapp/arcane/backend/internal/services/settings_service.go:610 [35;1mrecord not found
[0m[33m[0.196ms] [34;1m[rows:0][0m SELECT * FROM `settings` WHERE key = "autoUpdate" ORDER BY `settings`.`key` LIMIT 1

2026/01/19 19:21:24 [31;1m/Users/kylemendell/dev/getarcaneapp/arcane/backend/internal/services/settings_service.go:610 [35;1mrecord not found
[0m[33m[0.174ms] [34;1m[rows:0][0m SELECT * FROM `settings` WHERE key = "autoUpdateInterval" ORDER BY `settings`.`key` LIMIT 1

2026/01/19 19:21:24 [31;1m/Users/kylemendell/dev/getarcaneapp/arcane/backend/internal/services/settings_service.go:610 [35;1mrecord not found
[0m[33m[0.192ms] [34;1m[rows:0][0m SELECT * FROM `settings` WHERE key = "pollingEnabled" ORDER BY `settings`.`key` LIMIT 1

2026/01/19 19:21:24 [31;1m/Users/kylemendell/dev/getarcaneapp/arcane/backend/internal/services/settings_service.go:610 [35;1mrecord not found
[0m[33m[0.191ms] [34;1m[rows:0][0m SELECT * FROM `settings` WHERE key = "pollingInterval" ORDER BY `settings`.`key` LIMIT 1

2026/01/19 19:21:24 [31;1m/Users/kylemendell/dev/getarcaneapp/arcane/backend/internal/services/settings_service.go:610 [35;1mrecord not found
[0m[33m[0.185ms] [34;1m[rows:0][0m SELECT * FROM `settings` WHERE key = "eventCleanupInterval" ORDER BY `settings`.`key` LIMIT 1

2026/01/19 19:21:24 [31;1m/Users/kylemendell/dev/getarcaneapp/arcane/backend/internal/services/settings_service.go:610 [35;1mrecord not found
[0m[33m[0.179ms] [34;1m[rows:0][0m SELECT * FROM `settings` WHERE key = "analyticsHeartbeatInterval" ORDER BY `settings`.`key` LIMIT 1

2026/01/19 19:21:24 [31;1m/Users/kylemendell/dev/getarcaneapp/arcane/backend/internal/services/settings_service.go:610 [35;1mrecord not found
[0m[33m[0.235ms] [34;1m[rows:0][0m SELECT * FROM `settings` WHERE key = "autoInjectEnv" ORDER BY `settings`.`key` LIMIT 1

2026/01/19 19:21:24 [31;1m/Users/kylemendell/dev/getarcaneapp/arcane/backend/internal/services/settings_service.go:610 [35;1mrecord not found
[0m[33m[0.177ms] [34;1m[rows:0][0m SELECT * FROM `settings` WHERE key = "dockerPruneMode" ORDER BY `settings`.`key` LIMIT 1

2026/01/19 19:21:24 [31;1m/Users/kylemendell/dev/getarcaneapp/arcane/backend/internal/services/settings_service.go:610 [35;1mrecord not found
[0m[33m[0.177ms] [34;1m[rows:0][0m SELECT * FROM `settings` WHERE key = "scheduledPruneEnabled" ORDER BY `settings`.`key` LIMIT 1

2026/01/19 19:21:24 [31;1m/Users/kylemendell/dev/getarcaneapp/arcane/backend/internal/services/settings_service.go:610 [35;1mrecord not found
[0m[33m[0.177ms] [34;1m[rows:0][0m SELECT * FROM `settings` WHERE key = "scheduledPruneInterval" ORDER BY `settings`.`key` LIMIT 1

2026/01/19 19:21:24 [31;1m/Users/kylemendell/dev/getarcaneapp/arcane/backend/internal/services/settings_service.go:610 [35;1mrecord not found
[0m[33m[0.211ms] [34;1m[rows:0][0m SELECT * FROM `settings` WHERE key = "scheduledPruneContainers" ORDER BY `settings`.`key` LIMIT 1

2026/01/19 19:21:24 [31;1m/Users/kylemendell/dev/getarcaneapp/arcane/backend/internal/services/settings_service.go:610 [35;1mrecord not found
[0m[33m[0.181ms] [34;1m[rows:0][0m SELECT * FROM `settings` WHERE key = "scheduledPruneImages" ORDER BY `settings`.`key` LIMIT 1

2026/01/19 19:21:24 [31;1m/Users/kylemendell/dev/getarcaneapp/arcane/backend/internal/services/settings_service.go:610 [35;1mrecord not found
[0m[33m[0.183ms] [34;1m[rows:0][0m SELECT * FROM `settings` WHERE key = "scheduledPruneVolumes" ORDER BY `settings`.`key` LIMIT 1

2026/01/19 19:21:24 [31;1m/Users/kylemendell/dev/getarcaneapp/arcane/backend/internal/services/settings_service.go:610 [35;1mrecord not found
[0m[33m[0.177ms] [34;1m[rows:0][0m SELECT * FROM `settings` WHERE key = "scheduledPruneNetworks" ORDER BY `settings`.`key` LIMIT 1

2026/01/19 19:21:24 [31;1m/Users/kylemendell/dev/getarcaneapp/arcane/backend/internal/services/settings_service.go:610 [35;1mrecord not found
[0m[33m[0.177ms] [34;1m[rows:0][0m SELECT * FROM `settings` WHERE key = "scheduledPruneBuildCache" ORDER BY `settings`.`key` LIMIT 1

2026/01/19 19:21:24 [31;1m/Users/kylemendell/dev/getarcaneapp/arcane/backend/internal/services/settings_service.go:610 [35;1mrecord not found
[0m[33m[0.176ms] [34;1m[rows:0][0m SELECT * FROM `settings` WHERE key = "maxImageUploadSize" ORDER BY `settings`.`key` LIMIT 1

2026/01/19 19:21:24 [31;1m/Users/kylemendell/dev/getarcaneapp/arcane/backend/internal/services/settings_service.go:610 [35;1mrecord not found
[0m[33m[0.177ms] [34;1m[rows:0][0m SELECT * FROM `settings` WHERE key = "dockerHost" ORDER BY `settings`.`key` LIMIT 1

2026/01/19 19:21:24 [31;1m/Users/kylemendell/dev/getarcaneapp/arcane/backend/internal/services/settings_service.go:610 [35;1mrecord not found
[0m[33m[0.209ms] [34;1m[rows:0][0m SELECT * FROM `settings` WHERE key = "authLocalEnabled" ORDER BY `settings`.`key` LIMIT 1

2026/01/19 19:21:24 [31;1m/Users/kylemendell/dev/getarcaneapp/arcane/backend/internal/services/settings_service.go:610 [35;1mrecord not found
[0m[33m[0.183ms] [34;1m[rows:0][0m SELECT * FROM `settings` WHERE key = "authSessionTimeout" ORDER BY `settings`.`key` LIMIT 1

2026/01/19 19:21:24 [31;1m/Users/kylemendell/dev/getarcaneapp/arcane/backend/internal/services/settings_service.go:610 [35;1mrecord not found
[0m[33m[0.187ms] [34;1m[rows:0][0m SELECT * FROM `settings` WHERE key = "authPasswordPolicy" ORDER BY `settings`.`key` LIMIT 1

2026/01/19 19:21:24 [31;1m/Users/kylemendell/dev/getarcaneapp/arcane/backend/internal/services/settings_service.go:610 [35;1mrecord not found
[0m[33m[0.209ms] [34;1m[rows:0][0m SELECT * FROM `settings` WHERE key = "authOidcConfig" ORDER BY `settings`.`key` LIMIT 1

2026/01/19 19:21:24 [31;1m/Users/kylemendell/dev/getarcaneapp/arcane/backend/internal/services/settings_service.go:610 [35;1mrecord not found
[0m[33m[0.192ms] [34;1m[rows:0][0m SELECT * FROM `settings` WHERE key = "oidcEnabled" ORDER BY `settings`.`key` LIMIT 1

2026/01/19 19:21:24 [31;1m/Users/kylemendell/dev/getarcaneapp/arcane/backend/internal/services/settings_service.go:610 [35;1mrecord not found
[0m[33m[0.178ms] [34;1m[rows:0][0m SELECT * FROM `settings` WHERE key = "oidcClientId" ORDER BY `settings`.`key` LIMIT 1

2026/01/19 19:21:24 [31;1m/Users/kylemendell/dev/getarcaneapp/arcane/backend/internal/services/settings_service.go:610 [35;1mrecord not found
[0m[33m[0.176ms] [34;1m[rows:0][0m SELECT * FROM `settings` WHERE key = "oidcClientSecret" ORDER BY `settings`.`key` LIMIT 1

2026/01/19 19:21:24 [31;1m/Users/kylemendell/dev/getarcaneapp/arcane/backend/internal/services/settings_service.go:610 [35;1mrecord not found
[0m[33m[0.176ms] [34;1m[rows:0][0m SELECT * FROM `settings` WHERE key = "oidcIssuerUrl" ORDER BY `settings`.`key` LIMIT 1

2026/01/19 19:21:24 [31;1m/Users/kylemendell/dev/getarcaneapp/arcane/backend/internal/services/settings_service.go:610 [35;1mrecord not found
[0m[33m[0.181ms] [34;1m[rows:0][0m SELECT * FROM `settings` WHERE key = "oidcAuthorizationEndpoint" ORDER BY `settings`.`key` LIMIT 1

2026/01/19 19:21:24 [31;1m/Users/kylemendell/dev/getarcaneapp/arcane/backend/internal/services/settings_service.go:610 [35;1mrecord not found
[0m[33m[0.177ms] [34;1m[rows:0][0m SELECT * FROM `settings` WHERE key = "oidcTokenEndpoint" ORDER BY `settings`.`key` LIMIT 1

2026/01/19 19:21:24 [31;1m/Users/kylemendell/dev/getarcaneapp/arcane/backend/internal/services/settings_service.go:610 [35;1mrecord not found
[0m[33m[0.177ms] [34;1m[rows:0][0m SELECT * FROM `settings` WHERE key = "oidcUserinfoEndpoint" ORDER BY `settings`.`key` LIMIT 1

2026/01/19 19:21:24 [31;1m/Users/kylemendell/dev/getarcaneapp/arcane/backend/internal/services/settings_service.go:610 [35;1mrecord not found
[0m[33m[0.176ms] [34;1m[rows:0][0m SELECT * FROM `settings` WHERE key = "oidcJwksEndpoint" ORDER BY `settings`.`key` LIMIT 1

2026/01/19 19:21:24 [31;1m/Users/kylemendell/dev/getarcaneapp/arcane/backend/internal/services/settings_service.go:610 [35;1mrecord not found
[0m[33m[0.176ms] [34;1m[rows:0][0m SELECT * FROM `settings` WHERE key = "oidcDeviceAuthorizationEndpoint" ORDER BY `settings`.`key` LIMIT 1

2026/01/19 19:21:24 [31;1m/Users/kylemendell/dev/getarcaneapp/arcane/backend/internal/services/settings_service.go:610 [35;1mrecord not found
[0m[33m[0.180ms] [34;1m[rows:0][0m SELECT * FROM `settings` WHERE key = "oidcScopes" ORDER BY `settings`.`key` LIMIT 1

2026/01/19 19:21:24 [31;1m/Users/kylemendell/dev/getarcaneapp/arcane/backend/internal/services/settings_service.go:610 [35;1mrecord not found
[0m[33m[0.176ms] [34;1m[rows:0][0m SELECT * FROM `settings` WHERE key = "oidcAdminClaim" ORDER BY `settings`.`key` LIMIT 1

2026/01/19 19:21:24 [31;1m/Users/kylemendell/dev/getarcaneapp/arcane/backend/internal/services/settings_service.go:610 [35;1mrecord not found
[0m[33m[0.179ms] [34;1m[rows:0][0m SELECT * FROM `settings` WHERE key = "oidcAdminValue" ORDER BY `settings`.`key` LIMIT 1

2026/01/19 19:21:24 [31;1m/Users/kylemendell/dev/getarcaneapp/arcane/backend/internal/services/settings_service.go:610 [35;1mrecord not found
[0m[33m[0.181ms] [34;1m[rows:0][0m SELECT * FROM `settings` WHERE key = "oidcSkipTlsVerify" ORDER BY `settings`.`key` LIMIT 1

2026/01/19 19:21:24 [31;1m/Users/kylemendell/dev/getarcaneapp/arcane/backend/internal/services/settings_service.go:610 [35;1mrecord not found
[0m[33m[0.177ms] [34;1m[rows:0][0m SELECT * FROM `settings` WHERE key = "oidcAutoRedirectToProvider" ORDER BY `settings`.`key` LIMIT 1

2026/01/19 19:21:24 [31;1m/Users/kylemendell/dev/getarcaneapp/arcane/backend/internal/services/settings_service.go:610 [35;1mrecord not found
[0m[33m[0.174ms] [34;1m[rows:0][0m SELECT * FROM `settings` WHERE key = "oidcMergeAccounts" ORDER BY `settings`.`key` LIMIT 1

2026/01/19 19:21:24 [31;1m/Users/kylemendell/dev/getarcaneapp/arcane/backend/internal/services/settings_service.go:610 [35;1mrecord not found
[0m[33m[0.179ms] [34;1m[rows:0][0m SELECT * FROM `settings` WHERE key = "mobileNavigationMode" ORDER BY `settings`.`key` LIMIT 1

2026/01/19 19:21:24 [31;1m/Users/kylemendell/dev/getarcaneapp/arcane/backend/internal/services/settings_service.go:610 [35;1mrecord not found
[0m[33m[0.178ms] [34;1m[rows:0][0m SELECT * FROM `settings` WHERE key = "mobileNavigationShowLabels" ORDER BY `settings`.`key` LIMIT 1

2026/01/19 19:21:24 [31;1m/Users/kylemendell/dev/getarcaneapp/arcane/backend/internal/services/settings_service.go:610 [35;1mrecord not found
[0m[33m[0.179ms] [34;1m[rows:0][0m SELECT * FROM `settings` WHERE key = "sidebarHoverExpansion" ORDER BY `settings`.`key` LIMIT 1

2026/01/19 19:21:24 [31;1m/Users/kylemendell/dev/getarcaneapp/arcane/backend/internal/services/settings_service.go:610 [35;1mrecord not found
[0m[33m[0.202ms] [34;1m[rows:0][0m SELECT * FROM `settings` WHERE key = "notificationsCategory" ORDER BY `settings`.`key` LIMIT 1

2026/01/19 19:21:24 [31;1m/Users/kylemendell/dev/getarcaneapp/arcane/backend/internal/services/settings_service.go:610 [35;1mrecord not found
[0m[33m[0.179ms] [34;1m[rows:0][0m SELECT * FROM `settings` WHERE key = "agentToken" ORDER BY `settings`.`key` LIMIT 1

2026/01/19 19:21:24 [31;1m/Users/kylemendell/dev/getarcaneapp/arcane/backend/internal/services/settings_service.go:610 [35;1mrecord not found
[0m[33m[0.198ms] [34;1m[rows:0][0m SELECT * FROM `settings` WHERE key = "usersCategory" ORDER BY `settings`.`key` LIMIT 1

2026/01/19 19:21:24 [31;1m/Users/kylemendell/dev/getarcaneapp/arcane/backend/internal/services/settings_service.go:610 [35;1mrecord not found
[0m[33m[0.177ms] [34;1m[rows:0][0m SELECT * FROM `settings` WHERE key = "apiKeysCategory" ORDER BY `settings`.`key` LIMIT 1

2026/01/19 19:21:24 [31;1m/Users/kylemendell/dev/getarcaneapp/arcane/backend/internal/services/settings_service.go:610 [35;1mrecord not found
[0m[33m[0.178ms] [34;1m[rows:0][0m SELECT * FROM `settings` WHERE key = "dockerApiTimeout" ORDER BY `settings`.`key` LIMIT 1

2026/01/19 19:21:24 [31;1m/Users/kylemendell/dev/getarcaneapp/arcane/backend/internal/services/settings_service.go:610 [35;1mrecord not found
[0m[33m[0.214ms] [34;1m[rows:0][0m SELECT * FROM `settings` WHERE key = "dockerImagePullTimeout" ORDER BY `settings`.`key` LIMIT 1

2026/01/19 19:21:24 [31;1m/Users/kylemendell/dev/getarcaneapp/arcane/backend/internal/services/settings_service.go:610 [35;1mrecord not found
[0m[33m[0.189ms] [34;1m[rows:0][0m SELECT * FROM `settings` WHERE key = "gitOperationTimeout" ORDER BY `settings`.`key` LIMIT 1

2026/01/19 19:21:24 [31;1m/Users/kylemendell/dev/getarcaneapp/arcane/backend/internal/services/settings_service.go:610 [35;1mrecord not found
[0m[33m[0.252ms] [34;1m[rows:0][0m SELECT * FROM `settings` WHERE key = "httpClientTimeout" ORDER BY `settings`.`key` LIMIT 1

2026/01/19 19:21:24 [31;1m/Users/kylemendell/dev/getarcaneapp/arcane/backend/internal/services/settings_service.go:610 [35;1mrecord not found
[0m[33m[0.177ms] [34;1m[rows:0][0m SELECT * FROM `settings` WHERE key = "registryTimeout" ORDER BY `settings`.`key` LIMIT 1

2026/01/19 19:21:24 [31;1m/Users/kylemendell/dev/getarcaneapp/arcane/backend/internal/services/settings_service.go:610 [35;1mrecord not found
[0m[33m[0.190ms] [34;1m[rows:0][0m SELECT * FROM `settings` WHERE key = "proxyRequestTimeout" ORDER BY `settings`.`key` LIMIT 1

2026/01/19 19:21:25 [31;1m/Users/kylemendell/dev/getarcaneapp/arcane/backend/internal/services/settings_service.go:384 [35;1mrecord not found
[0m[33m[0.212ms] [34;1m[rows:0][0m SELECT * FROM `settings` WHERE key = "authOidcIssuerUrl" ORDER BY `settings`.`key` LIMIT 1

2026/01/19 19:21:25 [31;1m/Users/kylemendell/dev/getarcaneapp/arcane/backend/internal/services/settings_service.go:384 [35;1mrecord not found
[0m[33m[0.213ms] [34;1m[rows:0][0m SELECT * FROM `settings` WHERE key = "authOidcScopes" ORDER BY `settings`.`key` LIMIT 1

2026/01/19 19:21:25 [31;1m/Users/kylemendell/dev/getarcaneapp/arcane/backend/internal/services/settings_service.go:384 [35;1mrecord not found
[0m[33m[0.203ms] [34;1m[rows:0][0m SELECT * FROM `settings` WHERE key = "authOidcAdminClaim" ORDER BY `settings`.`key` LIMIT 1

2026/01/19 19:21:25 [31;1m/Users/kylemendell/dev/getarcaneapp/arcane/backend/internal/services/settings_service.go:384 [35;1mrecord not found
[0m[33m[0.182ms] [34;1m[rows:0][0m SELECT * FROM `settings` WHERE key = "authOidcAdminValue" ORDER BY `settings`.`key` LIMIT 1

2026/01/19 19:21:25 [31;1m/Users/kylemendell/dev/getarcaneapp/arcane/backend/internal/services/settings_service.go:384 [35;1mrecord not found
[0m[33m[0.176ms] [34;1m[rows:0][0m SELECT * FROM `settings` WHERE key = "authOidcEnabled" ORDER BY `settings`.`key` LIMIT 1

2026/01/19 19:21:25 [31;1m/Users/kylemendell/dev/getarcaneapp/arcane/backend/internal/services/settings_service.go:384 [35;1mrecord not found
[0m[33m[0.174ms] [34;1m[rows:0][0m SELECT * FROM `settings` WHERE key = "authOidcMergeAccounts" ORDER BY `settings`.`key` LIMIT 1

2026/01/19 19:21:25 [31;1m/Users/kylemendell/dev/getarcaneapp/arcane/backend/internal/services/settings_service.go:384 [35;1mrecord not found
[0m[33m[0.174ms] [34;1m[rows:0][0m SELECT * FROM `settings` WHERE key = "authOidcClientId" ORDER BY `settings`.`key` LIMIT 1

2026/01/19 19:21:25 [31;1m/Users/kylemendell/dev/getarcaneapp/arcane/backend/internal/services/settings_service.go:384 [35;1mrecord not found
[0m[33m[0.174ms] [34;1m[rows:0][0m SELECT * FROM `settings` WHERE key = "authOidcClientSecret" ORDER BY `settings`.`key` LIMIT 1
--- PASS: TestSettingsService_MigrateOidcConfigToFields_EmptyConfig (0.03s)
=== RUN   TestSettingsService_MigrateOidcConfigToFields_InvalidJSON

2026/01/19 19:21:25 [31;1m/Users/kylemendell/dev/getarcaneapp/arcane/backend/internal/services/settings_service.go:610 [35;1mrecord not found
[0m[33m[0.219ms] [34;1m[rows:0][0m SELECT * FROM `settings` WHERE key = "projectsDirectory" ORDER BY `settings`.`key` LIMIT 1

2026/01/19 19:21:25 [31;1m/Users/kylemendell/dev/getarcaneapp/arcane/backend/internal/services/settings_service.go:610 [35;1mrecord not found
[0m[33m[0.211ms] [34;1m[rows:0][0m SELECT * FROM `settings` WHERE key = "diskUsagePath" ORDER BY `settings`.`key` LIMIT 1

2026/01/19 19:21:25 [31;1m/Users/kylemendell/dev/getarcaneapp/arcane/backend/internal/services/settings_service.go:610 [35;1mrecord not found
[0m[33m[0.180ms] [34;1m[rows:0][0m SELECT * FROM `settings` WHERE key = "baseServerUrl" ORDER BY `settings`.`key` LIMIT 1

2026/01/19 19:21:25 [31;1m/Users/kylemendell/dev/getarcaneapp/arcane/backend/internal/services/settings_service.go:610 [35;1mrecord not found
[0m[33m[0.181ms] [34;1m[rows:0][0m SELECT * FROM `settings` WHERE key = "enableGravatar" ORDER BY `settings`.`key` LIMIT 1

2026/01/19 19:21:25 [31;1m/Users/kylemendell/dev/getarcaneapp/arcane/backend/internal/services/settings_service.go:610 [35;1mrecord not found
[0m[33m[0.172ms] [34;1m[rows:0][0m SELECT * FROM `settings` WHERE key = "defaultShell" ORDER BY `settings`.`key` LIMIT 1

2026/01/19 19:21:25 [31;1m/Users/kylemendell/dev/getarcaneapp/arcane/backend/internal/services/settings_service.go:610 [35;1mrecord not found
[0m[33m[0.189ms] [34;1m[rows:0][0m SELECT * FROM `settings` WHERE key = "environmentHealthInterval" ORDER BY `settings`.`key` LIMIT 1

2026/01/19 19:21:25 [31;1m/Users/kylemendell/dev/getarcaneapp/arcane/backend/internal/services/settings_service.go:610 [35;1mrecord not found
[0m[33m[0.180ms] [34;1m[rows:0][0m SELECT * FROM `settings` WHERE key = "accentColor" ORDER BY `settings`.`key` LIMIT 1

2026/01/19 19:21:25 [31;1m/Users/kylemendell/dev/getarcaneapp/arcane/backend/internal/services/settings_service.go:610 [35;1mrecord not found
[0m[33m[0.175ms] [34;1m[rows:0][0m SELECT * FROM `settings` WHERE key = "autoUpdate" ORDER BY `settings`.`key` LIMIT 1

2026/01/19 19:21:25 [31;1m/Users/kylemendell/dev/getarcaneapp/arcane/backend/internal/services/settings_service.go:610 [35;1mrecord not found
[0m[33m[0.186ms] [34;1m[rows:0][0m SELECT * FROM `settings` WHERE key = "autoUpdateInterval" ORDER BY `settings`.`key` LIMIT 1

2026/01/19 19:21:25 [31;1m/Users/kylemendell/dev/getarcaneapp/arcane/backend/internal/services/settings_service.go:610 [35;1mrecord not found
[0m[33m[0.211ms] [34;1m[rows:0][0m SELECT * FROM `settings` WHERE key = "pollingEnabled" ORDER BY `settings`.`key` LIMIT 1

2026/01/19 19:21:25 [31;1m/Users/kylemendell/dev/getarcaneapp/arcane/backend/internal/services/settings_service.go:610 [35;1mrecord not found
[0m[33m[0.177ms] [34;1m[rows:0][0m SELECT * FROM `settings` WHERE key = "pollingInterval" ORDER BY `settings`.`key` LIMIT 1

2026/01/19 19:21:25 [31;1m/Users/kylemendell/dev/getarcaneapp/arcane/backend/internal/services/settings_service.go:610 [35;1mrecord not found
[0m[33m[0.177ms] [34;1m[rows:0][0m SELECT * FROM `settings` WHERE key = "eventCleanupInterval" ORDER BY `settings`.`key` LIMIT 1

2026/01/19 19:21:25 [31;1m/Users/kylemendell/dev/getarcaneapp/arcane/backend/internal/services/settings_service.go:610 [35;1mrecord not found
[0m[33m[0.201ms] [34;1m[rows:0][0m SELECT * FROM `settings` WHERE key = "analyticsHeartbeatInterval" ORDER BY `settings`.`key` LIMIT 1

2026/01/19 19:21:25 [31;1m/Users/kylemendell/dev/getarcaneapp/arcane/backend/internal/services/settings_service.go:610 [35;1mrecord not found
[0m[33m[0.218ms] [34;1m[rows:0][0m SELECT * FROM `settings` WHERE key = "autoInjectEnv" ORDER BY `settings`.`key` LIMIT 1

2026/01/19 19:21:25 [31;1m/Users/kylemendell/dev/getarcaneapp/arcane/backend/internal/services/settings_service.go:610 [35;1mrecord not found
[0m[33m[0.184ms] [34;1m[rows:0][0m SELECT * FROM `settings` WHERE key = "dockerPruneMode" ORDER BY `settings`.`key` LIMIT 1

2026/01/19 19:21:25 [31;1m/Users/kylemendell/dev/getarcaneapp/arcane/backend/internal/services/settings_service.go:610 [35;1mrecord not found
[0m[33m[0.173ms] [34;1m[rows:0][0m SELECT * FROM `settings` WHERE key = "scheduledPruneEnabled" ORDER BY `settings`.`key` LIMIT 1

2026/01/19 19:21:25 [31;1m/Users/kylemendell/dev/getarcaneapp/arcane/backend/internal/services/settings_service.go:610 [35;1mrecord not found
[0m[33m[0.178ms] [34;1m[rows:0][0m SELECT * FROM `settings` WHERE key = "scheduledPruneInterval" ORDER BY `settings`.`key` LIMIT 1

2026/01/19 19:21:25 [31;1m/Users/kylemendell/dev/getarcaneapp/arcane/backend/internal/services/settings_service.go:610 [35;1mrecord not found
[0m[33m[0.173ms] [34;1m[rows:0][0m SELECT * FROM `settings` WHERE key = "scheduledPruneContainers" ORDER BY `settings`.`key` LIMIT 1

2026/01/19 19:21:25 [31;1m/Users/kylemendell/dev/getarcaneapp/arcane/backend/internal/services/settings_service.go:610 [35;1mrecord not found
[0m[33m[0.173ms] [34;1m[rows:0][0m SELECT * FROM `settings` WHERE key = "scheduledPruneImages" ORDER BY `settings`.`key` LIMIT 1

2026/01/19 19:21:25 [31;1m/Users/kylemendell/dev/getarcaneapp/arcane/backend/internal/services/settings_service.go:610 [35;1mrecord not found
[0m[33m[0.177ms] [34;1m[rows:0][0m SELECT * FROM `settings` WHERE key = "scheduledPruneVolumes" ORDER BY `settings`.`key` LIMIT 1

2026/01/19 19:21:25 [31;1m/Users/kylemendell/dev/getarcaneapp/arcane/backend/internal/services/settings_service.go:610 [35;1mrecord not found
[0m[33m[0.174ms] [34;1m[rows:0][0m SELECT * FROM `settings` WHERE key = "scheduledPruneNetworks" ORDER BY `settings`.`key` LIMIT 1

2026/01/19 19:21:25 [31;1m/Users/kylemendell/dev/getarcaneapp/arcane/backend/internal/services/settings_service.go:610 [35;1mrecord not found
[0m[33m[0.208ms] [34;1m[rows:0][0m SELECT * FROM `settings` WHERE key = "scheduledPruneBuildCache" ORDER BY `settings`.`key` LIMIT 1

2026/01/19 19:21:25 [31;1m/Users/kylemendell/dev/getarcaneapp/arcane/backend/internal/services/settings_service.go:610 [35;1mrecord not found
[0m[33m[0.177ms] [34;1m[rows:0][0m SELECT * FROM `settings` WHERE key = "maxImageUploadSize" ORDER BY `settings`.`key` LIMIT 1

2026/01/19 19:21:25 [31;1m/Users/kylemendell/dev/getarcaneapp/arcane/backend/internal/services/settings_service.go:610 [35;1mrecord not found
[0m[33m[0.180ms] [34;1m[rows:0][0m SELECT * FROM `settings` WHERE key = "dockerHost" ORDER BY `settings`.`key` LIMIT 1

2026/01/19 19:21:25 [31;1m/Users/kylemendell/dev/getarcaneapp/arcane/backend/internal/services/settings_service.go:610 [35;1mrecord not found
[0m[33m[0.176ms] [34;1m[rows:0][0m SELECT * FROM `settings` WHERE key = "authLocalEnabled" ORDER BY `settings`.`key` LIMIT 1

2026/01/19 19:21:25 [31;1m/Users/kylemendell/dev/getarcaneapp/arcane/backend/internal/services/settings_service.go:610 [35;1mrecord not found
[0m[33m[0.175ms] [34;1m[rows:0][0m SELECT * FROM `settings` WHERE key = "authSessionTimeout" ORDER BY `settings`.`key` LIMIT 1

2026/01/19 19:21:25 [31;1m/Users/kylemendell/dev/getarcaneapp/arcane/backend/internal/services/settings_service.go:610 [35;1mrecord not found
[0m[33m[0.175ms] [34;1m[rows:0][0m SELECT * FROM `settings` WHERE key = "authPasswordPolicy" ORDER BY `settings`.`key` LIMIT 1

2026/01/19 19:21:25 [31;1m/Users/kylemendell/dev/getarcaneapp/arcane/backend/internal/services/settings_service.go:610 [35;1mrecord not found
[0m[33m[0.182ms] [34;1m[rows:0][0m SELECT * FROM `settings` WHERE key = "authOidcConfig" ORDER BY `settings`.`key` LIMIT 1

2026/01/19 19:21:25 [31;1m/Users/kylemendell/dev/getarcaneapp/arcane/backend/internal/services/settings_service.go:610 [35;1mrecord not found
[0m[33m[0.183ms] [34;1m[rows:0][0m SELECT * FROM `settings` WHERE key = "oidcEnabled" ORDER BY `settings`.`key` LIMIT 1

2026/01/19 19:21:25 [31;1m/Users/kylemendell/dev/getarcaneapp/arcane/backend/internal/services/settings_service.go:610 [35;1mrecord not found
[0m[33m[0.206ms] [34;1m[rows:0][0m SELECT * FROM `settings` WHERE key = "oidcClientId" ORDER BY `settings`.`key` LIMIT 1

2026/01/19 19:21:25 [31;1m/Users/kylemendell/dev/getarcaneapp/arcane/backend/internal/services/settings_service.go:610 [35;1mrecord not found
[0m[33m[0.179ms] [34;1m[rows:0][0m SELECT * FROM `settings` WHERE key = "oidcClientSecret" ORDER BY `settings`.`key` LIMIT 1

2026/01/19 19:21:25 [31;1m/Users/kylemendell/dev/getarcaneapp/arcane/backend/internal/services/settings_service.go:610 [35;1mrecord not found
[0m[33m[0.177ms] [34;1m[rows:0][0m SELECT * FROM `settings` WHERE key = "oidcIssuerUrl" ORDER BY `settings`.`key` LIMIT 1

2026/01/19 19:21:25 [31;1m/Users/kylemendell/dev/getarcaneapp/arcane/backend/internal/services/settings_service.go:610 [35;1mrecord not found
[0m[33m[0.179ms] [34;1m[rows:0][0m SELECT * FROM `settings` WHERE key = "oidcAuthorizationEndpoint" ORDER BY `settings`.`key` LIMIT 1

2026/01/19 19:21:25 [31;1m/Users/kylemendell/dev/getarcaneapp/arcane/backend/internal/services/settings_service.go:610 [35;1mrecord not found
[0m[33m[0.176ms] [34;1m[rows:0][0m SELECT * FROM `settings` WHERE key = "oidcTokenEndpoint" ORDER BY `settings`.`key` LIMIT 1

2026/01/19 19:21:25 [31;1m/Users/kylemendell/dev/getarcaneapp/arcane/backend/internal/services/settings_service.go:610 [35;1mrecord not found
[0m[33m[0.175ms] [34;1m[rows:0][0m SELECT * FROM `settings` WHERE key = "oidcUserinfoEndpoint" ORDER BY `settings`.`key` LIMIT 1

2026/01/19 19:21:25 [31;1m/Users/kylemendell/dev/getarcaneapp/arcane/backend/internal/services/settings_service.go:610 [35;1mrecord not found
[0m[33m[0.183ms] [34;1m[rows:0][0m SELECT * FROM `settings` WHERE key = "oidcJwksEndpoint" ORDER BY `settings`.`key` LIMIT 1

2026/01/19 19:21:25 [31;1m/Users/kylemendell/dev/getarcaneapp/arcane/backend/internal/services/settings_service.go:610 [35;1mrecord not found
[0m[33m[0.174ms] [34;1m[rows:0][0m SELECT * FROM `settings` WHERE key = "oidcDeviceAuthorizationEndpoint" ORDER BY `settings`.`key` LIMIT 1

2026/01/19 19:21:25 [31;1m/Users/kylemendell/dev/getarcaneapp/arcane/backend/internal/services/settings_service.go:610 [35;1mrecord not found
[0m[33m[0.190ms] [34;1m[rows:0][0m SELECT * FROM `settings` WHERE key = "oidcScopes" ORDER BY `settings`.`key` LIMIT 1

2026/01/19 19:21:25 [31;1m/Users/kylemendell/dev/getarcaneapp/arcane/backend/internal/services/settings_service.go:610 [35;1mrecord not found
[0m[33m[0.180ms] [34;1m[rows:0][0m SELECT * FROM `settings` WHERE key = "oidcAdminClaim" ORDER BY `settings`.`key` LIMIT 1

2026/01/19 19:21:25 [31;1m/Users/kylemendell/dev/getarcaneapp/arcane/backend/internal/services/settings_service.go:610 [35;1mrecord not found
[0m[33m[0.178ms] [34;1m[rows:0][0m SELECT * FROM `settings` WHERE key = "oidcAdminValue" ORDER BY `settings`.`key` LIMIT 1

2026/01/19 19:21:25 [31;1m/Users/kylemendell/dev/getarcaneapp/arcane/backend/internal/services/settings_service.go:610 [35;1mrecord not found
[0m[33m[0.179ms] [34;1m[rows:0][0m SELECT * FROM `settings` WHERE key = "oidcSkipTlsVerify" ORDER BY `settings`.`key` LIMIT 1

2026/01/19 19:21:25 [31;1m/Users/kylemendell/dev/getarcaneapp/arcane/backend/internal/services/settings_service.go:610 [35;1mrecord not found
[0m[33m[0.178ms] [34;1m[rows:0][0m SELECT * FROM `settings` WHERE key = "oidcAutoRedirectToProvider" ORDER BY `settings`.`key` LIMIT 1

2026/01/19 19:21:25 [31;1m/Users/kylemendell/dev/getarcaneapp/arcane/backend/internal/services/settings_service.go:610 [35;1mrecord not found
[0m[33m[0.195ms] [34;1m[rows:0][0m SELECT * FROM `settings` WHERE key = "oidcMergeAccounts" ORDER BY `settings`.`key` LIMIT 1

2026/01/19 19:21:25 [31;1m/Users/kylemendell/dev/getarcaneapp/arcane/backend/internal/services/settings_service.go:610 [35;1mrecord not found
[0m[33m[0.184ms] [34;1m[rows:0][0m SELECT * FROM `settings` WHERE key = "mobileNavigationMode" ORDER BY `settings`.`key` LIMIT 1

2026/01/19 19:21:25 [31;1m/Users/kylemendell/dev/getarcaneapp/arcane/backend/internal/services/settings_service.go:610 [35;1mrecord not found
[0m[33m[0.177ms] [34;1m[rows:0][0m SELECT * FROM `settings` WHERE key = "mobileNavigationShowLabels" ORDER BY `settings`.`key` LIMIT 1

2026/01/19 19:21:25 [31;1m/Users/kylemendell/dev/getarcaneapp/arcane/backend/internal/services/settings_service.go:610 [35;1mrecord not found
[0m[33m[0.211ms] [34;1m[rows:0][0m SELECT * FROM `settings` WHERE key = "sidebarHoverExpansion" ORDER BY `settings`.`key` LIMIT 1

2026/01/19 19:21:25 [31;1m/Users/kylemendell/dev/getarcaneapp/arcane/backend/internal/services/settings_service.go:610 [35;1mrecord not found
[0m[33m[0.184ms] [34;1m[rows:0][0m SELECT * FROM `settings` WHERE key = "notificationsCategory" ORDER BY `settings`.`key` LIMIT 1

2026/01/19 19:21:25 [31;1m/Users/kylemendell/dev/getarcaneapp/arcane/backend/internal/services/settings_service.go:610 [35;1mrecord not found
[0m[33m[0.179ms] [34;1m[rows:0][0m SELECT * FROM `settings` WHERE key = "agentToken" ORDER BY `settings`.`key` LIMIT 1

2026/01/19 19:21:25 [31;1m/Users/kylemendell/dev/getarcaneapp/arcane/backend/internal/services/settings_service.go:610 [35;1mrecord not found
[0m[33m[0.180ms] [34;1m[rows:0][0m SELECT * FROM `settings` WHERE key = "usersCategory" ORDER BY `settings`.`key` LIMIT 1

2026/01/19 19:21:25 [31;1m/Users/kylemendell/dev/getarcaneapp/arcane/backend/internal/services/settings_service.go:610 [35;1mrecord not found
[0m[33m[0.175ms] [34;1m[rows:0][0m SELECT * FROM `settings` WHERE key = "apiKeysCategory" ORDER BY `settings`.`key` LIMIT 1

2026/01/19 19:21:25 [31;1m/Users/kylemendell/dev/getarcaneapp/arcane/backend/internal/services/settings_service.go:610 [35;1mrecord not found
[0m[33m[0.175ms] [34;1m[rows:0][0m SELECT * FROM `settings` WHERE key = "dockerApiTimeout" ORDER BY `settings`.`key` LIMIT 1

2026/01/19 19:21:25 [31;1m/Users/kylemendell/dev/getarcaneapp/arcane/backend/internal/services/settings_service.go:610 [35;1mrecord not found
[0m[33m[0.175ms] [34;1m[rows:0][0m SELECT * FROM `settings` WHERE key = "dockerImagePullTimeout" ORDER BY `settings`.`key` LIMIT 1

2026/01/19 19:21:25 [31;1m/Users/kylemendell/dev/getarcaneapp/arcane/backend/internal/services/settings_service.go:610 [35;1mrecord not found
[0m[33m[0.174ms] [34;1m[rows:0][0m SELECT * FROM `settings` WHERE key = "gitOperationTimeout" ORDER BY `settings`.`key` LIMIT 1

2026/01/19 19:21:25 [31;1m/Users/kylemendell/dev/getarcaneapp/arcane/backend/internal/services/settings_service.go:610 [35;1mrecord not found
[0m[33m[0.182ms] [34;1m[rows:0][0m SELECT * FROM `settings` WHERE key = "httpClientTimeout" ORDER BY `settings`.`key` LIMIT 1

2026/01/19 19:21:25 [31;1m/Users/kylemendell/dev/getarcaneapp/arcane/backend/internal/services/settings_service.go:610 [35;1mrecord not found
[0m[33m[0.186ms] [34;1m[rows:0][0m SELECT * FROM `settings` WHERE key = "registryTimeout" ORDER BY `settings`.`key` LIMIT 1

2026/01/19 19:21:25 [31;1m/Users/kylemendell/dev/getarcaneapp/arcane/backend/internal/services/settings_service.go:610 [35;1mrecord not found
[0m[33m[0.188ms] [34;1m[rows:0][0m SELECT * FROM `settings` WHERE key = "proxyRequestTimeout" ORDER BY `settings`.`key` LIMIT 1

2026/01/19 19:21:25 [31;1m/Users/kylemendell/dev/getarcaneapp/arcane/backend/internal/services/settings_service.go:384 [35;1mrecord not found
[0m[33m[0.211ms] [34;1m[rows:0][0m SELECT * FROM `settings` WHERE key = "authOidcClientSecret" ORDER BY `settings`.`key` LIMIT 1

2026/01/19 19:21:25 [31;1m/Users/kylemendell/dev/getarcaneapp/arcane/backend/internal/services/settings_service.go:384 [35;1mrecord not found
[0m[33m[0.185ms] [34;1m[rows:0][0m SELECT * FROM `settings` WHERE key = "authOidcIssuerUrl" ORDER BY `settings`.`key` LIMIT 1

2026/01/19 19:21:25 [31;1m/Users/kylemendell/dev/getarcaneapp/arcane/backend/internal/services/settings_service.go:384 [35;1mrecord not found
[0m[33m[0.180ms] [34;1m[rows:0][0m SELECT * FROM `settings` WHERE key = "authOidcScopes" ORDER BY `settings`.`key` LIMIT 1

2026/01/19 19:21:25 [31;1m/Users/kylemendell/dev/getarcaneapp/arcane/backend/internal/services/settings_service.go:384 [35;1mrecord not found
[0m[33m[0.176ms] [34;1m[rows:0][0m SELECT * FROM `settings` WHERE key = "authOidcAdminClaim" ORDER BY `settings`.`key` LIMIT 1

2026/01/19 19:21:25 [31;1m/Users/kylemendell/dev/getarcaneapp/arcane/backend/internal/services/settings_service.go:384 [35;1mrecord not found
[0m[33m[0.174ms] [34;1m[rows:0][0m SELECT * FROM `settings` WHERE key = "authOidcAdminValue" ORDER BY `settings`.`key` LIMIT 1

2026/01/19 19:21:25 [31;1m/Users/kylemendell/dev/getarcaneapp/arcane/backend/internal/services/settings_service.go:384 [35;1mrecord not found
[0m[33m[0.175ms] [34;1m[rows:0][0m SELECT * FROM `settings` WHERE key = "authOidcEnabled" ORDER BY `settings`.`key` LIMIT 1

2026/01/19 19:21:25 [31;1m/Users/kylemendell/dev/getarcaneapp/arcane/backend/internal/services/settings_service.go:384 [35;1mrecord not found
[0m[33m[0.174ms] [34;1m[rows:0][0m SELECT * FROM `settings` WHERE key = "authOidcMergeAccounts" ORDER BY `settings`.`key` LIMIT 1

2026/01/19 19:21:25 [31;1m/Users/kylemendell/dev/getarcaneapp/arcane/backend/internal/services/settings_service.go:384 [35;1mrecord not found
[0m[33m[0.174ms] [34;1m[rows:0][0m SELECT * FROM `settings` WHERE key = "authOidcClientId" ORDER BY `settings`.`key` LIMIT 1
2026/01/19 19:21:25 WARN Failed to parse legacy OIDC config for migration error="invalid character 'o' in literal null (expecting 'u')"
--- PASS: TestSettingsService_MigrateOidcConfigToFields_InvalidJSON (0.03s)
=== RUN   TestSettingsService_MigrateOidcConfigToFields_DefaultScopes

2026/01/19 19:21:25 [31;1m/Users/kylemendell/dev/getarcaneapp/arcane/backend/internal/services/settings_service.go:610 [35;1mrecord not found
[0m[33m[0.191ms] [34;1m[rows:0][0m SELECT * FROM `settings` WHERE key = "projectsDirectory" ORDER BY `settings`.`key` LIMIT 1

2026/01/19 19:21:25 [31;1m/Users/kylemendell/dev/getarcaneapp/arcane/backend/internal/services/settings_service.go:610 [35;1mrecord not found
[0m[33m[0.179ms] [34;1m[rows:0][0m SELECT * FROM `settings` WHERE key = "diskUsagePath" ORDER BY `settings`.`key` LIMIT 1

2026/01/19 19:21:25 [31;1m/Users/kylemendell/dev/getarcaneapp/arcane/backend/internal/services/settings_service.go:610 [35;1mrecord not found
[0m[33m[0.175ms] [34;1m[rows:0][0m SELECT * FROM `settings` WHERE key = "baseServerUrl" ORDER BY `settings`.`key` LIMIT 1

2026/01/19 19:21:25 [31;1m/Users/kylemendell/dev/getarcaneapp/arcane/backend/internal/services/settings_service.go:610 [35;1mrecord not found
[0m[33m[0.175ms] [34;1m[rows:0][0m SELECT * FROM `settings` WHERE key = "enableGravatar" ORDER BY `settings`.`key` LIMIT 1

2026/01/19 19:21:25 [31;1m/Users/kylemendell/dev/getarcaneapp/arcane/backend/internal/services/settings_service.go:610 [35;1mrecord not found
[0m[33m[0.211ms] [34;1m[rows:0][0m SELECT * FROM `settings` WHERE key = "defaultShell" ORDER BY `settings`.`key` LIMIT 1

2026/01/19 19:21:25 [31;1m/Users/kylemendell/dev/getarcaneapp/arcane/backend/internal/services/settings_service.go:610 [35;1mrecord not found
[0m[33m[0.183ms] [34;1m[rows:0][0m SELECT * FROM `settings` WHERE key = "environmentHealthInterval" ORDER BY `settings`.`key` LIMIT 1

2026/01/19 19:21:25 [31;1m/Users/kylemendell/dev/getarcaneapp/arcane/backend/internal/services/settings_service.go:610 [35;1mrecord not found
[0m[33m[0.177ms] [34;1m[rows:0][0m SELECT * FROM `settings` WHERE key = "accentColor" ORDER BY `settings`.`key` LIMIT 1

2026/01/19 19:21:25 [31;1m/Users/kylemendell/dev/getarcaneapp/arcane/backend/internal/services/settings_service.go:610 [35;1mrecord not found
[0m[33m[0.175ms] [34;1m[rows:0][0m SELECT * FROM `settings` WHERE key = "autoUpdate" ORDER BY `settings`.`key` LIMIT 1

2026/01/19 19:21:25 [31;1m/Users/kylemendell/dev/getarcaneapp/arcane/backend/internal/services/settings_service.go:610 [35;1mrecord not found
[0m[33m[0.181ms] [34;1m[rows:0][0m SELECT * FROM `settings` WHERE key = "autoUpdateInterval" ORDER BY `settings`.`key` LIMIT 1

2026/01/19 19:21:25 [31;1m/Users/kylemendell/dev/getarcaneapp/arcane/backend/internal/services/settings_service.go:610 [35;1mrecord not found
[0m[33m[0.192ms] [34;1m[rows:0][0m SELECT * FROM `settings` WHERE key = "pollingEnabled" ORDER BY `settings`.`key` LIMIT 1

2026/01/19 19:21:25 [31;1m/Users/kylemendell/dev/getarcaneapp/arcane/backend/internal/services/settings_service.go:610 [35;1mrecord not found
[0m[33m[0.185ms] [34;1m[rows:0][0m SELECT * FROM `settings` WHERE key = "pollingInterval" ORDER BY `settings`.`key` LIMIT 1

2026/01/19 19:21:25 [31;1m/Users/kylemendell/dev/getarcaneapp/arcane/backend/internal/services/settings_service.go:610 [35;1mrecord not found
[0m[33m[0.174ms] [34;1m[rows:0][0m SELECT * FROM `settings` WHERE key = "eventCleanupInterval" ORDER BY `settings`.`key` LIMIT 1

2026/01/19 19:21:25 [31;1m/Users/kylemendell/dev/getarcaneapp/arcane/backend/internal/services/settings_service.go:610 [35;1mrecord not found
[0m[33m[0.205ms] [34;1m[rows:0][0m SELECT * FROM `settings` WHERE key = "analyticsHeartbeatInterval" ORDER BY `settings`.`key` LIMIT 1

2026/01/19 19:21:25 [31;1m/Users/kylemendell/dev/getarcaneapp/arcane/backend/internal/services/settings_service.go:610 [35;1mrecord not found
[0m[33m[0.174ms] [34;1m[rows:0][0m SELECT * FROM `settings` WHERE key = "autoInjectEnv" ORDER BY `settings`.`key` LIMIT 1

2026/01/19 19:21:25 [31;1m/Users/kylemendell/dev/getarcaneapp/arcane/backend/internal/services/settings_service.go:610 [35;1mrecord not found
[0m[33m[0.205ms] [34;1m[rows:0][0m SELECT * FROM `settings` WHERE key = "dockerPruneMode" ORDER BY `settings`.`key` LIMIT 1

2026/01/19 19:21:25 [31;1m/Users/kylemendell/dev/getarcaneapp/arcane/backend/internal/services/settings_service.go:610 [35;1mrecord not found
[0m[33m[0.189ms] [34;1m[rows:0][0m SELECT * FROM `settings` WHERE key = "scheduledPruneEnabled" ORDER BY `settings`.`key` LIMIT 1

2026/01/19 19:21:25 [31;1m/Users/kylemendell/dev/getarcaneapp/arcane/backend/internal/services/settings_service.go:610 [35;1mrecord not found
[0m[33m[0.175ms] [34;1m[rows:0][0m SELECT * FROM `settings` WHERE key = "scheduledPruneInterval" ORDER BY `settings`.`key` LIMIT 1

2026/01/19 19:21:25 [31;1m/Users/kylemendell/dev/getarcaneapp/arcane/backend/internal/services/settings_service.go:610 [35;1mrecord not found
[0m[33m[0.177ms] [34;1m[rows:0][0m SELECT * FROM `settings` WHERE key = "scheduledPruneContainers" ORDER BY `settings`.`key` LIMIT 1

2026/01/19 19:21:25 [31;1m/Users/kylemendell/dev/getarcaneapp/arcane/backend/internal/services/settings_service.go:610 [35;1mrecord not found
[0m[33m[0.176ms] [34;1m[rows:0][0m SELECT * FROM `settings` WHERE key = "scheduledPruneImages" ORDER BY `settings`.`key` LIMIT 1

2026/01/19 19:21:25 [31;1m/Users/kylemendell/dev/getarcaneapp/arcane/backend/internal/services/settings_service.go:610 [35;1mrecord not found
[0m[33m[0.176ms] [34;1m[rows:0][0m SELECT * FROM `settings` WHERE key = "scheduledPruneVolumes" ORDER BY `settings`.`key` LIMIT 1

2026/01/19 19:21:25 [31;1m/Users/kylemendell/dev/getarcaneapp/arcane/backend/internal/services/settings_service.go:610 [35;1mrecord not found
[0m[33m[0.209ms] [34;1m[rows:0][0m SELECT * FROM `settings` WHERE key = "scheduledPruneNetworks" ORDER BY `settings`.`key` LIMIT 1

2026/01/19 19:21:25 [31;1m/Users/kylemendell/dev/getarcaneapp/arcane/backend/internal/services/settings_service.go:610 [35;1mrecord not found
[0m[33m[0.184ms] [34;1m[rows:0][0m SELECT * FROM `settings` WHERE key = "scheduledPruneBuildCache" ORDER BY `settings`.`key` LIMIT 1

2026/01/19 19:21:25 [31;1m/Users/kylemendell/dev/getarcaneapp/arcane/backend/internal/services/settings_service.go:610 [35;1mrecord not found
[0m[33m[0.182ms] [34;1m[rows:0][0m SELECT * FROM `settings` WHERE key = "maxImageUploadSize" ORDER BY `settings`.`key` LIMIT 1

2026/01/19 19:21:25 [31;1m/Users/kylemendell/dev/getarcaneapp/arcane/backend/internal/services/settings_service.go:610 [35;1mrecord not found
[0m[33m[0.180ms] [34;1m[rows:0][0m SELECT * FROM `settings` WHERE key = "dockerHost" ORDER BY `settings`.`key` LIMIT 1

2026/01/19 19:21:25 [31;1m/Users/kylemendell/dev/getarcaneapp/arcane/backend/internal/services/settings_service.go:610 [35;1mrecord not found
[0m[33m[0.176ms] [34;1m[rows:0][0m SELECT * FROM `settings` WHERE key = "authLocalEnabled" ORDER BY `settings`.`key` LIMIT 1

2026/01/19 19:21:25 [31;1m/Users/kylemendell/dev/getarcaneapp/arcane/backend/internal/services/settings_service.go:610 [35;1mrecord not found
[0m[33m[0.176ms] [34;1m[rows:0][0m SELECT * FROM `settings` WHERE key = "authSessionTimeout" ORDER BY `settings`.`key` LIMIT 1

2026/01/19 19:21:25 [31;1m/Users/kylemendell/dev/getarcaneapp/arcane/backend/internal/services/settings_service.go:610 [35;1mrecord not found
[0m[33m[0.532ms] [34;1m[rows:0][0m SELECT * FROM `settings` WHERE key = "authPasswordPolicy" ORDER BY `settings`.`key` LIMIT 1

2026/01/19 19:21:25 [31;1m/Users/kylemendell/dev/getarcaneapp/arcane/backend/internal/services/settings_service.go:610 [35;1mrecord not found
[0m[33m[0.193ms] [34;1m[rows:0][0m SELECT * FROM `settings` WHERE key = "authOidcConfig" ORDER BY `settings`.`key` LIMIT 1

2026/01/19 19:21:25 [31;1m/Users/kylemendell/dev/getarcaneapp/arcane/backend/internal/services/settings_service.go:610 [35;1mrecord not found
[0m[33m[0.240ms] [34;1m[rows:0][0m SELECT * FROM `settings` WHERE key = "oidcEnabled" ORDER BY `settings`.`key` LIMIT 1

2026/01/19 19:21:25 [31;1m/Users/kylemendell/dev/getarcaneapp/arcane/backend/internal/services/settings_service.go:610 [35;1mrecord not found
[0m[33m[0.188ms] [34;1m[rows:0][0m SELECT * FROM `settings` WHERE key = "oidcClientId" ORDER BY `settings`.`key` LIMIT 1

2026/01/19 19:21:25 [31;1m/Users/kylemendell/dev/getarcaneapp/arcane/backend/internal/services/settings_service.go:610 [35;1mrecord not found
[0m[33m[0.181ms] [34;1m[rows:0][0m SELECT * FROM `settings` WHERE key = "oidcClientSecret" ORDER BY `settings`.`key` LIMIT 1

2026/01/19 19:21:25 [31;1m/Users/kylemendell/dev/getarcaneapp/arcane/backend/internal/services/settings_service.go:610 [35;1mrecord not found
[0m[33m[0.176ms] [34;1m[rows:0][0m SELECT * FROM `settings` WHERE key = "oidcIssuerUrl" ORDER BY `settings`.`key` LIMIT 1

2026/01/19 19:21:25 [31;1m/Users/kylemendell/dev/getarcaneapp/arcane/backend/internal/services/settings_service.go:610 [35;1mrecord not found
[0m[33m[0.174ms] [34;1m[rows:0][0m SELECT * FROM `settings` WHERE key = "oidcAuthorizationEndpoint" ORDER BY `settings`.`key` LIMIT 1

2026/01/19 19:21:25 [31;1m/Users/kylemendell/dev/getarcaneapp/arcane/backend/internal/services/settings_service.go:610 [35;1mrecord not found
[0m[33m[0.185ms] [34;1m[rows:0][0m SELECT * FROM `settings` WHERE key = "oidcTokenEndpoint" ORDER BY `settings`.`key` LIMIT 1

2026/01/19 19:21:25 [31;1m/Users/kylemendell/dev/getarcaneapp/arcane/backend/internal/services/settings_service.go:610 [35;1mrecord not found
[0m[33m[0.175ms] [34;1m[rows:0][0m SELECT * FROM `settings` WHERE key = "oidcUserinfoEndpoint" ORDER BY `settings`.`key` LIMIT 1

2026/01/19 19:21:25 [31;1m/Users/kylemendell/dev/getarcaneapp/arcane/backend/internal/services/settings_service.go:610 [35;1mrecord not found
[0m[33m[0.175ms] [34;1m[rows:0][0m SELECT * FROM `settings` WHERE key = "oidcJwksEndpoint" ORDER BY `settings`.`key` LIMIT 1

2026/01/19 19:21:25 [31;1m/Users/kylemendell/dev/getarcaneapp/arcane/backend/internal/services/settings_service.go:610 [35;1mrecord not found
[0m[33m[0.174ms] [34;1m[rows:0][0m SELECT * FROM `settings` WHERE key = "oidcDeviceAuthorizationEndpoint" ORDER BY `settings`.`key` LIMIT 1

2026/01/19 19:21:25 [31;1m/Users/kylemendell/dev/getarcaneapp/arcane/backend/internal/services/settings_service.go:610 [35;1mrecord not found
[0m[33m[0.174ms] [34;1m[rows:0][0m SELECT * FROM `settings` WHERE key = "oidcScopes" ORDER BY `settings`.`key` LIMIT 1

2026/01/19 19:21:25 [31;1m/Users/kylemendell/dev/getarcaneapp/arcane/backend/internal/services/settings_service.go:610 [35;1mrecord not found
[0m[33m[0.174ms] [34;1m[rows:0][0m SELECT * FROM `settings` WHERE key = "oidcAdminClaim" ORDER BY `settings`.`key` LIMIT 1

2026/01/19 19:21:25 [31;1m/Users/kylemendell/dev/getarcaneapp/arcane/backend/internal/services/settings_service.go:610 [35;1mrecord not found
[0m[33m[0.177ms] [34;1m[rows:0][0m SELECT * FROM `settings` WHERE key = "oidcAdminValue" ORDER BY `settings`.`key` LIMIT 1

2026/01/19 19:21:25 [31;1m/Users/kylemendell/dev/getarcaneapp/arcane/backend/internal/services/settings_service.go:610 [35;1mrecord not found
[0m[33m[0.174ms] [34;1m[rows:0][0m SELECT * FROM `settings` WHERE key = "oidcSkipTlsVerify" ORDER BY `settings`.`key` LIMIT 1

2026/01/19 19:21:25 [31;1m/Users/kylemendell/dev/getarcaneapp/arcane/backend/internal/services/settings_service.go:610 [35;1mrecord not found
[0m[33m[0.202ms] [34;1m[rows:0][0m SELECT * FROM `settings` WHERE key = "oidcAutoRedirectToProvider" ORDER BY `settings`.`key` LIMIT 1

2026/01/19 19:21:25 [31;1m/Users/kylemendell/dev/getarcaneapp/arcane/backend/internal/services/settings_service.go:610 [35;1mrecord not found
[0m[33m[0.291ms] [34;1m[rows:0][0m SELECT * FROM `settings` WHERE key = "oidcMergeAccounts" ORDER BY `settings`.`key` LIMIT 1

2026/01/19 19:21:25 [31;1m/Users/kylemendell/dev/getarcaneapp/arcane/backend/internal/services/settings_service.go:610 [35;1mrecord not found
[0m[33m[0.181ms] [34;1m[rows:0][0m SELECT * FROM `settings` WHERE key = "mobileNavigationMode" ORDER BY `settings`.`key` LIMIT 1

2026/01/19 19:21:25 [31;1m/Users/kylemendell/dev/getarcaneapp/arcane/backend/internal/services/settings_service.go:610 [35;1mrecord not found
[0m[33m[0.223ms] [34;1m[rows:0][0m SELECT * FROM `settings` WHERE key = "mobileNavigationShowLabels" ORDER BY `settings`.`key` LIMIT 1

2026/01/19 19:21:25 [31;1m/Users/kylemendell/dev/getarcaneapp/arcane/backend/internal/services/settings_service.go:610 [35;1mrecord not found
[0m[33m[0.181ms] [34;1m[rows:0][0m SELECT * FROM `settings` WHERE key = "sidebarHoverExpansion" ORDER BY `settings`.`key` LIMIT 1

2026/01/19 19:21:25 [31;1m/Users/kylemendell/dev/getarcaneapp/arcane/backend/internal/services/settings_service.go:610 [35;1mrecord not found
[0m[33m[0.178ms] [34;1m[rows:0][0m SELECT * FROM `settings` WHERE key = "notificationsCategory" ORDER BY `settings`.`key` LIMIT 1

2026/01/19 19:21:25 [31;1m/Users/kylemendell/dev/getarcaneapp/arcane/backend/internal/services/settings_service.go:610 [35;1mrecord not found
[0m[33m[0.179ms] [34;1m[rows:0][0m SELECT * FROM `settings` WHERE key = "agentToken" ORDER BY `settings`.`key` LIMIT 1

2026/01/19 19:21:25 [31;1m/Users/kylemendell/dev/getarcaneapp/arcane/backend/internal/services/settings_service.go:610 [35;1mrecord not found
[0m[33m[0.175ms] [34;1m[rows:0][0m SELECT * FROM `settings` WHERE key = "usersCategory" ORDER BY `settings`.`key` LIMIT 1

2026/01/19 19:21:25 [31;1m/Users/kylemendell/dev/getarcaneapp/arcane/backend/internal/services/settings_service.go:610 [35;1mrecord not found
[0m[33m[0.175ms] [34;1m[rows:0][0m SELECT * FROM `settings` WHERE key = "apiKeysCategory" ORDER BY `settings`.`key` LIMIT 1

2026/01/19 19:21:25 [31;1m/Users/kylemendell/dev/getarcaneapp/arcane/backend/internal/services/settings_service.go:610 [35;1mrecord not found
[0m[33m[0.177ms] [34;1m[rows:0][0m SELECT * FROM `settings` WHERE key = "dockerApiTimeout" ORDER BY `settings`.`key` LIMIT 1

2026/01/19 19:21:25 [31;1m/Users/kylemendell/dev/getarcaneapp/arcane/backend/internal/services/settings_service.go:610 [35;1mrecord not found
[0m[33m[0.176ms] [34;1m[rows:0][0m SELECT * FROM `settings` WHERE key = "dockerImagePullTimeout" ORDER BY `settings`.`key` LIMIT 1

2026/01/19 19:21:25 [31;1m/Users/kylemendell/dev/getarcaneapp/arcane/backend/internal/services/settings_service.go:610 [35;1mrecord not found
[0m[33m[0.176ms] [34;1m[rows:0][0m SELECT * FROM `settings` WHERE key = "gitOperationTimeout" ORDER BY `settings`.`key` LIMIT 1

2026/01/19 19:21:25 [31;1m/Users/kylemendell/dev/getarcaneapp/arcane/backend/internal/services/settings_service.go:610 [35;1mrecord not found
[0m[33m[0.178ms] [34;1m[rows:0][0m SELECT * FROM `settings` WHERE key = "httpClientTimeout" ORDER BY `settings`.`key` LIMIT 1

2026/01/19 19:21:25 [31;1m/Users/kylemendell/dev/getarcaneapp/arcane/backend/internal/services/settings_service.go:610 [35;1mrecord not found
[0m[33m[0.185ms] [34;1m[rows:0][0m SELECT * FROM `settings` WHERE key = "registryTimeout" ORDER BY `settings`.`key` LIMIT 1

2026/01/19 19:21:25 [31;1m/Users/kylemendell/dev/getarcaneapp/arcane/backend/internal/services/settings_service.go:610 [35;1mrecord not found
[0m[33m[0.177ms] [34;1m[rows:0][0m SELECT * FROM `settings` WHERE key = "proxyRequestTimeout" ORDER BY `settings`.`key` LIMIT 1

2026/01/19 19:21:25 [31;1m/Users/kylemendell/dev/getarcaneapp/arcane/backend/internal/services/settings_service.go:384 [35;1mrecord not found
[0m[33m[0.193ms] [34;1m[rows:0][0m SELECT * FROM `settings` WHERE key = "authOidcClientId" ORDER BY `settings`.`key` LIMIT 1

2026/01/19 19:21:25 [31;1m/Users/kylemendell/dev/getarcaneapp/arcane/backend/internal/services/settings_service.go:384 [35;1mrecord not found
[0m[33m[0.184ms] [34;1m[rows:0][0m SELECT * FROM `settings` WHERE key = "authOidcClientSecret" ORDER BY `settings`.`key` LIMIT 1

2026/01/19 19:21:25 [31;1m/Users/kylemendell/dev/getarcaneapp/arcane/backend/internal/services/settings_service.go:384 [35;1mrecord not found
[0m[33m[0.207ms] [34;1m[rows:0][0m SELECT * FROM `settings` WHERE key = "authOidcIssuerUrl" ORDER BY `settings`.`key` LIMIT 1

2026/01/19 19:21:25 [31;1m/Users/kylemendell/dev/getarcaneapp/arcane/backend/internal/services/settings_service.go:384 [35;1mrecord not found
[0m[33m[0.302ms] [34;1m[rows:0][0m SELECT * FROM `settings` WHERE key = "authOidcScopes" ORDER BY `settings`.`key` LIMIT 1

2026/01/19 19:21:25 [31;1m/Users/kylemendell/dev/getarcaneapp/arcane/backend/internal/services/settings_service.go:384 [35;1mrecord not found
[0m[33m[0.182ms] [34;1m[rows:0][0m SELECT * FROM `settings` WHERE key = "authOidcAdminClaim" ORDER BY `settings`.`key` LIMIT 1

2026/01/19 19:21:25 [31;1m/Users/kylemendell/dev/getarcaneapp/arcane/backend/internal/services/settings_service.go:384 [35;1mrecord not found
[0m[33m[0.178ms] [34;1m[rows:0][0m SELECT * FROM `settings` WHERE key = "authOidcAdminValue" ORDER BY `settings`.`key` LIMIT 1

2026/01/19 19:21:25 [31;1m/Users/kylemendell/dev/getarcaneapp/arcane/backend/internal/services/settings_service.go:384 [35;1mrecord not found
[0m[33m[0.176ms] [34;1m[rows:0][0m SELECT * FROM `settings` WHERE key = "authOidcEnabled" ORDER BY `settings`.`key` LIMIT 1

2026/01/19 19:21:25 [31;1m/Users/kylemendell/dev/getarcaneapp/arcane/backend/internal/services/settings_service.go:384 [35;1mrecord not found
[0m[33m[0.181ms] [34;1m[rows:0][0m SELECT * FROM `settings` WHERE key = "authOidcMergeAccounts" ORDER BY `settings`.`key` LIMIT 1
2026/01/19 19:21:25 INFO Migrating legacy OIDC config to individual fields
2026/01/19 19:21:25 INFO Successfully migrated OIDC config to individual fields
--- PASS: TestSettingsService_MigrateOidcConfigToFields_DefaultScopes (0.03s)
=== RUN   TestSettingsService_NormalizeProjectsDirectory_ConvertsRelativeToAbsolute
2026/01/19 19:21:25 INFO Normalizing projects directory from relative to absolute path from=data/projects to=/Users/kylemendell/dev/getarcaneapp/arcane/backend/internal/services/data/projects base=/Users/kylemendell/dev/getarcaneapp/arcane/backend/internal/services
2026/01/19 19:21:25 INFO Successfully normalized projects directory
--- PASS: TestSettingsService_NormalizeProjectsDirectory_ConvertsRelativeToAbsolute (0.01s)
=== RUN   TestSettingsService_NormalizeProjectsDirectory_SkipsWhenEnvSet
--- PASS: TestSettingsService_NormalizeProjectsDirectory_SkipsWhenEnvSet (0.00s)
=== RUN   TestSettingsService_NormalizeProjectsDirectory_LeavesOtherPathsUnchanged
--- PASS: TestSettingsService_NormalizeProjectsDirectory_LeavesOtherPathsUnchanged (0.01s)
=== RUN   TestSettingsService_NormalizeProjectsDirectory_HandlesNotFound

2026/01/19 19:21:25 [31;1m/Users/kylemendell/dev/getarcaneapp/arcane/backend/internal/services/settings_service.go:914 [35;1mrecord not found
[0m[33m[0.487ms] [34;1m[rows:0][0m SELECT * FROM `settings` WHERE key = "projectsDirectory" ORDER BY `settings`.`key` LIMIT 1
--- PASS: TestSettingsService_NormalizeProjectsDirectory_HandlesNotFound (0.01s)
=== RUN   TestSettingsService_NormalizeProjectsDirectory_UpdatesCacheAfterNormalization

2026/01/19 19:21:25 [31;1m/Users/kylemendell/dev/getarcaneapp/arcane/backend/internal/services/settings_service.go:610 [35;1mrecord not found
[0m[33m[0.222ms] [34;1m[rows:0][0m SELECT * FROM `settings` WHERE key = "projectsDirectory" ORDER BY `settings`.`key` LIMIT 1

2026/01/19 19:21:25 [31;1m/Users/kylemendell/dev/getarcaneapp/arcane/backend/internal/services/settings_service.go:610 [35;1mrecord not found
[0m[33m[0.189ms] [34;1m[rows:0][0m SELECT * FROM `settings` WHERE key = "diskUsagePath" ORDER BY `settings`.`key` LIMIT 1

2026/01/19 19:21:25 [31;1m/Users/kylemendell/dev/getarcaneapp/arcane/backend/internal/services/settings_service.go:610 [35;1mrecord not found
[0m[33m[0.198ms] [34;1m[rows:0][0m SELECT * FROM `settings` WHERE key = "baseServerUrl" ORDER BY `settings`.`key` LIMIT 1

2026/01/19 19:21:25 [31;1m/Users/kylemendell/dev/getarcaneapp/arcane/backend/internal/services/settings_service.go:610 [35;1mrecord not found
[0m[33m[0.211ms] [34;1m[rows:0][0m SELECT * FROM `settings` WHERE key = "enableGravatar" ORDER BY `settings`.`key` LIMIT 1

2026/01/19 19:21:25 [31;1m/Users/kylemendell/dev/getarcaneapp/arcane/backend/internal/services/settings_service.go:610 [35;1mrecord not found
[0m[33m[0.182ms] [34;1m[rows:0][0m SELECT * FROM `settings` WHERE key = "defaultShell" ORDER BY `settings`.`key` LIMIT 1

2026/01/19 19:21:25 [31;1m/Users/kylemendell/dev/getarcaneapp/arcane/backend/internal/services/settings_service.go:610 [35;1mrecord not found
[0m[33m[0.175ms] [34;1m[rows:0][0m SELECT * FROM `settings` WHERE key = "environmentHealthInterval" ORDER BY `settings`.`key` LIMIT 1

2026/01/19 19:21:25 [31;1m/Users/kylemendell/dev/getarcaneapp/arcane/backend/internal/services/settings_service.go:610 [35;1mrecord not found
[0m[33m[0.179ms] [34;1m[rows:0][0m SELECT * FROM `settings` WHERE key = "accentColor" ORDER BY `settings`.`key` LIMIT 1

2026/01/19 19:21:25 [31;1m/Users/kylemendell/dev/getarcaneapp/arcane/backend/internal/services/settings_service.go:610 [35;1mrecord not found
[0m[33m[0.177ms] [34;1m[rows:0][0m SELECT * FROM `settings` WHERE key = "autoUpdate" ORDER BY `settings`.`key` LIMIT 1

2026/01/19 19:21:25 [31;1m/Users/kylemendell/dev/getarcaneapp/arcane/backend/internal/services/settings_service.go:610 [35;1mrecord not found
[0m[33m[0.211ms] [34;1m[rows:0][0m SELECT * FROM `settings` WHERE key = "autoUpdateInterval" ORDER BY `settings`.`key` LIMIT 1

2026/01/19 19:21:25 [31;1m/Users/kylemendell/dev/getarcaneapp/arcane/backend/internal/services/settings_service.go:610 [35;1mrecord not found
[0m[33m[0.180ms] [34;1m[rows:0][0m SELECT * FROM `settings` WHERE key = "pollingEnabled" ORDER BY `settings`.`key` LIMIT 1

2026/01/19 19:21:25 [31;1m/Users/kylemendell/dev/getarcaneapp/arcane/backend/internal/services/settings_service.go:610 [35;1mrecord not found
[0m[33m[0.194ms] [34;1m[rows:0][0m SELECT * FROM `settings` WHERE key = "pollingInterval" ORDER BY `settings`.`key` LIMIT 1

2026/01/19 19:21:25 [31;1m/Users/kylemendell/dev/getarcaneapp/arcane/backend/internal/services/settings_service.go:610 [35;1mrecord not found
[0m[33m[0.189ms] [34;1m[rows:0][0m SELECT * FROM `settings` WHERE key = "eventCleanupInterval" ORDER BY `settings`.`key` LIMIT 1

2026/01/19 19:21:25 [31;1m/Users/kylemendell/dev/getarcaneapp/arcane/backend/internal/services/settings_service.go:610 [35;1mrecord not found
[0m[33m[0.192ms] [34;1m[rows:0][0m SELECT * FROM `settings` WHERE key = "analyticsHeartbeatInterval" ORDER BY `settings`.`key` LIMIT 1

2026/01/19 19:21:25 [31;1m/Users/kylemendell/dev/getarcaneapp/arcane/backend/internal/services/settings_service.go:610 [35;1mrecord not found
[0m[33m[0.189ms] [34;1m[rows:0][0m SELECT * FROM `settings` WHERE key = "autoInjectEnv" ORDER BY `settings`.`key` LIMIT 1

2026/01/19 19:21:25 [31;1m/Users/kylemendell/dev/getarcaneapp/arcane/backend/internal/services/settings_service.go:610 [35;1mrecord not found
[0m[33m[0.199ms] [34;1m[rows:0][0m SELECT * FROM `settings` WHERE key = "dockerPruneMode" ORDER BY `settings`.`key` LIMIT 1

2026/01/19 19:21:25 [31;1m/Users/kylemendell/dev/getarcaneapp/arcane/backend/internal/services/settings_service.go:610 [35;1mrecord not found
[0m[33m[0.192ms] [34;1m[rows:0][0m SELECT * FROM `settings` WHERE key = "scheduledPruneEnabled" ORDER BY `settings`.`key` LIMIT 1

2026/01/19 19:21:25 [31;1m/Users/kylemendell/dev/getarcaneapp/arcane/backend/internal/services/settings_service.go:610 [35;1mrecord not found
[0m[33m[0.193ms] [34;1m[rows:0][0m SELECT * FROM `settings` WHERE key = "scheduledPruneInterval" ORDER BY `settings`.`key` LIMIT 1

2026/01/19 19:21:25 [31;1m/Users/kylemendell/dev/getarcaneapp/arcane/backend/internal/services/settings_service.go:610 [35;1mrecord not found
[0m[33m[0.206ms] [34;1m[rows:0][0m SELECT * FROM `settings` WHERE key = "scheduledPruneContainers" ORDER BY `settings`.`key` LIMIT 1

2026/01/19 19:21:25 [31;1m/Users/kylemendell/dev/getarcaneapp/arcane/backend/internal/services/settings_service.go:610 [35;1mrecord not found
[0m[33m[0.208ms] [34;1m[rows:0][0m SELECT * FROM `settings` WHERE key = "scheduledPruneImages" ORDER BY `settings`.`key` LIMIT 1

2026/01/19 19:21:25 [31;1m/Users/kylemendell/dev/getarcaneapp/arcane/backend/internal/services/settings_service.go:610 [35;1mrecord not found
[0m[33m[0.205ms] [34;1m[rows:0][0m SELECT * FROM `settings` WHERE key = "scheduledPruneVolumes" ORDER BY `settings`.`key` LIMIT 1

2026/01/19 19:21:25 [31;1m/Users/kylemendell/dev/getarcaneapp/arcane/backend/internal/services/settings_service.go:610 [35;1mrecord not found
[0m[33m[0.184ms] [34;1m[rows:0][0m SELECT * FROM `settings` WHERE key = "scheduledPruneNetworks" ORDER BY `settings`.`key` LIMIT 1

2026/01/19 19:21:25 [31;1m/Users/kylemendell/dev/getarcaneapp/arcane/backend/internal/services/settings_service.go:610 [35;1mrecord not found
[0m[33m[0.177ms] [34;1m[rows:0][0m SELECT * FROM `settings` WHERE key = "scheduledPruneBuildCache" ORDER BY `settings`.`key` LIMIT 1

2026/01/19 19:21:25 [31;1m/Users/kylemendell/dev/getarcaneapp/arcane/backend/internal/services/settings_service.go:610 [35;1mrecord not found
[0m[33m[0.180ms] [34;1m[rows:0][0m SELECT * FROM `settings` WHERE key = "maxImageUploadSize" ORDER BY `settings`.`key` LIMIT 1

2026/01/19 19:21:25 [31;1m/Users/kylemendell/dev/getarcaneapp/arcane/backend/internal/services/settings_service.go:610 [35;1mrecord not found
[0m[33m[0.175ms] [34;1m[rows:0][0m SELECT * FROM `settings` WHERE key = "dockerHost" ORDER BY `settings`.`key` LIMIT 1

2026/01/19 19:21:25 [31;1m/Users/kylemendell/dev/getarcaneapp/arcane/backend/internal/services/settings_service.go:610 [35;1mrecord not found
[0m[33m[0.462ms] [34;1m[rows:0][0m SELECT * FROM `settings` WHERE key = "authLocalEnabled" ORDER BY `settings`.`key` LIMIT 1

2026/01/19 19:21:25 [31;1m/Users/kylemendell/dev/getarcaneapp/arcane/backend/internal/services/settings_service.go:610 [35;1mrecord not found
[0m[33m[0.360ms] [34;1m[rows:0][0m SELECT * FROM `settings` WHERE key = "authSessionTimeout" ORDER BY `settings`.`key` LIMIT 1

2026/01/19 19:21:25 [31;1m/Users/kylemendell/dev/getarcaneapp/arcane/backend/internal/services/settings_service.go:610 [35;1mrecord not found
[0m[33m[0.331ms] [34;1m[rows:0][0m SELECT * FROM `settings` WHERE key = "authPasswordPolicy" ORDER BY `settings`.`key` LIMIT 1

2026/01/19 19:21:25 [31;1m/Users/kylemendell/dev/getarcaneapp/arcane/backend/internal/services/settings_service.go:610 [35;1mrecord not found
[0m[33m[0.449ms] [34;1m[rows:0][0m SELECT * FROM `settings` WHERE key = "authOidcConfig" ORDER BY `settings`.`key` LIMIT 1

2026/01/19 19:21:25 [31;1m/Users/kylemendell/dev/getarcaneapp/arcane/backend/internal/services/settings_service.go:610 [35;1mrecord not found
[0m[33m[0.383ms] [34;1m[rows:0][0m SELECT * FROM `settings` WHERE key = "oidcEnabled" ORDER BY `settings`.`key` LIMIT 1

2026/01/19 19:21:25 [31;1m/Users/kylemendell/dev/getarcaneapp/arcane/backend/internal/services/settings_service.go:610 [35;1mrecord not found
[0m[33m[0.228ms] [34;1m[rows:0][0m SELECT * FROM `settings` WHERE key = "oidcClientId" ORDER BY `settings`.`key` LIMIT 1

2026/01/19 19:21:25 [31;1m/Users/kylemendell/dev/getarcaneapp/arcane/backend/internal/services/settings_service.go:610 [35;1mrecord not found
[0m[33m[0.398ms] [34;1m[rows:0][0m SELECT * FROM `settings` WHERE key = "oidcClientSecret" ORDER BY `settings`.`key` LIMIT 1

2026/01/19 19:21:25 [31;1m/Users/kylemendell/dev/getarcaneapp/arcane/backend/internal/services/settings_service.go:610 [35;1mrecord not found
[0m[33m[0.582ms] [34;1m[rows:0][0m SELECT * FROM `settings` WHERE key = "oidcIssuerUrl" ORDER BY `settings`.`key` LIMIT 1

2026/01/19 19:21:25 [31;1m/Users/kylemendell/dev/getarcaneapp/arcane/backend/internal/services/settings_service.go:610 [35;1mrecord not found
[0m[33m[0.252ms] [34;1m[rows:0][0m SELECT * FROM `settings` WHERE key = "oidcAuthorizationEndpoint" ORDER BY `settings`.`key` LIMIT 1

2026/01/19 19:21:25 [31;1m/Users/kylemendell/dev/getarcaneapp/arcane/backend/internal/services/settings_service.go:610 [35;1mrecord not found
[0m[33m[0.199ms] [34;1m[rows:0][0m SELECT * FROM `settings` WHERE key = "oidcTokenEndpoint" ORDER BY `settings`.`key` LIMIT 1

2026/01/19 19:21:25 [31;1m/Users/kylemendell/dev/getarcaneapp/arcane/backend/internal/services/settings_service.go:610 [35;1mrecord not found
[0m[33m[0.177ms] [34;1m[rows:0][0m SELECT * FROM `settings` WHERE key = "oidcUserinfoEndpoint" ORDER BY `settings`.`key` LIMIT 1

2026/01/19 19:21:25 [31;1m/Users/kylemendell/dev/getarcaneapp/arcane/backend/internal/services/settings_service.go:610 [35;1mrecord not found
[0m[33m[0.175ms] [34;1m[rows:0][0m SELECT * FROM `settings` WHERE key = "oidcJwksEndpoint" ORDER BY `settings`.`key` LIMIT 1

2026/01/19 19:21:25 [31;1m/Users/kylemendell/dev/getarcaneapp/arcane/backend/internal/services/settings_service.go:610 [35;1mrecord not found
[0m[33m[0.175ms] [34;1m[rows:0][0m SELECT * FROM `settings` WHERE key = "oidcDeviceAuthorizationEndpoint" ORDER BY `settings`.`key` LIMIT 1

2026/01/19 19:21:25 [31;1m/Users/kylemendell/dev/getarcaneapp/arcane/backend/internal/services/settings_service.go:610 [35;1mrecord not found
[0m[33m[0.193ms] [34;1m[rows:0][0m SELECT * FROM `settings` WHERE key = "oidcScopes" ORDER BY `settings`.`key` LIMIT 1

2026/01/19 19:21:25 [31;1m/Users/kylemendell/dev/getarcaneapp/arcane/backend/internal/services/settings_service.go:610 [35;1mrecord not found
[0m[33m[0.180ms] [34;1m[rows:0][0m SELECT * FROM `settings` WHERE key = "oidcAdminClaim" ORDER BY `settings`.`key` LIMIT 1

2026/01/19 19:21:25 [31;1m/Users/kylemendell/dev/getarcaneapp/arcane/backend/internal/services/settings_service.go:610 [35;1mrecord not found
[0m[33m[0.178ms] [34;1m[rows:0][0m SELECT * FROM `settings` WHERE key = "oidcAdminValue" ORDER BY `settings`.`key` LIMIT 1

2026/01/19 19:21:25 [31;1m/Users/kylemendell/dev/getarcaneapp/arcane/backend/internal/services/settings_service.go:610 [35;1mrecord not found
[0m[33m[0.191ms] [34;1m[rows:0][0m SELECT * FROM `settings` WHERE key = "oidcSkipTlsVerify" ORDER BY `settings`.`key` LIMIT 1

2026/01/19 19:21:25 [31;1m/Users/kylemendell/dev/getarcaneapp/arcane/backend/internal/services/settings_service.go:610 [35;1mrecord not found
[0m[33m[0.182ms] [34;1m[rows:0][0m SELECT * FROM `settings` WHERE key = "oidcAutoRedirectToProvider" ORDER BY `settings`.`key` LIMIT 1

2026/01/19 19:21:25 [31;1m/Users/kylemendell/dev/getarcaneapp/arcane/backend/internal/services/settings_service.go:610 [35;1mrecord not found
[0m[33m[0.178ms] [34;1m[rows:0][0m SELECT * FROM `settings` WHERE key = "oidcMergeAccounts" ORDER BY `settings`.`key` LIMIT 1

2026/01/19 19:21:25 [31;1m/Users/kylemendell/dev/getarcaneapp/arcane/backend/internal/services/settings_service.go:610 [35;1mrecord not found
[0m[33m[0.178ms] [34;1m[rows:0][0m SELECT * FROM `settings` WHERE key = "mobileNavigationMode" ORDER BY `settings`.`key` LIMIT 1

2026/01/19 19:21:25 [31;1m/Users/kylemendell/dev/getarcaneapp/arcane/backend/internal/services/settings_service.go:610 [35;1mrecord not found
[0m[33m[0.176ms] [34;1m[rows:0][0m SELECT * FROM `settings` WHERE key = "mobileNavigationShowLabels" ORDER BY `settings`.`key` LIMIT 1

2026/01/19 19:21:25 [31;1m/Users/kylemendell/dev/getarcaneapp/arcane/backend/internal/services/settings_service.go:610 [35;1mrecord not found
[0m[33m[0.239ms] [34;1m[rows:0][0m SELECT * FROM `settings` WHERE key = "sidebarHoverExpansion" ORDER BY `settings`.`key` LIMIT 1

2026/01/19 19:21:25 [31;1m/Users/kylemendell/dev/getarcaneapp/arcane/backend/internal/services/settings_service.go:610 [35;1mrecord not found
[0m[33m[0.194ms] [34;1m[rows:0][0m SELECT * FROM `settings` WHERE key = "notificationsCategory" ORDER BY `settings`.`key` LIMIT 1

2026/01/19 19:21:25 [31;1m/Users/kylemendell/dev/getarcaneapp/arcane/backend/internal/services/settings_service.go:610 [35;1mrecord not found
[0m[33m[0.180ms] [34;1m[rows:0][0m SELECT * FROM `settings` WHERE key = "agentToken" ORDER BY `settings`.`key` LIMIT 1

2026/01/19 19:21:25 [31;1m/Users/kylemendell/dev/getarcaneapp/arcane/backend/internal/services/settings_service.go:610 [35;1mrecord not found
[0m[33m[0.176ms] [34;1m[rows:0][0m SELECT * FROM `settings` WHERE key = "usersCategory" ORDER BY `settings`.`key` LIMIT 1

2026/01/19 19:21:25 [31;1m/Users/kylemendell/dev/getarcaneapp/arcane/backend/internal/services/settings_service.go:610 [35;1mrecord not found
[0m[33m[0.177ms] [34;1m[rows:0][0m SELECT * FROM `settings` WHERE key = "apiKeysCategory" ORDER BY `settings`.`key` LIMIT 1

2026/01/19 19:21:25 [31;1m/Users/kylemendell/dev/getarcaneapp/arcane/backend/internal/services/settings_service.go:610 [35;1mrecord not found
[0m[33m[0.177ms] [34;1m[rows:0][0m SELECT * FROM `settings` WHERE key = "dockerApiTimeout" ORDER BY `settings`.`key` LIMIT 1

2026/01/19 19:21:25 [31;1m/Users/kylemendell/dev/getarcaneapp/arcane/backend/internal/services/settings_service.go:610 [35;1mrecord not found
[0m[33m[0.177ms] [34;1m[rows:0][0m SELECT * FROM `settings` WHERE key = "dockerImagePullTimeout" ORDER BY `settings`.`key` LIMIT 1

2026/01/19 19:21:25 [31;1m/Users/kylemendell/dev/getarcaneapp/arcane/backend/internal/services/settings_service.go:610 [35;1mrecord not found
[0m[33m[0.185ms] [34;1m[rows:0][0m SELECT * FROM `settings` WHERE key = "gitOperationTimeout" ORDER BY `settings`.`key` LIMIT 1

2026/01/19 19:21:25 [31;1m/Users/kylemendell/dev/getarcaneapp/arcane/backend/internal/services/settings_service.go:610 [35;1mrecord not found
[0m[33m[0.189ms] [34;1m[rows:0][0m SELECT * FROM `settings` WHERE key = "httpClientTimeout" ORDER BY `settings`.`key` LIMIT 1

2026/01/19 19:21:25 [31;1m/Users/kylemendell/dev/getarcaneapp/arcane/backend/internal/services/settings_service.go:610 [35;1mrecord not found
[0m[33m[0.195ms] [34;1m[rows:0][0m SELECT * FROM `settings` WHERE key = "registryTimeout" ORDER BY `settings`.`key` LIMIT 1

2026/01/19 19:21:25 [31;1m/Users/kylemendell/dev/getarcaneapp/arcane/backend/internal/services/settings_service.go:610 [35;1mrecord not found
[0m[33m[0.188ms] [34;1m[rows:0][0m SELECT * FROM `settings` WHERE key = "proxyRequestTimeout" ORDER BY `settings`.`key` LIMIT 1
2026/01/19 19:21:25 INFO Normalizing projects directory from relative to absolute path from=data/projects to=/Users/kylemendell/dev/getarcaneapp/arcane/backend/internal/services/data/projects base=/Users/kylemendell/dev/getarcaneapp/arcane/backend/internal/services
2026/01/19 19:21:25 INFO Successfully normalized projects directory
--- PASS: TestSettingsService_NormalizeProjectsDirectory_UpdatesCacheAfterNormalization (0.03s)
=== RUN   TestSystemUpgradeService_UpgradeFlag
--- PASS: TestSystemUpgradeService_UpgradeFlag (0.00s)
=== RUN   TestSystemUpgradeService_Initialization
--- PASS: TestSystemUpgradeService_Initialization (0.00s)
=== RUN   TestSystemUpgradeService_ErrorVariables
--- PASS: TestSystemUpgradeService_ErrorVariables (0.00s)
=== RUN   TestSystemUpgradeService_UpgradingFlag_ConcurrentAccess
--- PASS: TestSystemUpgradeService_UpgradingFlag_ConcurrentAccess (0.00s)
=== RUN   TestSystemUpgradeService_CompareAndSwap
--- PASS: TestSystemUpgradeService_CompareAndSwap (0.00s)
=== RUN   TestSystemUpgradeService_Services
--- PASS: TestSystemUpgradeService_Services (0.00s)
=== RUN   TestSystemUpgradeService_ConcurrentUpgradeAttempts
--- PASS: TestSystemUpgradeService_ConcurrentUpgradeAttempts (0.00s)
=== RUN   TestSystemUpgradeService_UpgradeInProgressError
--- PASS: TestSystemUpgradeService_UpgradeInProgressError (0.00s)
=== RUN   TestSystemUpgradeService_AtomicOperations
--- PASS: TestSystemUpgradeService_AtomicOperations (0.00s)
=== RUN   TestUpdaterService_ArcaneLabel_TriggersCLIUpgrade
--- PASS: TestUpdaterService_ArcaneLabel_TriggersCLIUpgrade (0.00s)
=== RUN   TestUpdaterService_NonArcaneLabel_DoesNotTriggerCLI
--- PASS: TestUpdaterService_NonArcaneLabel_DoesNotTriggerCLI (0.00s)
=== RUN   TestUpdaterService_ArcaneLabelWithError_PropagatesError
--- PASS: TestUpdaterService_ArcaneLabelWithError_PropagatesError (0.00s)
=== RUN   TestUpdaterService_NilUpgradeService_GracefulHandling
--- PASS: TestUpdaterService_NilUpgradeService_GracefulHandling (0.00s)
=== RUN   TestUpdaterService_ArcaneLabelVariations
=== RUN   TestUpdaterService_ArcaneLabelVariations/standard_arcane_label
=== RUN   TestUpdaterService_ArcaneLabelVariations/empty_labels
=== RUN   TestUpdaterService_ArcaneLabelVariations/nil_labels
=== RUN   TestUpdaterService_ArcaneLabelVariations/other_labels_only
=== RUN   TestUpdaterService_ArcaneLabelVariations/arcane_label_false
--- PASS: TestUpdaterService_ArcaneLabelVariations (0.00s)
    --- PASS: TestUpdaterService_ArcaneLabelVariations/standard_arcane_label (0.00s)
    --- PASS: TestUpdaterService_ArcaneLabelVariations/empty_labels (0.00s)
    --- PASS: TestUpdaterService_ArcaneLabelVariations/nil_labels (0.00s)
    --- PASS: TestUpdaterService_ArcaneLabelVariations/other_labels_only (0.00s)
    --- PASS: TestUpdaterService_ArcaneLabelVariations/arcane_label_false (0.00s)
=== RUN   TestUpdaterService_CLICalledWithSystemUser
--- PASS: TestUpdaterService_CLICalledWithSystemUser (0.00s)
=== RUN   TestUpdaterService_UpgradeServiceNotNilCheck
--- PASS: TestUpdaterService_UpgradeServiceNotNilCheck (0.00s)
PASS
ok  	github.com/getarcaneapp/arcane/backend/internal/services	(cached)
=== RUN   TestUpdateIfChanged
=== RUN   TestUpdateIfChanged/string_target_with_string_value
=== RUN   TestUpdateIfChanged/string_target_with_*string_value
=== RUN   TestUpdateIfChanged/bool_target_with_bool_value
=== RUN   TestUpdateIfChanged/bool_target_with_*bool_value
=== RUN   TestUpdateIfChanged/*string_target_with_*string_value
=== RUN   TestUpdateIfChanged/unsupported_types
--- PASS: TestUpdateIfChanged (0.00s)
    --- PASS: TestUpdateIfChanged/string_target_with_string_value (0.00s)
    --- PASS: TestUpdateIfChanged/string_target_with_*string_value (0.00s)
    --- PASS: TestUpdateIfChanged/bool_target_with_bool_value (0.00s)
    --- PASS: TestUpdateIfChanged/bool_target_with_*bool_value (0.00s)
    --- PASS: TestUpdateIfChanged/*string_target_with_*string_value (0.00s)
    --- PASS: TestUpdateIfChanged/unsupported_types (0.00s)
PASS
ok  	github.com/getarcaneapp/arcane/backend/internal/utils	(cached)
# github.com/getarcaneapp/arcane/backend/internal/utils/fs.test
ld: warning: '/private/var/folders/2d/pprtylkx1ps58h40kbdd24740000gn/T/go-link-442437164/000013.o' has malformed LC_DYSYMTAB, expected 98 undefined symbols to start at index 1626, found 95 undefined symbols starting at index 1626
# github.com/getarcaneapp/arcane/backend/internal/utils/arcaneupdater.test
ld: warning: '/private/var/folders/2d/pprtylkx1ps58h40kbdd24740000gn/T/go-link-2136178671/000013.o' has malformed LC_DYSYMTAB, expected 98 undefined symbols to start at index 1626, found 95 undefined symbols starting at index 1626
=== RUN   TestIsArcaneContainer
=== RUN   TestIsArcaneContainer/nil_labels
=== RUN   TestIsArcaneContainer/empty_labels
=== RUN   TestIsArcaneContainer/arcane_label_true
=== RUN   TestIsArcaneContainer/arcane_label_1
=== RUN   TestIsArcaneContainer/arcane_label_yes
=== RUN   TestIsArcaneContainer/arcane_label_on
=== RUN   TestIsArcaneContainer/arcane_label_false
=== RUN   TestIsArcaneContainer/arcane_label_TRUE_uppercase
=== RUN   TestIsArcaneContainer/arcane_label_with_whitespace
=== RUN   TestIsArcaneContainer/case_insensitive_label_key
--- PASS: TestIsArcaneContainer (0.00s)
    --- PASS: TestIsArcaneContainer/nil_labels (0.00s)
    --- PASS: TestIsArcaneContainer/empty_labels (0.00s)
    --- PASS: TestIsArcaneContainer/arcane_label_true (0.00s)
    --- PASS: TestIsArcaneContainer/arcane_label_1 (0.00s)
    --- PASS: TestIsArcaneContainer/arcane_label_yes (0.00s)
    --- PASS: TestIsArcaneContainer/arcane_label_on (0.00s)
    --- PASS: TestIsArcaneContainer/arcane_label_false (0.00s)
    --- PASS: TestIsArcaneContainer/arcane_label_TRUE_uppercase (0.00s)
    --- PASS: TestIsArcaneContainer/arcane_label_with_whitespace (0.00s)
    --- PASS: TestIsArcaneContainer/case_insensitive_label_key (0.00s)
=== RUN   TestIsUpdateDisabled
=== RUN   TestIsUpdateDisabled/nil_labels_-_default_enabled
=== RUN   TestIsUpdateDisabled/empty_labels_-_default_enabled
=== RUN   TestIsUpdateDisabled/no_updater_label_-_default_enabled
=== RUN   TestIsUpdateDisabled/updater_label_false
=== RUN   TestIsUpdateDisabled/updater_label_0
=== RUN   TestIsUpdateDisabled/updater_label_no
=== RUN   TestIsUpdateDisabled/updater_label_off
=== RUN   TestIsUpdateDisabled/updater_label_true_-_enabled
=== RUN   TestIsUpdateDisabled/updater_label_FALSE_uppercase
=== RUN   TestIsUpdateDisabled/updater_label_with_whitespace
=== RUN   TestIsUpdateDisabled/case_insensitive_label_key
--- PASS: TestIsUpdateDisabled (0.00s)
    --- PASS: TestIsUpdateDisabled/nil_labels_-_default_enabled (0.00s)
    --- PASS: TestIsUpdateDisabled/empty_labels_-_default_enabled (0.00s)
    --- PASS: TestIsUpdateDisabled/no_updater_label_-_default_enabled (0.00s)
    --- PASS: TestIsUpdateDisabled/updater_label_false (0.00s)
    --- PASS: TestIsUpdateDisabled/updater_label_0 (0.00s)
    --- PASS: TestIsUpdateDisabled/updater_label_no (0.00s)
    --- PASS: TestIsUpdateDisabled/updater_label_off (0.00s)
    --- PASS: TestIsUpdateDisabled/updater_label_true_-_enabled (0.00s)
    --- PASS: TestIsUpdateDisabled/updater_label_FALSE_uppercase (0.00s)
    --- PASS: TestIsUpdateDisabled/updater_label_with_whitespace (0.00s)
    --- PASS: TestIsUpdateDisabled/case_insensitive_label_key (0.00s)
=== RUN   TestGetStopSignal
=== RUN   TestGetStopSignal/nil_labels
=== RUN   TestGetStopSignal/empty_labels
=== RUN   TestGetStopSignal/no_stop_signal_label
=== RUN   TestGetStopSignal/SIGTERM
=== RUN   TestGetStopSignal/SIGINT
=== RUN   TestGetStopSignal/SIGKILL
=== RUN   TestGetStopSignal/lowercase_signal
=== RUN   TestGetStopSignal/signal_with_whitespace
=== RUN   TestGetStopSignal/case_insensitive_label_key
--- PASS: TestGetStopSignal (0.00s)
    --- PASS: TestGetStopSignal/nil_labels (0.00s)
    --- PASS: TestGetStopSignal/empty_labels (0.00s)
    --- PASS: TestGetStopSignal/no_stop_signal_label (0.00s)
    --- PASS: TestGetStopSignal/SIGTERM (0.00s)
    --- PASS: TestGetStopSignal/SIGINT (0.00s)
    --- PASS: TestGetStopSignal/SIGKILL (0.00s)
    --- PASS: TestGetStopSignal/lowercase_signal (0.00s)
    --- PASS: TestGetStopSignal/signal_with_whitespace (0.00s)
    --- PASS: TestGetStopSignal/case_insensitive_label_key (0.00s)
=== RUN   TestMessageOnlyHandler_Handle
=== RUN   TestMessageOnlyHandler_Handle/info_message_only
=== RUN   TestMessageOnlyHandler_Handle/debug_message
=== RUN   TestMessageOnlyHandler_Handle/error_message
=== RUN   TestMessageOnlyHandler_Handle/message_with_string_attribute
=== RUN   TestMessageOnlyHandler_Handle/message_with_int_attribute
--- PASS: TestMessageOnlyHandler_Handle (0.00s)
    --- PASS: TestMessageOnlyHandler_Handle/info_message_only (0.00s)
    --- PASS: TestMessageOnlyHandler_Handle/debug_message (0.00s)
    --- PASS: TestMessageOnlyHandler_Handle/error_message (0.00s)
    --- PASS: TestMessageOnlyHandler_Handle/message_with_string_attribute (0.00s)
    --- PASS: TestMessageOnlyHandler_Handle/message_with_int_attribute (0.00s)
=== RUN   TestMessageOnlyHandler_Enabled
=== RUN   TestMessageOnlyHandler_Enabled/info_enabled_at_debug_level
=== RUN   TestMessageOnlyHandler_Enabled/debug_disabled_at_info_level
=== RUN   TestMessageOnlyHandler_Enabled/error_enabled_at_info_level
=== RUN   TestMessageOnlyHandler_Enabled/warn_enabled_at_warn_level
--- PASS: TestMessageOnlyHandler_Enabled (0.00s)
    --- PASS: TestMessageOnlyHandler_Enabled/info_enabled_at_debug_level (0.00s)
    --- PASS: TestMessageOnlyHandler_Enabled/debug_disabled_at_info_level (0.00s)
    --- PASS: TestMessageOnlyHandler_Enabled/error_enabled_at_info_level (0.00s)
    --- PASS: TestMessageOnlyHandler_Enabled/warn_enabled_at_warn_level (0.00s)
=== RUN   TestMessageOnlyHandler_WithAttrs
--- PASS: TestMessageOnlyHandler_WithAttrs (0.00s)
=== RUN   TestMessageOnlyHandler_WithGroup
--- PASS: TestMessageOnlyHandler_WithGroup (0.00s)
=== RUN   TestFormatSlogValue
=== RUN   TestFormatSlogValue/string_value
=== RUN   TestFormatSlogValue/int_value
=== RUN   TestFormatSlogValue/bool_value_true
=== RUN   TestFormatSlogValue/bool_value_false
=== RUN   TestFormatSlogValue/float_value
=== RUN   TestFormatSlogValue/uint_value
--- PASS: TestFormatSlogValue (0.00s)
    --- PASS: TestFormatSlogValue/string_value (0.00s)
    --- PASS: TestFormatSlogValue/int_value (0.00s)
    --- PASS: TestFormatSlogValue/bool_value_true (0.00s)
    --- PASS: TestFormatSlogValue/bool_value_false (0.00s)
    --- PASS: TestFormatSlogValue/float_value (0.00s)
    --- PASS: TestFormatSlogValue/uint_value (0.00s)
=== RUN   TestFormatSlogValue_Time
--- PASS: TestFormatSlogValue_Time (0.00s)
=== RUN   TestFormatSlogValue_Duration
--- PASS: TestFormatSlogValue_Duration (0.00s)
=== RUN   TestTeeHandler_Enabled
=== RUN   TestTeeHandler_Enabled/debug_-_neither_enabled
=== RUN   TestTeeHandler_Enabled/info_-_first_enabled
=== RUN   TestTeeHandler_Enabled/warn_-_both_enabled
=== RUN   TestTeeHandler_Enabled/error_-_both_enabled
--- PASS: TestTeeHandler_Enabled (0.00s)
    --- PASS: TestTeeHandler_Enabled/debug_-_neither_enabled (0.00s)
    --- PASS: TestTeeHandler_Enabled/info_-_first_enabled (0.00s)
    --- PASS: TestTeeHandler_Enabled/warn_-_both_enabled (0.00s)
    --- PASS: TestTeeHandler_Enabled/error_-_both_enabled (0.00s)
=== RUN   TestTeeHandler_Handle
--- PASS: TestTeeHandler_Handle (0.00s)
=== RUN   TestTeeHandler_WithAttrs
--- PASS: TestTeeHandler_WithAttrs (0.00s)
=== RUN   TestTeeHandler_WithGroup
--- PASS: TestTeeHandler_WithGroup (0.00s)
=== RUN   TestNewMessageOnlyHandler
--- PASS: TestNewMessageOnlyHandler (0.00s)
=== RUN   TestMessageOnlyHandler_MultipleMessages
--- PASS: TestMessageOnlyHandler_MultipleMessages (0.00s)
=== RUN   TestContainerSorter_Sort
=== RUN   TestContainerSorter_Sort/empty_containers
=== RUN   TestContainerSorter_Sort/single_container_no_deps
=== RUN   TestContainerSorter_Sort/two_containers_no_deps
=== RUN   TestContainerSorter_Sort/simple_dependency_-_app_depends_on_db
=== RUN   TestContainerSorter_Sort/link_dependency_-_app_links_to_db
=== RUN   TestContainerSorter_Sort/network_dependency_-_app_uses_db_network
=== RUN   TestContainerSorter_Sort/chain_dependency_-_app_->_db_->_cache
=== RUN   TestContainerSorter_Sort/multiple_dependencies_-_app_depends_on_db_and_cache
=== RUN   TestContainerSorter_Sort/diamond_dependency_-_app_and_worker_depend_on_db,_both_depend_on_cache
=== RUN   TestContainerSorter_Sort/circular_dependency_-_app_->_db_->_app
=== RUN   TestContainerSorter_Sort/circular_dependency_chain_-_app_->_db_->_cache_->_app
=== RUN   TestContainerSorter_Sort/missing_dependency_-_app_depends_on_nonexistent_db
=== RUN   TestContainerSorter_Sort/mixed_dependency_types_-_links,_depends-on,_network
--- PASS: TestContainerSorter_Sort (0.00s)
    --- PASS: TestContainerSorter_Sort/empty_containers (0.00s)
    --- PASS: TestContainerSorter_Sort/single_container_no_deps (0.00s)
    --- PASS: TestContainerSorter_Sort/two_containers_no_deps (0.00s)
    --- PASS: TestContainerSorter_Sort/simple_dependency_-_app_depends_on_db (0.00s)
    --- PASS: TestContainerSorter_Sort/link_dependency_-_app_links_to_db (0.00s)
    --- PASS: TestContainerSorter_Sort/network_dependency_-_app_uses_db_network (0.00s)
    --- PASS: TestContainerSorter_Sort/chain_dependency_-_app_->_db_->_cache (0.00s)
    --- PASS: TestContainerSorter_Sort/multiple_dependencies_-_app_depends_on_db_and_cache (0.00s)
    --- PASS: TestContainerSorter_Sort/diamond_dependency_-_app_and_worker_depend_on_db,_both_depend_on_cache (0.00s)
    --- PASS: TestContainerSorter_Sort/circular_dependency_-_app_->_db_->_app (0.00s)
    --- PASS: TestContainerSorter_Sort/circular_dependency_chain_-_app_->_db_->_cache_->_app (0.00s)
    --- PASS: TestContainerSorter_Sort/missing_dependency_-_app_depends_on_nonexistent_db (0.00s)
    --- PASS: TestContainerSorter_Sort/mixed_dependency_types_-_links,_depends-on,_network (0.00s)
=== RUN   TestContainerSorter_SortReverse
=== RUN   TestContainerSorter_SortReverse/empty_containers
=== RUN   TestContainerSorter_SortReverse/simple_dependency_-_reverse_should_be_app_then_db
=== RUN   TestContainerSorter_SortReverse/chain_dependency_-_reverse_should_be_app_->_db_->_cache
=== RUN   TestContainerSorter_SortReverse/circular_dependency
--- PASS: TestContainerSorter_SortReverse (0.00s)
    --- PASS: TestContainerSorter_SortReverse/empty_containers (0.00s)
    --- PASS: TestContainerSorter_SortReverse/simple_dependency_-_reverse_should_be_app_then_db (0.00s)
    --- PASS: TestContainerSorter_SortReverse/chain_dependency_-_reverse_should_be_app_->_db_->_cache (0.00s)
    --- PASS: TestContainerSorter_SortReverse/circular_dependency (0.00s)
=== RUN   TestUpdateImplicitRestart
=== RUN   TestUpdateImplicitRestart/no_containers
=== RUN   TestUpdateImplicitRestart/no_dependencies,_no_restarts
=== RUN   TestUpdateImplicitRestart/db_marked_for_restart,_app_depends_on_db
=== RUN   TestUpdateImplicitRestart/chain_reaction_-_cache_restart_triggers_db_(not_app_in_single_pass)
=== RUN   TestUpdateImplicitRestart/app_already_marked,_should_not_be_in_implicit_list
=== RUN   TestUpdateImplicitRestart/link_dependency_triggers_restart
=== RUN   TestUpdateImplicitRestart/network_dependency_triggers_restart
=== RUN   TestUpdateImplicitRestart/multiple_dependencies_-_one_triggers_restart
--- PASS: TestUpdateImplicitRestart (0.00s)
    --- PASS: TestUpdateImplicitRestart/no_containers (0.00s)
    --- PASS: TestUpdateImplicitRestart/no_dependencies,_no_restarts (0.00s)
    --- PASS: TestUpdateImplicitRestart/db_marked_for_restart,_app_depends_on_db (0.00s)
    --- PASS: TestUpdateImplicitRestart/chain_reaction_-_cache_restart_triggers_db_(not_app_in_single_pass) (0.00s)
    --- PASS: TestUpdateImplicitRestart/app_already_marked,_should_not_be_in_implicit_list (0.00s)
    --- PASS: TestUpdateImplicitRestart/link_dependency_triggers_restart (0.00s)
    --- PASS: TestUpdateImplicitRestart/network_dependency_triggers_restart (0.00s)
    --- PASS: TestUpdateImplicitRestart/multiple_dependencies_-_one_triggers_restart (0.00s)
=== RUN   TestExtractContainerName
=== RUN   TestExtractContainerName/single_name_with_slash
=== RUN   TestExtractContainerName/single_name_without_slash
=== RUN   TestExtractContainerName/multiple_names_-_uses_first
=== RUN   TestExtractContainerName/no_names_-_falls_back_to_short_ID
--- PASS: TestExtractContainerName (0.00s)
    --- PASS: TestExtractContainerName/single_name_with_slash (0.00s)
    --- PASS: TestExtractContainerName/single_name_without_slash (0.00s)
    --- PASS: TestExtractContainerName/multiple_names_-_uses_first (0.00s)
    --- PASS: TestExtractContainerName/no_names_-_falls_back_to_short_ID (0.00s)
PASS
ok  	github.com/getarcaneapp/arcane/backend/internal/utils/arcaneupdater	(cached)
?   	github.com/getarcaneapp/arcane/backend/internal/utils/cache	[no test files]
?   	github.com/getarcaneapp/arcane/backend/internal/utils/converter	[no test files]
?   	github.com/getarcaneapp/arcane/backend/internal/utils/cookie	[no test files]
=== RUN   TestParseExplicitKey
=== RUN   TestParseExplicitKey/valid_hex_key_from_openssl_rand_-hex_32
=== RUN   TestParseExplicitKey/valid_hex_key_uppercase
=== RUN   TestParseExplicitKey/valid_hex_key_with_whitespace
=== RUN   TestParseExplicitKey/valid_base64_standard_encoding
=== RUN   TestParseExplicitKey/valid_base64_raw_encoding
=== RUN   TestParseExplicitKey/valid_raw_32_byte_string
=== RUN   TestParseExplicitKey/invalid_hex_key_too_short
=== RUN   TestParseExplicitKey/valid_hex_key_longer_than_32_bytes_uses_first_32
=== RUN   TestParseExplicitKey/invalid_raw_string_too_short
=== RUN   TestParseExplicitKey/valid_raw_string_longer_than_32_uses_first_32
=== RUN   TestParseExplicitKey/invalid_base64_wrong_length
=== RUN   TestParseExplicitKey/empty_string
=== RUN   TestParseExplicitKey/whitespace_only
--- PASS: TestParseExplicitKey (0.00s)
    --- PASS: TestParseExplicitKey/valid_hex_key_from_openssl_rand_-hex_32 (0.00s)
    --- PASS: TestParseExplicitKey/valid_hex_key_uppercase (0.00s)
    --- PASS: TestParseExplicitKey/valid_hex_key_with_whitespace (0.00s)
    --- PASS: TestParseExplicitKey/valid_base64_standard_encoding (0.00s)
    --- PASS: TestParseExplicitKey/valid_base64_raw_encoding (0.00s)
    --- PASS: TestParseExplicitKey/valid_raw_32_byte_string (0.00s)
    --- PASS: TestParseExplicitKey/invalid_hex_key_too_short (0.00s)
    --- PASS: TestParseExplicitKey/valid_hex_key_longer_than_32_bytes_uses_first_32 (0.00s)
    --- PASS: TestParseExplicitKey/invalid_raw_string_too_short (0.00s)
    --- PASS: TestParseExplicitKey/valid_raw_string_longer_than_32_uses_first_32 (0.00s)
    --- PASS: TestParseExplicitKey/invalid_base64_wrong_length (0.00s)
    --- PASS: TestParseExplicitKey/empty_string (0.00s)
    --- PASS: TestParseExplicitKey/whitespace_only (0.00s)
=== RUN   TestInitEncryption
=== RUN   TestInitEncryption/with_explicit_hex_key
=== RUN   TestInitEncryption/with_explicit_base64_key
=== RUN   TestInitEncryption/with_explicit_raw_key
=== RUN   TestInitEncryption/dev_mode_with_no_key
2026/01/19 19:21:24 INFO Encryption initialized (derived development key) env=development key_length_bytes=32
=== RUN   TestInitEncryption/production_mode_without_key_panics
=== RUN   TestInitEncryption/invalid_key_panics
--- PASS: TestInitEncryption (0.00s)
    --- PASS: TestInitEncryption/with_explicit_hex_key (0.00s)
    --- PASS: TestInitEncryption/with_explicit_base64_key (0.00s)
    --- PASS: TestInitEncryption/with_explicit_raw_key (0.00s)
    --- PASS: TestInitEncryption/dev_mode_with_no_key (0.00s)
    --- PASS: TestInitEncryption/production_mode_without_key_panics (0.00s)
    --- PASS: TestInitEncryption/invalid_key_panics (0.00s)
=== RUN   TestEncryptDecrypt
2026/01/19 19:21:24 INFO Encryption initialized from explicit ENCRYPTION_KEY env=test key_length_bytes=32
=== RUN   TestEncryptDecrypt/encrypt_and_decrypt_simple_text
=== RUN   TestEncryptDecrypt/encrypt_and_decrypt_empty_string
=== RUN   TestEncryptDecrypt/encrypt_and_decrypt_long_text
=== RUN   TestEncryptDecrypt/encrypt_and_decrypt_unicode_text
=== RUN   TestEncryptDecrypt/encrypt_same_text_twice_produces_different_ciphertexts
=== RUN   TestEncryptDecrypt/decrypt_invalid_base64_fails
=== RUN   TestEncryptDecrypt/decrypt_corrupted_ciphertext_fails
=== RUN   TestEncryptDecrypt/decrypt_with_wrong_key_fails
2026/01/19 19:21:24 INFO Encryption initialized from explicit ENCRYPTION_KEY env=test key_length_bytes=32
--- PASS: TestEncryptDecrypt (0.00s)
    --- PASS: TestEncryptDecrypt/encrypt_and_decrypt_simple_text (0.00s)
    --- PASS: TestEncryptDecrypt/encrypt_and_decrypt_empty_string (0.00s)
    --- PASS: TestEncryptDecrypt/encrypt_and_decrypt_long_text (0.00s)
    --- PASS: TestEncryptDecrypt/encrypt_and_decrypt_unicode_text (0.00s)
    --- PASS: TestEncryptDecrypt/encrypt_same_text_twice_produces_different_ciphertexts (0.00s)
    --- PASS: TestEncryptDecrypt/decrypt_invalid_base64_fails (0.00s)
    --- PASS: TestEncryptDecrypt/decrypt_corrupted_ciphertext_fails (0.00s)
    --- PASS: TestEncryptDecrypt/decrypt_with_wrong_key_fails (0.00s)
=== RUN   TestEncryptDecryptWithoutInit
=== RUN   TestEncryptDecryptWithoutInit/encrypt_without_initialization_fails
=== RUN   TestEncryptDecryptWithoutInit/decrypt_without_initialization_fails
--- PASS: TestEncryptDecryptWithoutInit (0.00s)
    --- PASS: TestEncryptDecryptWithoutInit/encrypt_without_initialization_fails (0.00s)
    --- PASS: TestEncryptDecryptWithoutInit/decrypt_without_initialization_fails (0.00s)
=== RUN   TestDeriveDevKey
--- PASS: TestDeriveDevKey (0.00s)
PASS
ok  	github.com/getarcaneapp/arcane/backend/internal/utils/crypto	(cached)
?   	github.com/getarcaneapp/arcane/backend/internal/utils/docker	[no test files]
=== RUN   TestTunnelClient_HandleRequest
2026/01/19 19:23:51 INFO Starting edge tunnel client manager_url=ws://127.0.0.1:52838
2026/01/19 19:23:51 INFO Edge tunnel connected to manager
2026/01/19 19:23:51 WARN Edge tunnel disconnected error="failed to receive message: websocket: close 1006 (abnormal closure): unexpected EOF"
--- PASS: TestTunnelClient_HandleRequest (0.10s)
=== RUN   TestTunnelClient_WebSocketProxy
2026/01/19 19:23:51 INFO Starting edge tunnel client manager_url=ws://127.0.0.1:52841
2026/01/19 19:23:51 INFO Edge tunnel connected to manager
--- PASS: TestTunnelClient_WebSocketProxy (0.10s)
=== RUN   TestTunnelClient_HandleRequest_Errors
2026/01/19 19:23:52 INFO Starting edge tunnel client manager_url=ws://127.0.0.1:52847
2026/01/19 19:23:52 INFO Edge tunnel connected to manager
2026/01/19 19:23:52 WARN Unknown message type type=unknown_type
2026/01/19 19:23:52 WARN Edge tunnel disconnected error="failed to receive message: websocket: close 1006 (abnormal closure): unexpected EOF"
--- PASS: TestTunnelClient_HandleRequest_Errors (0.10s)
=== RUN   TestTunnelClient_InternalHelpers
--- PASS: TestTunnelClient_InternalHelpers (0.00s)
=== RUN   TestStartTunnelClient
2026/01/19 19:23:52 WARN StartTunnelClient called but EDGE_AGENT is disabled
2026/01/19 19:23:52 ERROR Cannot start edge tunnel: MANAGER_API_URL is required
2026/01/19 19:23:52 ERROR Cannot start edge tunnel: AGENT_TOKEN is required
--- PASS: TestStartTunnelClient (0.00s)
=== RUN   TestEdgeAwareClient_DoForEnvironment_EdgeWithTunnel
2026/01/19 19:23:52 INFO Edge agent tunnel registered environment_id=env-edge-1
2026/01/19 19:23:52 INFO Edge agent tunnel unregistered environment_id=env-edge-1
--- PASS: TestEdgeAwareClient_DoForEnvironment_EdgeWithTunnel (0.00s)
=== RUN   TestEdgeAwareClient_DoForEnvironment_EdgeNoTunnel
--- PASS: TestEdgeAwareClient_DoForEnvironment_EdgeNoTunnel (0.00s)
=== RUN   TestEdgeAwareClient_DoForEnvironment_NonEdge
--- PASS: TestEdgeAwareClient_DoForEnvironment_NonEdge (0.00s)
=== RUN   TestDoEdgeAwareRequest_Helper
--- PASS: TestDoEdgeAwareRequest_Helper (0.00s)
=== RUN   TestProxyRequest
--- PASS: TestProxyRequest (0.00s)
=== RUN   TestProxyHTTPRequest
--- PASS: TestProxyHTTPRequest (0.00s)
=== RUN   TestDoRequest
2026/01/19 19:23:52 INFO Edge agent tunnel registered environment_id=env-do-req
2026/01/19 19:23:52 INFO Edge agent tunnel unregistered environment_id=env-do-req
--- PASS: TestDoRequest (0.00s)
=== RUN   TestDoRequest_NoTunnel
--- PASS: TestDoRequest_NoTunnel (0.00s)
=== RUN   TestHasActiveTunnel
2026/01/19 19:23:52 INFO Edge agent tunnel registered environment_id=env-active
2026/01/19 19:23:52 INFO Edge agent tunnel unregistered environment_id=env-active
--- PASS: TestHasActiveTunnel (0.00s)
=== RUN   TestIsHopByHopHeader
--- PASS: TestIsHopByHopHeader (0.00s)
=== RUN   TestTunnelRegistry
2026/01/19 19:23:52 INFO Edge agent tunnel registered environment_id=env-1
2026/01/19 19:23:52 INFO Edge agent tunnel unregistered environment_id=env-1
--- PASS: TestTunnelRegistry (0.00s)
=== RUN   TestTunnelRegistry_RegisterReplace
2026/01/19 19:23:52 INFO Edge agent tunnel registered environment_id=env-1
2026/01/19 19:23:52 INFO Replacing existing edge tunnel environment_id=env-1
2026/01/19 19:23:52 INFO Edge agent tunnel registered environment_id=env-1
--- PASS: TestTunnelRegistry_RegisterReplace (0.00s)
=== RUN   TestTunnelRegistry_CleanupStale
2026/01/19 19:23:52 INFO Edge agent tunnel registered environment_id=env-1
2026/01/19 19:23:52 WARN Removing stale edge tunnel environment_id=env-1 last_heartbeat=2026-01-19T19:13:52.206-06:00
--- PASS: TestTunnelRegistry_CleanupStale (0.00s)
=== RUN   TestGetRegistry
--- PASS: TestGetRegistry (0.00s)
=== RUN   TestAgentTunnel_Heartbeat
--- PASS: TestAgentTunnel_Heartbeat (0.01s)
=== RUN   TestTunnelServer_HandleConnect
2026/01/19 19:23:52 INFO Edge agent connected environment_id=env-connected
2026/01/19 19:23:52 INFO Edge agent tunnel registered environment_id=env-connected
2026/01/19 19:23:52 WARN Unknown message type from agent type=unknown_type environment_id=env-connected
2026/01/19 19:23:52 INFO Edge agent tunnel unregistered environment_id=env-connected
2026/01/19 19:23:52 WARN Error receiving from edge tunnel environment_id=env-connected error="read tcp 127.0.0.1:52875->127.0.0.1:52876: use of closed network connection"
2026/01/19 19:23:52 INFO Edge agent disconnected environment_id=env-connected
--- PASS: TestTunnelServer_HandleConnect (0.11s)
=== RUN   TestTunnelServer_HandleConnect_InvalidToken
2026/01/19 19:23:52 WARN Failed to resolve agent token error=invalid
--- PASS: TestTunnelServer_HandleConnect_InvalidToken (0.00s)
=== RUN   TestTunnelServer_HandleConnect_NoToken
2026/01/19 19:23:52 WARN Edge tunnel connection attempt without token
--- PASS: TestTunnelServer_HandleConnect_NoToken (0.00s)
=== RUN   TestRegisterTunnelRoutes
2026/01/19 19:23:52 INFO Registered edge tunnel endpoint at /api/tunnel/connect
2026/01/19 19:23:52 WARN Edge tunnel connection attempt without token
--- PASS: TestRegisterTunnelRoutes (0.00s)
=== RUN   TestTunnelServer_CleanupLoop
--- PASS: TestTunnelServer_CleanupLoop (0.02s)
=== RUN   TestTunnelMessage_MarshalJSON
--- PASS: TestTunnelMessage_MarshalJSON (0.00s)
=== RUN   TestTunnelConn
--- PASS: TestTunnelConn (0.00s)
=== RUN   TestTunnelConn_SendRequest
--- PASS: TestTunnelConn_SendRequest (0.00s)
=== RUN   TestProxyWebSocketRequest
--- PASS: TestProxyWebSocketRequest (0.05s)
=== RUN   TestProxyWebSocketRequest_ClientClose
--- PASS: TestProxyWebSocketRequest_ClientClose (0.10s)
=== RUN   TestIsForwardableWSMessage
--- PASS: TestIsForwardableWSMessage (0.00s)
=== RUN   TestSendWebSocketData
--- PASS: TestSendWebSocketData (0.00s)
=== RUN   TestSendWebSocketClose
--- PASS: TestSendWebSocketClose (0.00s)
PASS
ok  	github.com/getarcaneapp/arcane/backend/internal/utils/edge	(cached)
=== RUN   TestWriteFilesPermissions
=== RUN   TestWriteFilesPermissions/WriteComposeFile_uses_custom_permissions
=== RUN   TestWriteFilesPermissions/WriteEnvFile_uses_custom_permissions
--- PASS: TestWriteFilesPermissions (0.00s)
    --- PASS: TestWriteFilesPermissions/WriteComposeFile_uses_custom_permissions (0.00s)
    --- PASS: TestWriteFilesPermissions/WriteEnvFile_uses_custom_permissions (0.00s)
=== RUN   TestWriteProjectFiles
=== RUN   TestWriteProjectFiles/creates_new_project_with_empty_env_when_envContent_is_nil
=== RUN   TestWriteProjectFiles/preserves_existing_env_when_envContent_is_nil
=== RUN   TestWriteProjectFiles/overwrites_env_when_envContent_is_provided
--- PASS: TestWriteProjectFiles (0.00s)
    --- PASS: TestWriteProjectFiles/creates_new_project_with_empty_env_when_envContent_is_nil (0.00s)
    --- PASS: TestWriteProjectFiles/preserves_existing_env_when_envContent_is_nil (0.00s)
    --- PASS: TestWriteProjectFiles/overwrites_env_when_envContent_is_provided (0.00s)
PASS
ok  	github.com/getarcaneapp/arcane/backend/internal/utils/fs	(cached)
=== RUN   TestGetKnownHostsPath
=== RUN   TestGetKnownHostsPath/returns_SSH_KNOWN_HOSTS_env_var_when_set
=== RUN   TestGetKnownHostsPath/returns_default_path_when_env_var_not_set
--- PASS: TestGetKnownHostsPath (0.00s)
    --- PASS: TestGetKnownHostsPath/returns_SSH_KNOWN_HOSTS_env_var_when_set (0.00s)
    --- PASS: TestGetKnownHostsPath/returns_default_path_when_env_var_not_set (0.00s)
=== RUN   TestGetSSHHostKeyCallback
=== RUN   TestGetSSHHostKeyCallback/skip_mode_returns_InsecureIgnoreHostKey
=== RUN   TestGetSSHHostKeyCallback/empty_mode_defaults_to_accept_new
=== RUN   TestGetSSHHostKeyCallback/accept_new_mode_creates_callback
--- PASS: TestGetSSHHostKeyCallback (0.00s)
    --- PASS: TestGetSSHHostKeyCallback/skip_mode_returns_InsecureIgnoreHostKey (0.00s)
    --- PASS: TestGetSSHHostKeyCallback/empty_mode_defaults_to_accept_new (0.00s)
    --- PASS: TestGetSSHHostKeyCallback/accept_new_mode_creates_callback (0.00s)
=== RUN   TestAddHostKey
=== RUN   TestAddHostKey/adds_host_key_to_file
=== RUN   TestAddHostKey/concurrent_writes_don't_corrupt_file
--- PASS: TestAddHostKey (0.01s)
    --- PASS: TestAddHostKey/adds_host_key_to_file (0.00s)
    --- PASS: TestAddHostKey/concurrent_writes_don't_corrupt_file (0.00s)
=== RUN   TestCreateAcceptNewHostKeyCallback
=== RUN   TestCreateAcceptNewHostKeyCallback/creates_known_hosts_directory_and_file
=== RUN   TestCreateAcceptNewHostKeyCallback/callback_adds_new_host_keys
=== RUN   TestCreateAcceptNewHostKeyCallback/callback_accepts_known_host
=== RUN   TestCreateAcceptNewHostKeyCallback/callback_detects_host_key_mismatch
--- PASS: TestCreateAcceptNewHostKeyCallback (0.01s)
    --- PASS: TestCreateAcceptNewHostKeyCallback/creates_known_hosts_directory_and_file (0.00s)
    --- PASS: TestCreateAcceptNewHostKeyCallback/callback_adds_new_host_keys (0.00s)
    --- PASS: TestCreateAcceptNewHostKeyCallback/callback_accepts_known_host (0.00s)
    --- PASS: TestCreateAcceptNewHostKeyCallback/callback_detects_host_key_mismatch (0.00s)
=== RUN   TestValidatePath
=== RUN   TestValidatePath/allows_valid_paths
=== RUN   TestValidatePath/rejects_path_traversal
=== RUN   TestValidatePath/rejects_absolute_path_escape
--- PASS: TestValidatePath (0.00s)
    --- PASS: TestValidatePath/allows_valid_paths (0.00s)
    --- PASS: TestValidatePath/rejects_path_traversal (0.00s)
    --- PASS: TestValidatePath/rejects_absolute_path_escape (0.00s)
=== RUN   TestNewClient
=== RUN   TestNewClient/creates_client_with_work_dir
=== RUN   TestNewClient/creates_client_with_empty_work_dir
--- PASS: TestNewClient (0.00s)
    --- PASS: TestNewClient/creates_client_with_work_dir (0.00s)
    --- PASS: TestNewClient/creates_client_with_empty_work_dir (0.00s)
PASS
ok  	github.com/getarcaneapp/arcane/backend/internal/utils/git	(cached)
?   	github.com/getarcaneapp/arcane/backend/internal/utils/http	[no test files]
?   	github.com/getarcaneapp/arcane/backend/internal/utils/image	[no test files]
?   	github.com/getarcaneapp/arcane/backend/internal/utils/mapper	[no test files]
# github.com/getarcaneapp/arcane/backend/internal/utils/projects.test
ld: warning: '/private/var/folders/2d/pprtylkx1ps58h40kbdd24740000gn/T/go-link-1149979462/000013.o' has malformed LC_DYSYMTAB, expected 98 undefined symbols to start at index 1626, found 95 undefined symbols starting at index 1626
=== RUN   TestBuildDiscordURL
=== RUN   TestBuildDiscordURL/basic_webhook_configuration
=== RUN   TestBuildDiscordURL/webhook_with_custom_username
=== RUN   TestBuildDiscordURL/webhook_with_avatar_URL
=== RUN   TestBuildDiscordURL/webhook_with_username_and_avatar
--- PASS: TestBuildDiscordURL (0.00s)
    --- PASS: TestBuildDiscordURL/basic_webhook_configuration (0.00s)
    --- PASS: TestBuildDiscordURL/webhook_with_custom_username (0.00s)
    --- PASS: TestBuildDiscordURL/webhook_with_avatar_URL (0.00s)
    --- PASS: TestBuildDiscordURL/webhook_with_username_and_avatar (0.00s)
=== RUN   TestBuildDiscordURL_WebhookIdTokenSplit
=== RUN   TestBuildDiscordURL_WebhookIdTokenSplit/valid_webhook_ID_and_token
=== RUN   TestBuildDiscordURL_WebhookIdTokenSplit/numeric_webhook_ID
=== RUN   TestBuildDiscordURL_WebhookIdTokenSplit/long_alphanumeric_token
--- PASS: TestBuildDiscordURL_WebhookIdTokenSplit (0.00s)
    --- PASS: TestBuildDiscordURL_WebhookIdTokenSplit/valid_webhook_ID_and_token (0.00s)
    --- PASS: TestBuildDiscordURL_WebhookIdTokenSplit/numeric_webhook_ID (0.00s)
    --- PASS: TestBuildDiscordURL_WebhookIdTokenSplit/long_alphanumeric_token (0.00s)
=== RUN   TestBuildDiscordURL_OptionalFields
=== RUN   TestBuildDiscordURL_OptionalFields/no_optional_fields
=== RUN   TestBuildDiscordURL_OptionalFields/only_username
=== RUN   TestBuildDiscordURL_OptionalFields/only_avatar
=== RUN   TestBuildDiscordURL_OptionalFields/both_username_and_avatar
--- PASS: TestBuildDiscordURL_OptionalFields (0.00s)
    --- PASS: TestBuildDiscordURL_OptionalFields/no_optional_fields (0.00s)
    --- PASS: TestBuildDiscordURL_OptionalFields/only_username (0.00s)
    --- PASS: TestBuildDiscordURL_OptionalFields/only_avatar (0.00s)
    --- PASS: TestBuildDiscordURL_OptionalFields/both_username_and_avatar (0.00s)
=== RUN   TestBuildDiscordURL_URLEncoding
--- PASS: TestBuildDiscordURL_URLEncoding (0.00s)
=== RUN   TestSendDiscord_Validation
=== RUN   TestSendDiscord_Validation/missing_webhook_ID
=== RUN   TestSendDiscord_Validation/missing_token
=== RUN   TestSendDiscord_Validation/empty_webhook_ID
=== RUN   TestSendDiscord_Validation/empty_token
--- PASS: TestSendDiscord_Validation (0.00s)
    --- PASS: TestSendDiscord_Validation/missing_webhook_ID (0.00s)
    --- PASS: TestSendDiscord_Validation/missing_token (0.00s)
    --- PASS: TestSendDiscord_Validation/empty_webhook_ID (0.00s)
    --- PASS: TestSendDiscord_Validation/empty_token (0.00s)
=== RUN   TestSendDiscord_ValidConfiguration
--- PASS: TestSendDiscord_ValidConfiguration (0.00s)
=== RUN   TestBuildSMTPURL
=== RUN   TestBuildSMTPURL/Basic_SMTP_no_auth,_no_TLS
=== RUN   TestBuildSMTPURL/SMTP_with_auth_and_starttls
=== RUN   TestBuildSMTPURL/SMTP_with_SSL/TLS_and_special_characters_in_credentials
--- PASS: TestBuildSMTPURL (0.00s)
    --- PASS: TestBuildSMTPURL/Basic_SMTP_no_auth,_no_TLS (0.00s)
    --- PASS: TestBuildSMTPURL/SMTP_with_auth_and_starttls (0.00s)
    --- PASS: TestBuildSMTPURL/SMTP_with_SSL/TLS_and_special_characters_in_credentials (0.00s)
=== RUN   TestBuildGenericURL
=== RUN   TestBuildGenericURL/basic_HTTPS_webhook
=== RUN   TestBuildGenericURL/basic_HTTP_webhook
=== RUN   TestBuildGenericURL/webhook_without_scheme_defaults_to_HTTPS
=== RUN   TestBuildGenericURL/webhook_without_scheme_with_port
=== RUN   TestBuildGenericURL/webhook_without_scheme_with_DisableTLS
=== RUN   TestBuildGenericURL/webhook_with_port
=== RUN   TestBuildGenericURL/webhook_with_custom_content_type
=== RUN   TestBuildGenericURL/webhook_with_POST_method
=== RUN   TestBuildGenericURL/webhook_with_custom_title_and_message_keys
=== RUN   TestBuildGenericURL/webhook_with_DisableTLS_ignored_for_HTTPS
=== RUN   TestBuildGenericURL/webhook_with_single_custom_header
=== RUN   TestBuildGenericURL/webhook_with_multiple_custom_headers
=== RUN   TestBuildGenericURL/webhook_with_all_options
=== RUN   TestBuildGenericURL/empty_webhook_URL
=== RUN   TestBuildGenericURL/invalid_webhook_URL
--- PASS: TestBuildGenericURL (0.00s)
    --- PASS: TestBuildGenericURL/basic_HTTPS_webhook (0.00s)
    --- PASS: TestBuildGenericURL/basic_HTTP_webhook (0.00s)
    --- PASS: TestBuildGenericURL/webhook_without_scheme_defaults_to_HTTPS (0.00s)
    --- PASS: TestBuildGenericURL/webhook_without_scheme_with_port (0.00s)
    --- PASS: TestBuildGenericURL/webhook_without_scheme_with_DisableTLS (0.00s)
    --- PASS: TestBuildGenericURL/webhook_with_port (0.00s)
    --- PASS: TestBuildGenericURL/webhook_with_custom_content_type (0.00s)
    --- PASS: TestBuildGenericURL/webhook_with_POST_method (0.00s)
    --- PASS: TestBuildGenericURL/webhook_with_custom_title_and_message_keys (0.00s)
    --- PASS: TestBuildGenericURL/webhook_with_DisableTLS_ignored_for_HTTPS (0.00s)
    --- PASS: TestBuildGenericURL/webhook_with_single_custom_header (0.00s)
    --- PASS: TestBuildGenericURL/webhook_with_multiple_custom_headers (0.00s)
    --- PASS: TestBuildGenericURL/webhook_with_all_options (0.00s)
    --- PASS: TestBuildGenericURL/empty_webhook_URL (0.00s)
    --- PASS: TestBuildGenericURL/invalid_webhook_URL (0.00s)
=== RUN   TestBuildGenericURL_HTTPSchemeHandling
=== RUN   TestBuildGenericURL_HTTPSchemeHandling/HTTPS_URL
=== RUN   TestBuildGenericURL_HTTPSchemeHandling/HTTP_URL
=== RUN   TestBuildGenericURL_HTTPSchemeHandling/URL_with_custom_port
--- PASS: TestBuildGenericURL_HTTPSchemeHandling (0.00s)
    --- PASS: TestBuildGenericURL_HTTPSchemeHandling/HTTPS_URL (0.00s)
    --- PASS: TestBuildGenericURL_HTTPSchemeHandling/HTTP_URL (0.00s)
    --- PASS: TestBuildGenericURL_HTTPSchemeHandling/URL_with_custom_port (0.00s)
=== RUN   TestBuildGenericURL_CustomHeadersEncoding
--- PASS: TestBuildGenericURL_CustomHeadersEncoding (0.00s)
=== RUN   TestBuildGenericURL_DisableTLSFlag
=== RUN   TestBuildGenericURL_DisableTLSFlag/TLS_enabled_(default)
=== RUN   TestBuildGenericURL_DisableTLSFlag/TLS_disabled
--- PASS: TestBuildGenericURL_DisableTLSFlag (0.00s)
    --- PASS: TestBuildGenericURL_DisableTLSFlag/TLS_enabled_(default) (0.00s)
    --- PASS: TestBuildGenericURL_DisableTLSFlag/TLS_disabled (0.00s)
=== RUN   TestBuildGenericURL_CustomKeys
=== RUN   TestBuildGenericURL_CustomKeys/default_keys_(empty)
=== RUN   TestBuildGenericURL_CustomKeys/custom_title_key_only
=== RUN   TestBuildGenericURL_CustomKeys/custom_message_key_only
=== RUN   TestBuildGenericURL_CustomKeys/both_custom_keys
--- PASS: TestBuildGenericURL_CustomKeys (0.00s)
    --- PASS: TestBuildGenericURL_CustomKeys/default_keys_(empty) (0.00s)
    --- PASS: TestBuildGenericURL_CustomKeys/custom_title_key_only (0.00s)
    --- PASS: TestBuildGenericURL_CustomKeys/custom_message_key_only (0.00s)
    --- PASS: TestBuildGenericURL_CustomKeys/both_custom_keys (0.00s)
=== RUN   TestBuildNtfyURL
=== RUN   TestBuildNtfyURL/basic_config_with_default_host
=== RUN   TestBuildNtfyURL/config_with_custom_host
=== RUN   TestBuildNtfyURL/config_with_port
=== RUN   TestBuildNtfyURL/config_with_auth
=== RUN   TestBuildNtfyURL/config_with_priority_and_tags
=== RUN   TestBuildNtfyURL/missing_topic
=== RUN   TestBuildNtfyURL/config_with_all_options
--- PASS: TestBuildNtfyURL (0.00s)
    --- PASS: TestBuildNtfyURL/basic_config_with_default_host (0.00s)
    --- PASS: TestBuildNtfyURL/config_with_custom_host (0.00s)
    --- PASS: TestBuildNtfyURL/config_with_port (0.00s)
    --- PASS: TestBuildNtfyURL/config_with_auth (0.00s)
    --- PASS: TestBuildNtfyURL/config_with_priority_and_tags (0.00s)
    --- PASS: TestBuildNtfyURL/missing_topic (0.00s)
    --- PASS: TestBuildNtfyURL/config_with_all_options (0.00s)
=== RUN   TestBuildPushoverURL
=== RUN   TestBuildPushoverURL/basic_config
=== RUN   TestBuildPushoverURL/config_with_devices_priority_and_title
=== RUN   TestBuildPushoverURL/missing_token
=== RUN   TestBuildPushoverURL/missing_user
=== RUN   TestBuildPushoverURL/invalid_priority
--- PASS: TestBuildPushoverURL (0.00s)
    --- PASS: TestBuildPushoverURL/basic_config (0.00s)
    --- PASS: TestBuildPushoverURL/config_with_devices_priority_and_title (0.00s)
    --- PASS: TestBuildPushoverURL/missing_token (0.00s)
    --- PASS: TestBuildPushoverURL/missing_user (0.00s)
    --- PASS: TestBuildPushoverURL/invalid_priority (0.00s)
=== RUN   TestBuildSignalURL
=== RUN   TestBuildSignalURL/basic_auth_configuration
=== RUN   TestBuildSignalURL/token_auth_configuration
=== RUN   TestBuildSignalURL/multiple_recipients
=== RUN   TestBuildSignalURL/with_DisableTLS
=== RUN   TestBuildSignalURL/custom_port
--- PASS: TestBuildSignalURL (0.00s)
    --- PASS: TestBuildSignalURL/basic_auth_configuration (0.00s)
    --- PASS: TestBuildSignalURL/token_auth_configuration (0.00s)
    --- PASS: TestBuildSignalURL/multiple_recipients (0.00s)
    --- PASS: TestBuildSignalURL/with_DisableTLS (0.00s)
    --- PASS: TestBuildSignalURL/custom_port (0.00s)
=== RUN   TestBuildSignalURL_AuthenticationMethods
=== RUN   TestBuildSignalURL_AuthenticationMethods/basic_auth_only
=== RUN   TestBuildSignalURL_AuthenticationMethods/token_auth_only
=== RUN   TestBuildSignalURL_AuthenticationMethods/both_basic_and_token_auth_provided
--- PASS: TestBuildSignalURL_AuthenticationMethods (0.00s)
    --- PASS: TestBuildSignalURL_AuthenticationMethods/basic_auth_only (0.00s)
    --- PASS: TestBuildSignalURL_AuthenticationMethods/token_auth_only (0.00s)
    --- PASS: TestBuildSignalURL_AuthenticationMethods/both_basic_and_token_auth_provided (0.00s)
=== RUN   TestBuildSignalURL_PhoneNumberEncoding
--- PASS: TestBuildSignalURL_PhoneNumberEncoding (0.00s)
=== RUN   TestSendSignal_Validation
=== RUN   TestSendSignal_Validation/missing_host
=== RUN   TestSendSignal_Validation/missing_port
=== RUN   TestSendSignal_Validation/missing_source
=== RUN   TestSendSignal_Validation/missing_recipients
=== RUN   TestSendSignal_Validation/missing_authentication_-_no_user/password/token
=== RUN   TestSendSignal_Validation/incomplete_basic_auth_-_user_only
=== RUN   TestSendSignal_Validation/incomplete_basic_auth_-_password_only
=== RUN   TestSendSignal_Validation/both_auth_methods_provided
--- PASS: TestSendSignal_Validation (0.00s)
    --- PASS: TestSendSignal_Validation/missing_host (0.00s)
    --- PASS: TestSendSignal_Validation/missing_port (0.00s)
    --- PASS: TestSendSignal_Validation/missing_source (0.00s)
    --- PASS: TestSendSignal_Validation/missing_recipients (0.00s)
    --- PASS: TestSendSignal_Validation/missing_authentication_-_no_user/password/token (0.00s)
    --- PASS: TestSendSignal_Validation/incomplete_basic_auth_-_user_only (0.00s)
    --- PASS: TestSendSignal_Validation/incomplete_basic_auth_-_password_only (0.00s)
    --- PASS: TestSendSignal_Validation/both_auth_methods_provided (0.00s)
=== RUN   TestSendSignal_ValidConfigurations
=== RUN   TestSendSignal_ValidConfigurations/valid_basic_auth
=== RUN   TestSendSignal_ValidConfigurations/valid_token_auth
--- PASS: TestSendSignal_ValidConfigurations (0.00s)
    --- PASS: TestSendSignal_ValidConfigurations/valid_basic_auth (0.00s)
    --- PASS: TestSendSignal_ValidConfigurations/valid_token_auth (0.00s)
=== RUN   TestBuildSlackURL
=== RUN   TestBuildSlackURL/basic_config_with_bot_token_and_channel
=== RUN   TestBuildSlackURL/config_with_user_token
=== RUN   TestBuildSlackURL/config_with_all_optional_fields
=== RUN   TestBuildSlackURL/empty_token
=== RUN   TestBuildSlackURL/invalid_token_format
=== RUN   TestBuildSlackURL/token_without_prefix
=== RUN   TestBuildSlackURL/short_invalid_token
--- PASS: TestBuildSlackURL (0.00s)
    --- PASS: TestBuildSlackURL/basic_config_with_bot_token_and_channel (0.00s)
    --- PASS: TestBuildSlackURL/config_with_user_token (0.00s)
    --- PASS: TestBuildSlackURL/config_with_all_optional_fields (0.00s)
    --- PASS: TestBuildSlackURL/empty_token (0.00s)
    --- PASS: TestBuildSlackURL/invalid_token_format (0.00s)
    --- PASS: TestBuildSlackURL/token_without_prefix (0.00s)
    --- PASS: TestBuildSlackURL/short_invalid_token (0.00s)
=== RUN   TestBuildSlackURL_TokenParsing
=== RUN   TestBuildSlackURL_TokenParsing/valid_bot_token
=== RUN   TestBuildSlackURL_TokenParsing/valid_user_token
=== RUN   TestBuildSlackURL_TokenParsing/token_with_xoxa_prefix_is_also_accepted
=== RUN   TestBuildSlackURL_TokenParsing/token_without_dashes
=== RUN   TestBuildSlackURL_TokenParsing/short_token
=== RUN   TestBuildSlackURL_TokenParsing/empty_token
--- PASS: TestBuildSlackURL_TokenParsing (0.00s)
    --- PASS: TestBuildSlackURL_TokenParsing/valid_bot_token (0.00s)
    --- PASS: TestBuildSlackURL_TokenParsing/valid_user_token (0.00s)
    --- PASS: TestBuildSlackURL_TokenParsing/token_with_xoxa_prefix_is_also_accepted (0.00s)
    --- PASS: TestBuildSlackURL_TokenParsing/token_without_dashes (0.00s)
    --- PASS: TestBuildSlackURL_TokenParsing/short_token (0.00s)
    --- PASS: TestBuildSlackURL_TokenParsing/empty_token (0.00s)
=== RUN   TestBuildTelegramURL
=== RUN   TestBuildTelegramURL/basic_config_with_single_chat
=== RUN   TestBuildTelegramURL/config_with_multiple_chats
=== RUN   TestBuildTelegramURL/config_with_title
--- PASS: TestBuildTelegramURL (0.00s)
    --- PASS: TestBuildTelegramURL/basic_config_with_single_chat (0.00s)
    --- PASS: TestBuildTelegramURL/config_with_multiple_chats (0.00s)
    --- PASS: TestBuildTelegramURL/config_with_title (0.00s)
PASS
ok  	github.com/getarcaneapp/arcane/backend/internal/utils/notifications	(cached)
?   	github.com/getarcaneapp/arcane/backend/internal/utils/pagination	[no test files]
=== RUN   TestPathMapper_MatchingMount_NoTranslation
--- PASS: TestPathMapper_MatchingMount_NoTranslation (0.00s)
=== RUN   TestPathMapper_WindowsMount_Translation
--- PASS: TestPathMapper_WindowsMount_Translation (0.00s)
=== RUN   TestPathMapper_PathOutsidePrefix_NoTranslation
--- PASS: TestPathMapper_PathOutsidePrefix_NoTranslation (0.00s)
=== RUN   TestPathMapper_PathTraversalPrevention
--- PASS: TestPathMapper_PathTraversalPrevention (0.00s)
=== RUN   TestPathMapper_TranslateVolumeSources
--- PASS: TestPathMapper_TranslateVolumeSources (0.00s)
PASS
ok  	github.com/getarcaneapp/arcane/backend/internal/utils/pathmapper	(cached)
=== RUN   TestLoadEnvironment
=== RUN   TestLoadEnvironment/AutoInjectEnv=false
=== RUN   TestLoadEnvironment/AutoInjectEnv=true
--- PASS: TestLoadEnvironment (0.00s)
    --- PASS: TestLoadEnvironment/AutoInjectEnv=false (0.00s)
    --- PASS: TestLoadEnvironment/AutoInjectEnv=true (0.00s)
=== RUN   TestWriteIncludeFilePermissions
=== RUN   TestWriteIncludeFilePermissions/Uses_custom_permissions
--- PASS: TestWriteIncludeFilePermissions (0.00s)
    --- PASS: TestWriteIncludeFilePermissions/Uses_custom_permissions (0.00s)
=== RUN   TestWriteIncludeFileCreatesSafeDirectory
=== PAUSE TestWriteIncludeFileCreatesSafeDirectory
=== RUN   TestWriteIncludeFileRejectsSymlinkEscape
=== PAUSE TestWriteIncludeFileRejectsSymlinkEscape
=== CONT  TestWriteIncludeFileCreatesSafeDirectory
=== CONT  TestWriteIncludeFileRejectsSymlinkEscape
--- PASS: TestWriteIncludeFileCreatesSafeDirectory (0.00s)
--- PASS: TestWriteIncludeFileRejectsSymlinkEscape (0.00s)
PASS
ok  	github.com/getarcaneapp/arcane/backend/internal/utils/projects	(cached)
# github.com/getarcaneapp/arcane/backend/internal/utils/registry.test
ld: warning: '/private/var/folders/2d/pprtylkx1ps58h40kbdd24740000gn/T/go-link-2579618946/000013.o' has malformed LC_DYSYMTAB, expected 98 undefined symbols to start at index 1626, found 95 undefined symbols starting at index 1626
=== RUN   TestCheckAuthParsesRealmAndService
=== PAUSE TestCheckAuthParsesRealmAndService
=== RUN   TestGetTokenMultiScopes
=== PAUSE TestGetTokenMultiScopes
=== RUN   TestGetLatestDigestLowerCaseHeader
=== PAUSE TestGetLatestDigestLowerCaseHeader
=== CONT  TestCheckAuthParsesRealmAndService
=== CONT  TestGetLatestDigestLowerCaseHeader
=== CONT  TestGetTokenMultiScopes
--- PASS: TestGetLatestDigestLowerCaseHeader (0.00s)
--- PASS: TestCheckAuthParsesRealmAndService (0.00s)
--- PASS: TestGetTokenMultiScopes (0.00s)
PASS
ok  	github.com/getarcaneapp/arcane/backend/internal/utils/registry	(cached)
=== RUN   TestCopyRequestHeaders_SkipsExpectedHeaders
--- PASS: TestCopyRequestHeaders_SkipsExpectedHeaders (0.00s)
=== RUN   TestSetAuthHeader_ForwardsAPIKeyAndAuthorization
--- PASS: TestSetAuthHeader_ForwardsAPIKeyAndAuthorization (0.00s)
=== RUN   TestSetAuthHeader_UsesCookieTokenWhenNoAuthorization
--- PASS: TestSetAuthHeader_UsesCookieTokenWhenNoAuthorization (0.00s)
=== RUN   TestSetAgentToken
--- PASS: TestSetAgentToken (0.00s)
=== RUN   TestSetForwardedHeaders
--- PASS: TestSetForwardedHeaders (0.00s)
=== RUN   TestGetHopByHopHeaders_IncludesStandardHeaders
--- PASS: TestGetHopByHopHeaders_IncludesStandardHeaders (0.00s)
=== RUN   TestBuildHopByHopHeaders_AddsConnectionTokens
--- PASS: TestBuildHopByHopHeaders_AddsConnectionTokens (0.00s)
=== RUN   TestCopyResponseHeaders_SkipsHopByHopAndConnectionNamedHeaders
--- PASS: TestCopyResponseHeaders_SkipsHopByHopAndConnectionNamedHeaders (0.00s)
=== RUN   TestGetSkipHeaders_ContainsExpectedEntries
--- PASS: TestGetSkipHeaders_ContainsExpectedEntries (0.00s)
=== RUN   TestBuildWebSocketHeaders_UsesAuthorizationHeaderAndAddsAgentToken
--- PASS: TestBuildWebSocketHeaders_UsesAuthorizationHeaderAndAddsAgentToken (0.00s)
=== RUN   TestBuildWebSocketHeaders_UsesCookieTokenAsBearer
--- PASS: TestBuildWebSocketHeaders_UsesCookieTokenAsBearer (0.00s)
=== RUN   TestBuildWebSocketHeaders_ForwardsCookieHeaderWhenNoAuthPresent
--- PASS: TestBuildWebSocketHeaders_ForwardsCookieHeaderWhenNoAuthPresent (0.00s)
=== RUN   TestHTTPToWebSocketURL
--- PASS: TestHTTPToWebSocketURL (0.00s)
=== RUN   TestCopyBodyWithFlush_FlushesWhenSupported
--- PASS: TestCopyBodyWithFlush_FlushesWhenSupported (0.00s)
=== RUN   TestCopyBodyWithFlush_DoesNotRequireFlusher
--- PASS: TestCopyBodyWithFlush_DoesNotRequireFlusher (0.00s)
PASS
ok  	github.com/getarcaneapp/arcane/backend/internal/utils/remenv	(cached)
?   	github.com/getarcaneapp/arcane/backend/internal/utils/signals	[no test files]
=== RUN   TestCapitalizeFirstLetter
=== RUN   TestCapitalizeFirstLetter/empty_string
=== RUN   TestCapitalizeFirstLetter/single_lowercase
=== RUN   TestCapitalizeFirstLetter/single_uppercase
=== RUN   TestCapitalizeFirstLetter/word_starting_with_lowercase
=== RUN   TestCapitalizeFirstLetter/word_starting_with_uppercase
=== RUN   TestCapitalizeFirstLetter/sentence
=== RUN   TestCapitalizeFirstLetter/starts_with_number
--- PASS: TestCapitalizeFirstLetter (0.00s)
    --- PASS: TestCapitalizeFirstLetter/empty_string (0.00s)
    --- PASS: TestCapitalizeFirstLetter/single_lowercase (0.00s)
    --- PASS: TestCapitalizeFirstLetter/single_uppercase (0.00s)
    --- PASS: TestCapitalizeFirstLetter/word_starting_with_lowercase (0.00s)
    --- PASS: TestCapitalizeFirstLetter/word_starting_with_uppercase (0.00s)
    --- PASS: TestCapitalizeFirstLetter/sentence (0.00s)
    --- PASS: TestCapitalizeFirstLetter/starts_with_number (0.00s)
=== RUN   TestCamelCaseToSnakeCase
=== RUN   TestCamelCaseToSnakeCase/empty_string
=== RUN   TestCamelCaseToSnakeCase/simple
=== RUN   TestCamelCaseToSnakeCase/multiple_words
=== RUN   TestCamelCaseToSnakeCase/already_snake
=== RUN   TestCamelCaseToSnakeCase/single_word
--- PASS: TestCamelCaseToSnakeCase (0.00s)
    --- PASS: TestCamelCaseToSnakeCase/empty_string (0.00s)
    --- PASS: TestCamelCaseToSnakeCase/simple (0.00s)
    --- PASS: TestCamelCaseToSnakeCase/multiple_words (0.00s)
    --- PASS: TestCamelCaseToSnakeCase/already_snake (0.00s)
    --- PASS: TestCamelCaseToSnakeCase/single_word (0.00s)
=== RUN   TestCamelCaseToScreamingSnakeCase
=== RUN   TestCamelCaseToScreamingSnakeCase/empty_string
=== RUN   TestCamelCaseToScreamingSnakeCase/simple
=== RUN   TestCamelCaseToScreamingSnakeCase/multiple_words
=== RUN   TestCamelCaseToScreamingSnakeCase/with_number
--- PASS: TestCamelCaseToScreamingSnakeCase (0.00s)
    --- PASS: TestCamelCaseToScreamingSnakeCase/empty_string (0.00s)
    --- PASS: TestCamelCaseToScreamingSnakeCase/simple (0.00s)
    --- PASS: TestCamelCaseToScreamingSnakeCase/multiple_words (0.00s)
    --- PASS: TestCamelCaseToScreamingSnakeCase/with_number (0.00s)
=== RUN   TestGenerateRandomString
=== RUN   TestGenerateRandomString/length_check
=== RUN   TestGenerateRandomString/randomness_check
--- PASS: TestGenerateRandomString (0.00s)
    --- PASS: TestGenerateRandomString/length_check (0.00s)
    --- PASS: TestGenerateRandomString/randomness_check (0.00s)
=== RUN   TestTrimQuotes
=== RUN   TestTrimQuotes/empty_string
=== RUN   TestTrimQuotes/no_quotes
=== RUN   TestTrimQuotes/double_quotes
=== RUN   TestTrimQuotes/single_quotes
=== RUN   TestTrimQuotes/only_starting_double_quote
=== RUN   TestTrimQuotes/only_ending_single_quote
=== RUN   TestTrimQuotes/mismatched_quotes
=== RUN   TestTrimQuotes/long_string_with_quotes
--- PASS: TestTrimQuotes (0.00s)
    --- PASS: TestTrimQuotes/empty_string (0.00s)
    --- PASS: TestTrimQuotes/no_quotes (0.00s)
    --- PASS: TestTrimQuotes/double_quotes (0.00s)
    --- PASS: TestTrimQuotes/single_quotes (0.00s)
    --- PASS: TestTrimQuotes/only_starting_double_quote (0.00s)
    --- PASS: TestTrimQuotes/only_ending_single_quote (0.00s)
    --- PASS: TestTrimQuotes/mismatched_quotes (0.00s)
    --- PASS: TestTrimQuotes/long_string_with_quotes (0.00s)
PASS
ok  	github.com/getarcaneapp/arcane/backend/internal/utils/stringutils	(cached)
?   	github.com/getarcaneapp/arcane/backend/internal/utils/template	[no test files]
?   	github.com/getarcaneapp/arcane/backend/internal/utils/timeouts	[no test files]
?   	github.com/getarcaneapp/arcane/backend/internal/utils/ws	[no test files]
?   	github.com/getarcaneapp/arcane/backend/resources	[no test files]
